Archive member included to satisfy reference by file (symbol)

c:/ac6/systemworkbench/plugins/fr.ac6.mcu.externaltools.arm-none.win32_1.16.0.201807130628/tools/compiler/bin/../lib/gcc/arm-none-eabi/7.2.1/../../../../arm-none-eabi/lib/thumb/v7-m\libm.a(lib_a-s_floor.o)
                              Inc/GPS/gps.o (floor)
c:/ac6/systemworkbench/plugins/fr.ac6.mcu.externaltools.arm-none.win32_1.16.0.201807130628/tools/compiler/bin/../lib/gcc/arm-none-eabi/7.2.1/../../../../arm-none-eabi/lib/thumb/v7-m\libm.a(lib_a-w_atan2.o)
                              Inc/MPU9250_DMP/MPU9250_DMP.o (atan2)
c:/ac6/systemworkbench/plugins/fr.ac6.mcu.externaltools.arm-none.win32_1.16.0.201807130628/tools/compiler/bin/../lib/gcc/arm-none-eabi/7.2.1/../../../../arm-none-eabi/lib/thumb/v7-m\libm.a(lib_a-wf_asin.o)
                              Inc/MPU9250_DMP/MPU9250_DMP.o (asinf)
c:/ac6/systemworkbench/plugins/fr.ac6.mcu.externaltools.arm-none.win32_1.16.0.201807130628/tools/compiler/bin/../lib/gcc/arm-none-eabi/7.2.1/../../../../arm-none-eabi/lib/thumb/v7-m\libm.a(lib_a-wf_atan2.o)
                              Inc/MPU9250_DMP/MPU9250_DMP.o (atan2f)
c:/ac6/systemworkbench/plugins/fr.ac6.mcu.externaltools.arm-none.win32_1.16.0.201807130628/tools/compiler/bin/../lib/gcc/arm-none-eabi/7.2.1/../../../../arm-none-eabi/lib/thumb/v7-m\libm.a(lib_a-wf_sqrt.o)
                              Src/sensors.o (sqrtf)
c:/ac6/systemworkbench/plugins/fr.ac6.mcu.externaltools.arm-none.win32_1.16.0.201807130628/tools/compiler/bin/../lib/gcc/arm-none-eabi/7.2.1/../../../../arm-none-eabi/lib/thumb/v7-m\libm.a(lib_a-e_atan2.o)
                              c:/ac6/systemworkbench/plugins/fr.ac6.mcu.externaltools.arm-none.win32_1.16.0.201807130628/tools/compiler/bin/../lib/gcc/arm-none-eabi/7.2.1/../../../../arm-none-eabi/lib/thumb/v7-m\libm.a(lib_a-w_atan2.o) (__ieee754_atan2)
c:/ac6/systemworkbench/plugins/fr.ac6.mcu.externaltools.arm-none.win32_1.16.0.201807130628/tools/compiler/bin/../lib/gcc/arm-none-eabi/7.2.1/../../../../arm-none-eabi/lib/thumb/v7-m\libm.a(lib_a-ef_asin.o)
                              c:/ac6/systemworkbench/plugins/fr.ac6.mcu.externaltools.arm-none.win32_1.16.0.201807130628/tools/compiler/bin/../lib/gcc/arm-none-eabi/7.2.1/../../../../arm-none-eabi/lib/thumb/v7-m\libm.a(lib_a-wf_asin.o) (__ieee754_asinf)
c:/ac6/systemworkbench/plugins/fr.ac6.mcu.externaltools.arm-none.win32_1.16.0.201807130628/tools/compiler/bin/../lib/gcc/arm-none-eabi/7.2.1/../../../../arm-none-eabi/lib/thumb/v7-m\libm.a(lib_a-ef_atan2.o)
                              c:/ac6/systemworkbench/plugins/fr.ac6.mcu.externaltools.arm-none.win32_1.16.0.201807130628/tools/compiler/bin/../lib/gcc/arm-none-eabi/7.2.1/../../../../arm-none-eabi/lib/thumb/v7-m\libm.a(lib_a-wf_atan2.o) (__ieee754_atan2f)
c:/ac6/systemworkbench/plugins/fr.ac6.mcu.externaltools.arm-none.win32_1.16.0.201807130628/tools/compiler/bin/../lib/gcc/arm-none-eabi/7.2.1/../../../../arm-none-eabi/lib/thumb/v7-m\libm.a(lib_a-ef_sqrt.o)
                              c:/ac6/systemworkbench/plugins/fr.ac6.mcu.externaltools.arm-none.win32_1.16.0.201807130628/tools/compiler/bin/../lib/gcc/arm-none-eabi/7.2.1/../../../../arm-none-eabi/lib/thumb/v7-m\libm.a(lib_a-wf_sqrt.o) (__ieee754_sqrtf)
c:/ac6/systemworkbench/plugins/fr.ac6.mcu.externaltools.arm-none.win32_1.16.0.201807130628/tools/compiler/bin/../lib/gcc/arm-none-eabi/7.2.1/../../../../arm-none-eabi/lib/thumb/v7-m\libm.a(lib_a-s_atan.o)
                              c:/ac6/systemworkbench/plugins/fr.ac6.mcu.externaltools.arm-none.win32_1.16.0.201807130628/tools/compiler/bin/../lib/gcc/arm-none-eabi/7.2.1/../../../../arm-none-eabi/lib/thumb/v7-m\libm.a(lib_a-e_atan2.o) (atan)
c:/ac6/systemworkbench/plugins/fr.ac6.mcu.externaltools.arm-none.win32_1.16.0.201807130628/tools/compiler/bin/../lib/gcc/arm-none-eabi/7.2.1/../../../../arm-none-eabi/lib/thumb/v7-m\libm.a(lib_a-s_fabs.o)
                              c:/ac6/systemworkbench/plugins/fr.ac6.mcu.externaltools.arm-none.win32_1.16.0.201807130628/tools/compiler/bin/../lib/gcc/arm-none-eabi/7.2.1/../../../../arm-none-eabi/lib/thumb/v7-m\libm.a(lib_a-e_atan2.o) (fabs)
c:/ac6/systemworkbench/plugins/fr.ac6.mcu.externaltools.arm-none.win32_1.16.0.201807130628/tools/compiler/bin/../lib/gcc/arm-none-eabi/7.2.1/../../../../arm-none-eabi/lib/thumb/v7-m\libm.a(lib_a-s_lib_ver.o)
                              c:/ac6/systemworkbench/plugins/fr.ac6.mcu.externaltools.arm-none.win32_1.16.0.201807130628/tools/compiler/bin/../lib/gcc/arm-none-eabi/7.2.1/../../../../arm-none-eabi/lib/thumb/v7-m\libm.a(lib_a-wf_asin.o) (__fdlib_version)
c:/ac6/systemworkbench/plugins/fr.ac6.mcu.externaltools.arm-none.win32_1.16.0.201807130628/tools/compiler/bin/../lib/gcc/arm-none-eabi/7.2.1/../../../../arm-none-eabi/lib/thumb/v7-m\libm.a(lib_a-s_matherr.o)
[...]
Memory Configuration

Name             Origin             Length             Attributes
RAM              0x20000000         0x00005000         xrw
FLASH            0x08000000         0x00020000         xr
*default*        0x00000000         0xffffffff

Linker script and memory map

LOAD c:/ac6/systemworkbench/plugins/fr.ac6.mcu.externaltools.arm-none.win32_1.16.0.201807130628/tools/compiler/bin/../lib/gcc/arm-none-eabi/7.2.1/thumb/v7-m/crti.o
LOAD c:/ac6/systemworkbench/plugins/fr.ac6.mcu.externaltools.arm-none.win32_1.16.0.201807130628/tools/compiler/bin/../lib/gcc/arm-none-eabi/7.2.1/thumb/v7-m/crtbegin.o
LOAD c:/ac6/systemworkbench/plugins/fr.ac6.mcu.externaltools.arm-none.win32_1.16.0.201807130628/tools/compiler/bin/../lib/gcc/arm-none-eabi/7.2.1/../../../../arm-none-eabi/lib/thumb/v7-m/crt0.o
LOAD Drivers/STM32F1xx_HAL_Driver/Src/stm32f1xx_hal.o
LOAD Drivers/STM32F1xx_HAL_Driver/Src/stm32f1xx_hal_cortex.o
LOAD Drivers/STM32F1xx_HAL_Driver/Src/stm32f1xx_hal_crc.o
LOAD Drivers/STM32F1xx_HAL_Driver/Src/stm32f1xx_hal_dma.o
LOAD Drivers/STM32F1xx_HAL_Driver/Src/stm32f1xx_hal_flash.o
LOAD Drivers/STM32F1xx_HAL_Driver/Src/stm32f1xx_hal_flash_ex.o
LOAD Drivers/STM32F1xx_HAL_Driver/Src/stm32f1xx_hal_gpio.o
LOAD Drivers/STM32F1xx_HAL_Driver/Src/stm32f1xx_hal_gpio_ex.o
LOAD Drivers/STM32F1xx_HAL_Driver/Src/stm32f1xx_hal_i2c.o
LOAD Drivers/STM32F1xx_HAL_Driver/Src/stm32f1xx_hal_iwdg.o
LOAD Drivers/STM32F1xx_HAL_Driver/Src/stm32f1xx_hal_pwr.o
LOAD Drivers/STM32F1xx_HAL_Driver/Src/stm32f1xx_hal_rcc.o
LOAD Drivers/STM32F1xx_HAL_Driver/Src/stm32f1xx_hal_rcc_ex.o
LOAD Drivers/STM32F1xx_HAL_Driver/Src/stm32f1xx_hal_spi.o
LOAD Drivers/STM32F1xx_HAL_Driver/Src/stm32f1xx_hal_spi_ex.o
LOAD Drivers/STM32F1xx_HAL_Driver/Src/stm32f1xx_hal_tim.o
LOAD Drivers/STM32F1xx_HAL_Driver/Src/stm32f1xx_hal_tim_ex.o
LOAD Drivers/STM32F1xx_HAL_Driver/Src/stm32f1xx_hal_uart.o
LOAD Inc/BMP280/BMP280.o
LOAD Inc/BMP280/util/bmp280.o
LOAD Inc/GPS/gps.o
LOAD Inc/MPU9250_DMP/MPU9250_DMP.o
LOAD Inc/MPU9250_DMP/util/inv_mpu.o
LOAD Inc/MPU9250_DMP/util/inv_mpu_dmp_motion_driver.o
LOAD Inc/MPU9250_DMP/util/stm32_mpu9250_clk.o
LOAD Inc/MPU9250_DMP/util/stm32_mpu9250_spi.o
LOAD Inc/RF24/RF24.o
LOAD Src/crc.o
LOAD Src/dma.o
LOAD Src/gpio.o
LOAD Src/i2c.o
LOAD Src/iwdg.o
LOAD Src/main.o
LOAD Src/osd.o
LOAD Src/out_control.o
LOAD Src/radio.o
LOAD Src/sensors.o
LOAD Src/spi.o
LOAD Src/stm32f1xx_hal_msp.o
LOAD Src/stm32f1xx_it.o
LOAD Src/syscalls.o
LOAD Src/system_stm32f1xx.o
LOAD Src/tim.o
LOAD Src/usart.o
LOAD startup/startup_stm32f103xb.o
LOAD c:/ac6/systemworkbench/plugins/fr.ac6.mcu.externaltools.arm-none.win32_1.16.0.201807130628/tools/compiler/bin/../lib/gcc/arm-none-eabi/7.2.1/../../../../arm-none-eabi/lib/thumb/v7-m\libstdc++_nano.a
LOAD c:/ac6/systemworkbench/plugins/fr.ac6.mcu.externaltools.arm-none.win32_1.16.0.201807130628/tools/compiler/bin/../lib/gcc/arm-none-eabi/7.2.1/../../../../arm-none-eabi/lib/thumb/v7-m\libm.a
START GROUP
LOAD c:/ac6/systemworkbench/plugins/fr.ac6.mcu.externaltools.arm-none.win32_1.16.0.201807130628/tools/compiler/bin/../lib/gcc/arm-none-eabi/7.2.1/thumb/v7-m\libgcc.a
LOAD c:/ac6/systemworkbench/plugins/fr.ac6.mcu.externaltools.arm-none.win32_1.16.0.201807130628/tools/compiler/bin/../lib/gcc/arm-none-eabi/7.2.1/../../../../arm-none-eabi/lib/thumb/v7-m\libc_nano.a
END GROUP
START GROUP
LOAD c:/ac6/systemworkbench/plugins/fr.ac6.mcu.externaltools.arm-none.win32_1.16.0.201807130628/tools/compiler/bin/../lib/gcc/arm-none-eabi/7.2.1/thumb/v7-m\libgcc.a
LOAD c:/ac6/systemworkbench/plugins/fr.ac6.mcu.externaltools.arm-none.win32_1.16.0.201807130628/tools/compiler/bin/../lib/gcc/arm-none-eabi/7.2.1/../../../../arm-none-eabi/lib/thumb/v7-m\libc_nano.a
LOAD c:/ac6/systemworkbench/plugins/fr.ac6.mcu.externaltools.arm-none.win32_1.16.0.201807130628/tools/compiler/bin/../lib/gcc/arm-none-eabi/7.2.1/../../../../arm-none-eabi/lib/thumb/v7-m\libnosys.a
END GROUP
START GROUP
LOAD c:/ac6/systemworkbench/plugins/fr.ac6.mcu.externaltools.arm-none.win32_1.16.0.201807130628/tools/compiler/bin/../lib/gcc/arm-none-eabi/7.2.1/thumb/v7-m\libgcc.a
LOAD c:/ac6/systemworkbench/plugins/fr.ac6.mcu.externaltools.arm-none.win32_1.16.0.201807130628/tools/compiler/bin/../lib/gcc/arm-none-eabi/7.2.1/../../../../arm-none-eabi/lib/thumb/v7-m\libc_nano.a
LOAD c:/ac6/systemworkbench/plugins/fr.ac6.mcu.externaltools.arm-none.win32_1.16.0.201807130628/tools/compiler/bin/../lib/gcc/arm-none-eabi/7.2.1/../../../../arm-none-eabi/lib/thumb/v7-m\libnosys.a
END GROUP
LOAD c:/ac6/systemworkbench/plugins/fr.ac6.mcu.externaltools.arm-none.win32_1.16.0.201807130628/tools/compiler/bin/../lib/gcc/arm-none-eabi/7.2.1/thumb/v7-m/crtend.o
LOAD c:/ac6/systemworkbench/plugins/fr.ac6.mcu.externaltools.arm-none.win32_1.16.0.201807130628/tools/compiler/bin/../lib/gcc/arm-none-eabi/7.2.1/thumb/v7-m/crtn.o
                0x20005000                _estack = 0x20005000
                0x00000200                _Min_Heap_Size = 0x200
                0x00000400                _Min_Stack_Size = 0x400

.isr_vector     0x08000000      0x10c
                0x08000000                . = ALIGN (0x4)
 *(.isr_vector)
 .isr_vector    0x08000000      0x10c startup/startup_stm32f103xb.o
                0x08000000                g_pfnVectors
                0x0800010c                . = ALIGN (0x4)

.text           0x08000110     0xdfd4
                0x08000110                . = ALIGN (0x4)
 *(.text)
 .text          0x08000110       0x40 c:/ac6/systemworkbench/plugins/fr.ac6.mcu.externaltools.arm-none.win32_1.16.0.201807130628/tools/compiler/bin/../lib/gcc/arm-none-eabi/7.2.1/thumb/v7-m/crtbegin.o
 .text          0x08000150      0x378 c:/ac6/systemworkbench/plugins/fr.ac6.mcu.externaltools.arm-none.win32_1.16.0.201807130628/tools/compiler/bin/../lib/gcc/arm-none-eabi/7.2.1/thumb/v7-m\libgcc.a(_arm_addsubdf3.o)
                0x08000150                __aeabi_drsub
                0x08000158                __aeabi_dsub
                0x08000158                __subdf3
                0x0800015c                __aeabi_dadd
                0x0800015c                __adddf3
                0x080003d4                __floatunsidf
                0x080003d4                __aeabi_ui2d
                0x080003f4                __floatsidf
                0x080003f4                __aeabi_i2d
                0x08000418                __aeabi_f2d
                0x08000418                __extendsfdf2
                0x0800045c                __floatundidf
                0x0800045c                __aeabi_ul2d
                0x0800046c                __floatdidf
                0x0800046c                __aeabi_l2d
 .text          0x080004c8      0x424 c:/ac6/systemworkbench/plugins/fr.ac6.mcu.externaltools.arm-none.win32_1.16.0.201807130628/tools/compiler/bin/../lib/gcc/arm-none-eabi/7.2.1/thumb/v7-m\libgcc.a(_arm_muldivdf3.o)
                0x080004c8                __aeabi_dmul
                0x080004c8                __muldf3
                0x0800071c                __divdf3
                0x0800071c                __aeabi_ddiv
 .text          0x080008ec      0x110 c:/ac6/systemworkbench/plugins/fr.ac6.mcu.externaltools.arm-none.win32_1.16.0.201807130628/tools/compiler/bin/../lib/gcc/arm-none-eabi/7.2.1/thumb/v7-m\libgcc.a(_arm_cmpdf2.o)
                0x080008ec                __gtdf2
                0x080008ec                __gedf2
                0x080008f4                __ltdf2
                0x080008f4                __ledf2
                0x080008fc                __nedf2
                0x080008fc                __eqdf2
                0x080008fc                __cmpdf2
                0x08000978                __aeabi_cdrcmple
                0x08000988                __aeabi_cdcmpeq
                0x08000988                __aeabi_cdcmple
                0x08000998                __aeabi_dcmpeq
                0x080009ac                __aeabi_dcmplt
                0x080009c0                __aeabi_dcmple
                0x080009d4                __aeabi_dcmpge
                0x080009e8                __aeabi_dcmpgt
 .text          0x080009fc       0x50 c:/ac6/systemworkbench/plugins/fr.ac6.mcu.externaltools.arm-none.win32_1.16.0.201807130628/tools/compiler/bin/../lib/gcc/arm-none-eabi/7.2.1/thumb/v7-m\libgcc.a(_arm_fixdfsi.o)
                0x080009fc                __aeabi_d2iz
                0x080009fc                __fixdfsi
 .text          0x08000a4c       0xa0 c:/ac6/systemworkbench/plugins/fr.ac6.mcu.externaltools.arm-none.win32_1.16.0.201807130628/tools/compiler/bin/../lib/gcc/arm-none-eabi/7.2.1/thumb/v7-m\libgcc.a(_arm_truncdfsf2.o)
                0x08000a4c                __truncdfsf2
                0x08000a4c                __aeabi_d2f
 .text          0x08000aec      0x21c c:/ac6/systemworkbench/plugins/fr.ac6.mcu.externaltools.arm-none.win32_1.16.0.201807130628/tools/compiler/bin/../lib/gcc/arm-none-eabi/7.2.1/thumb/v7-m\libgcc.a(_arm_addsubsf3.o)
                0x08000aec                __aeabi_frsub
                0x08000af4                __subsf3
                0x08000af4                __aeabi_fsub
                0x08000af8                __aeabi_fadd
                0x08000af8                __addsf3
                0x08000c58                __aeabi_ui2f
                0x08000c58                __floatunsisf
                0x08000c60                __aeabi_i2f
                0x08000c60                __floatsisf
                0x08000c7c                __aeabi_ul2f
                0x08000c7c                __floatundisf
                0x08000c8c                __aeabi_l2f
                0x08000c8c                __floatdisf
 .text          0x08000d08      0x2a0 c:/ac6/systemworkbench/plugins/fr.ac6.mcu.externaltools.arm-none.win32_1.16.0.201807130628/tools/compiler/bin/../lib/gcc/arm-none-eabi/7.2.1/thumb/v7-m\libgcc.a(_arm_muldivsf3.o)
                0x08000d08                __mulsf3
                0x08000d08                __aeabi_fmul
                0x08000e70                __aeabi_fdiv
                0x08000e70                __divsf3
 .text          0x08000fa8       0xec c:/ac6/systemworkbench/plugins/fr.ac6.mcu.externaltools.arm-none.win32_1.16.0.201807130628/tools/compiler/bin/../lib/gcc/arm-none-eabi/7.2.1/thumb/v7-m\libgcc.a(_arm_cmpsf2.o)
                0x08000fa8                __gesf2
                0x08000fa8                __gtsf2
                0x08000fb0                __lesf2
                0x08000fb0                __ltsf2
                0x08000fb8                __nesf2
                0x08000fb8                __eqsf2
                0x08000fb8                __cmpsf2
                0x08001018                __aeabi_cfrcmple
                0x08001020                __aeabi_cfcmpeq
                0x08001020                __aeabi_cfcmple
                0x08001030                __aeabi_fcmpeq
                0x08001044                __aeabi_fcmplt
                0x08001058                __aeabi_fcmple
                0x0800106c                __aeabi_fcmpge
                0x08001080                __aeabi_fcmpgt
 .text          0x08001094       0x2c c:/ac6/systemworkbench/plugins/fr.ac6.mcu.externaltools.arm-none.win32_1.16.0.201807130628/tools/compiler/bin/../lib/gcc/arm-none-eabi/7.2.1/thumb/v7-m\libgcc.a(_arm_unordsf2.o)
                0x08001094                __unordsf2
                0x08001094                __aeabi_fcmpun
 .text          0x080010c0       0x40 c:/ac6/systemworkbench/plugins/fr.ac6.mcu.externaltools.arm-none.win32_1.16.0.201807130628/tools/compiler/bin/../lib/gcc/arm-none-eabi/7.2.1/thumb/v7-m\libgcc.a(_arm_fixunssfsi.o)
                0x080010c0                __fixunssfsi
                0x080010c0                __aeabi_f2uiz
 .text          0x08001100       0xa0 c:/ac6/systemworkbench/plugins/fr.ac6.mcu.externaltools.arm-none.win32_1.16.0.201807130628/tools/compiler/bin/../lib/gcc/arm-none-eabi/7.2.1/thumb/v7-m\libgcc.a(_aeabi_ldivmod.o)
                0x08001100                __aeabi_ldivmod
 .text          0x080011a0      0x2d0 c:/ac6/systemworkbench/plugins/fr.ac6.mcu.externaltools.arm-none.win32_1.16.0.201807130628/tools/compiler/bin/../lib/gcc/arm-none-eabi/7.2.1/thumb/v7-m\libgcc.a(_udivmoddi4.o)
                0x080011a0                __udivmoddi4
 .text          0x08001470        0x4 c:/ac6/systemworkbench/plugins/fr.ac6.mcu.externaltools.arm-none.win32_1.16.0.201807130628/tools/compiler/bin/../lib/gcc/arm-none-eabi/7.2.1/thumb/v7-m\libgcc.a(_dvmd_tls.o)
                0x08001470                __aeabi_idiv0
                0x08001470                __aeabi_ldiv0
 .text          0x08001474       0x14 c:/ac6/systemworkbench/plugins/fr.ac6.mcu.externaltools.arm-none.win32_1.16.0.201807130628/tools/compiler/bin/../lib/gcc/arm-none-eabi/7.2.1/../../../../arm-none-eabi/lib/thumb/v7-m\libc_nano.a(lib_a-strcmp.o)
                0x08001474                strcmp
 .text          0x08001488       0x10 c:/ac6/systemworkbench/plugins/fr.ac6.mcu.externaltools.arm-none.win32_1.16.0.201807130628/tools/compiler/bin/../lib/gcc/arm-none-eabi/7.2.1/../../../../arm-none-eabi/lib/thumb/v7-m\libc_nano.a(lib_a-strlen.o)
                0x08001488                strlen
 .text          0x08001498       0x2c c:/ac6/systemworkbench/plugins/fr.ac6.mcu.externaltools.arm-none.win32_1.16.0.201807130628/tools/compiler/bin/../lib/gcc/arm-none-eabi/7.2.1/thumb/v7-m\libgcc.a(_arm_unorddf2.o)
                0x08001498                __unorddf2
                0x08001498                __aeabi_dcmpun
 .text          0x080014c4       0x40 c:/ac6/systemworkbench/plugins/fr.ac6.mcu.externaltools.arm-none.win32_1.16.0.201807130628/tools/compiler/bin/../lib/gcc/arm-none-eabi/7.2.1/thumb/v7-m\libgcc.a(_arm_fixunsdfsi.o)
                0x080014c4                __aeabi_d2uiz
                0x080014c4                __fixunsdfsi
 *(.text*)
 .text.HAL_InitTick
                0x08001504       0x4c Drivers/STM32F1xx_HAL_Driver/Src/stm32f1xx_hal.o
                0x08001504                HAL_InitTick
 .text.HAL_Init
                0x08001550       0x24 Drivers/STM32F1xx_HAL_Driver/Src/stm32f1xx_hal.o
                0x08001550                HAL_Init
 .text.HAL_IncTick
                0x08001574       0x18 Drivers/STM32F1xx_HAL_Driver/Src/stm32f1xx_hal.o
                0x08001574                HAL_IncTick
 .text.HAL_GetTick
                0x0800158c        0xc Drivers/STM32F1xx_HAL_Driver/Src/stm32f1xx_hal.o
                0x0800158c                HAL_GetTick
 .text.HAL_Delay
                0x08001598       0x28 Drivers/STM32F1xx_HAL_Driver/Src/stm32f1xx_hal.o
                0x08001598                HAL_Delay
 .text.HAL_NVIC_SetPriorityGrouping
                0x080015c0       0x24 Drivers/STM32F1xx_HAL_Driver/Src/stm32f1xx_hal_cortex.o
                0x080015c0                HAL_NVIC_SetPriorityGrouping
 .text.HAL_NVIC_SetPriority
                0x080015e4       0x68 Drivers/STM32F1xx_HAL_Driver/Src/stm32f1xx_hal_cortex.o
                0x080015e4                HAL_NVIC_SetPriority
 .text.HAL_NVIC_EnableIRQ
                0x0800164c       0x18 Drivers/STM32F1xx_HAL_Driver/Src/stm32f1xx_hal_cortex.o
                0x0800164c                HAL_NVIC_EnableIRQ
 .text.HAL_SYSTICK_Config
                0x08001664       0x2c Drivers/STM32F1xx_HAL_Driver/Src/stm32f1xx_hal_cortex.o
                0x08001664                HAL_SYSTICK_Config
 .text.HAL_SYSTICK_CLKSourceConfig
                0x08001690       0x20 Drivers/STM32F1xx_HAL_Driver/Src/stm32f1xx_hal_cortex.o
                0x08001690                HAL_SYSTICK_CLKSourceConfig
 .text.HAL_SYSTICK_Callback
                0x080016b0        0x2 Drivers/STM32F1xx_HAL_Driver/Src/stm32f1xx_hal_cortex.o
                0x080016b0                HAL_SYSTICK_Callback
 .text.HAL_SYSTICK_IRQHandler
                0x080016b2        0x8 Drivers/STM32F1xx_HAL_Driver/Src/stm32f1xx_hal_cortex.o
                0x080016b2                HAL_SYSTICK_IRQHandler
 .text.HAL_CRC_Init
                0x080016ba       0x1e Drivers/STM32F1xx_HAL_Driver/Src/stm32f1xx_hal_crc.o
                0x080016ba                HAL_CRC_Init
 .text.DMA_SetConfig
                0x080016d8       0x2c Drivers/STM32F1xx_HAL_Driver/Src/stm32f1xx_hal_dma.o
 .text.HAL_DMA_Init
                0x08001704       0x78 Drivers/STM32F1xx_HAL_Driver/Src/stm32f1xx_hal_dma.o
                0x08001704                HAL_DMA_Init
 .text.HAL_DMA_Start_IT
                0x0800177c       0x74 Drivers/STM32F1xx_HAL_Driver/Src/stm32f1xx_hal_dma.o
                0x0800177c                HAL_DMA_Start_IT
 .text.HAL_DMA_Abort_IT
                0x080017f0       0x98 Drivers/STM32F1xx_HAL_Driver/Src/stm32f1xx_hal_dma.o
                0x080017f0                HAL_DMA_Abort_IT
 .text.HAL_DMA_IRQHandler
                0x08001888      0x144 Drivers/STM32F1xx_HAL_Driver/Src/stm32f1xx_hal_dma.o
                0x08001888                HAL_DMA_IRQHandler
 .text.HAL_GPIO_Init
                0x080019cc      0x1d4 Drivers/STM32F1xx_HAL_Driver/Src/stm32f1xx_hal_gpio.o
                0x080019cc                HAL_GPIO_Init
 .text.HAL_GPIO_WritePin
                0x08001ba0        0xc Drivers/STM32F1xx_HAL_Driver/Src/stm32f1xx_hal_gpio.o
                0x08001ba0                HAL_GPIO_WritePin
 .text.HAL_GPIO_EXTI_IRQHandler
                0x08001bac       0x1c Drivers/STM32F1xx_HAL_Driver/Src/stm32f1xx_hal_gpio.o
                0x08001bac                HAL_GPIO_EXTI_IRQHandler
 .text.I2C_Master_SB
                0x08001bc8       0x8a Drivers/STM32F1xx_HAL_Driver/Src/stm32f1xx_hal_i2c.o
 .text.I2C_Master_ADD10
                0x08001c52        0xc Drivers/STM32F1xx_HAL_Driver/Src/stm32f1xx_hal_i2c.o
 .text.I2C_Master_ADDR
                0x08001c5e      0x1da Drivers/STM32F1xx_HAL_Driver/Src/stm32f1xx_hal_i2c.o
 .text.I2C_SlaveTransmit_BTF
                0x08001e38       0x1e Drivers/STM32F1xx_HAL_Driver/Src/stm32f1xx_hal_i2c.o
 .text.I2C_SlaveReceive_BTF
                0x08001e56       0x1e Drivers/STM32F1xx_HAL_Driver/Src/stm32f1xx_hal_i2c.o
 .text.I2C_IsAcknowledgeFailed
                0x08001e74       0x2a Drivers/STM32F1xx_HAL_Driver/Src/stm32f1xx_hal_i2c.o
 .text.I2C_WaitOnFlagUntilTimeout
                0x08001e9e       0x68 Drivers/STM32F1xx_HAL_Driver/Src/stm32f1xx_hal_i2c.o
 .text.I2C_WaitOnMasterAddressFlagUntilTimeout
                0x08001f06       0x90 Drivers/STM32F1xx_HAL_Driver/Src/stm32f1xx_hal_i2c.o
 .text.I2C_WaitOnTXEFlagUntilTimeout
                0x08001f96       0x4e Drivers/STM32F1xx_HAL_Driver/Src/stm32f1xx_hal_i2c.o
 .text.I2C_RequestMemoryWrite
                0x08001fe4       0xd8 Drivers/STM32F1xx_HAL_Driver/Src/stm32f1xx_hal_i2c.o
 .text.I2C_RequestMemoryRead
                0x080020bc      0x148 Drivers/STM32F1xx_HAL_Driver/Src/stm32f1xx_hal_i2c.o
 .text.I2C_WaitOnBTFFlagUntilTimeout
                0x08002204       0x4e Drivers/STM32F1xx_HAL_Driver/Src/stm32f1xx_hal_i2c.o
 .text.I2C_WaitOnRXNEFlagUntilTimeout
                0x08002252       0x5c Drivers/STM32F1xx_HAL_Driver/Src/stm32f1xx_hal_i2c.o
 *fill*         0x080022ae        0x2 
 .text.HAL_I2C_Init
                0x080022b0      0x168 Drivers/STM32F1xx_HAL_Driver/Src/stm32f1xx_hal_i2c.o
                0x080022b0                HAL_I2C_Init
 .text.HAL_I2C_Mem_Write
                0x08002418      0x17c Drivers/STM32F1xx_HAL_Driver/Src/stm32f1xx_hal_i2c.o
                0x08002418                HAL_I2C_Mem_Write
 .text.HAL_I2C_Mem_Read
                0x08002594      0x300 Drivers/STM32F1xx_HAL_Driver/Src/stm32f1xx_hal_i2c.o
                0x08002594                HAL_I2C_Mem_Read
 .text.HAL_I2C_IsDeviceReady
                0x08002894      0x18c Drivers/STM32F1xx_HAL_Driver/Src/stm32f1xx_hal_i2c.o
                0x08002894                HAL_I2C_IsDeviceReady
 .text.HAL_I2C_MasterTxCpltCallback
                0x08002a20        0x2 Drivers/STM32F1xx_HAL_Driver/Src/stm32f1xx_hal_i2c.o
                0x08002a20                HAL_I2C_MasterTxCpltCallback
 .text.HAL_I2C_MasterRxCpltCallback
                0x08002a22        0x2 Drivers/STM32F1xx_HAL_Driver/Src/stm32f1xx_hal_i2c.o
                0x08002a22                HAL_I2C_MasterRxCpltCallback
 .text.HAL_I2C_SlaveTxCpltCallback
                0x08002a24        0x2 Drivers/STM32F1xx_HAL_Driver/Src/stm32f1xx_hal_i2c.o
                0x08002a24                HAL_I2C_SlaveTxCpltCallback
 .text.I2C_SlaveTransmit_TXE
                0x08002a26       0x4a Drivers/STM32F1xx_HAL_Driver/Src/stm32f1xx_hal_i2c.o
 .text.HAL_I2C_SlaveRxCpltCallback
                0x08002a70        0x2 Drivers/STM32F1xx_HAL_Driver/Src/stm32f1xx_hal_i2c.o
                0x08002a70                HAL_I2C_SlaveRxCpltCallback
 .text.I2C_SlaveReceive_RXNE
                0x08002a72       0x4e Drivers/STM32F1xx_HAL_Driver/Src/stm32f1xx_hal_i2c.o
 .text.HAL_I2C_AddrCallback
                0x08002ac0        0x2 Drivers/STM32F1xx_HAL_Driver/Src/stm32f1xx_hal_i2c.o
                0x08002ac0                HAL_I2C_AddrCallback
 .text.I2C_Slave_ADDR
                0x08002ac2       0x28 Drivers/STM32F1xx_HAL_Driver/Src/stm32f1xx_hal_i2c.o
 .text.HAL_I2C_ListenCpltCallback
                0x08002aea        0x2 Drivers/STM32F1xx_HAL_Driver/Src/stm32f1xx_hal_i2c.o
                0x08002aea                HAL_I2C_ListenCpltCallback
 .text.I2C_Slave_AF
                0x08002aec       0x94 Drivers/STM32F1xx_HAL_Driver/Src/stm32f1xx_hal_i2c.o
 .text.HAL_I2C_MemTxCpltCallback
                0x08002b80        0x2 Drivers/STM32F1xx_HAL_Driver/Src/stm32f1xx_hal_i2c.o
                0x08002b80                HAL_I2C_MemTxCpltCallback
 .text.I2C_MasterTransmit_TXE
                0x08002b82      0x146 Drivers/STM32F1xx_HAL_Driver/Src/stm32f1xx_hal_i2c.o
 .text.I2C_MasterTransmit_BTF
                0x08002cc8       0x9c Drivers/STM32F1xx_HAL_Driver/Src/stm32f1xx_hal_i2c.o
 .text.HAL_I2C_MemRxCpltCallback
                0x08002d64        0x2 Drivers/STM32F1xx_HAL_Driver/Src/stm32f1xx_hal_i2c.o
                0x08002d64                HAL_I2C_MemRxCpltCallback
 .text.I2C_MasterReceive_RXNE
                0x08002d66       0xcc Drivers/STM32F1xx_HAL_Driver/Src/stm32f1xx_hal_i2c.o
 .text.I2C_MasterReceive_BTF
                0x08002e32       0xf6 Drivers/STM32F1xx_HAL_Driver/Src/stm32f1xx_hal_i2c.o
 .text.HAL_I2C_ErrorCallback
                0x08002f28        0x2 Drivers/STM32F1xx_HAL_Driver/Src/stm32f1xx_hal_i2c.o
                0x08002f28                HAL_I2C_ErrorCallback
 .text.HAL_I2C_AbortCpltCallback
                0x08002f2a        0x2 Drivers/STM32F1xx_HAL_Driver/Src/stm32f1xx_hal_i2c.o
                0x08002f2a                HAL_I2C_AbortCpltCallback
 .text.I2C_ITError
                0x08002f2c      0x148 Drivers/STM32F1xx_HAL_Driver/Src/stm32f1xx_hal_i2c.o
 .text.I2C_Slave_STOPF
                0x08003074      0x100 Drivers/STM32F1xx_HAL_Driver/Src/stm32f1xx_hal_i2c.o
 .text.HAL_I2C_EV_IRQHandler
                0x08003174      0x168 Drivers/STM32F1xx_HAL_Driver/Src/stm32f1xx_hal_i2c.o
                0x08003174                HAL_I2C_EV_IRQHandler
 .text.HAL_I2C_ER_IRQHandler
                0x080032dc       0xdc Drivers/STM32F1xx_HAL_Driver/Src/stm32f1xx_hal_i2c.o
                0x080032dc                HAL_I2C_ER_IRQHandler
 .text.I2C_DMAAbort
                0x080033b8       0x5e Drivers/STM32F1xx_HAL_Driver/Src/stm32f1xx_hal_i2c.o
 .text.HAL_IWDG_Init
                0x08003416       0x4a Drivers/STM32F1xx_HAL_Driver/Src/stm32f1xx_hal_iwdg.o
                0x08003416                HAL_IWDG_Init
 .text.HAL_IWDG_Refresh
                0x08003460        0xc Drivers/STM32F1xx_HAL_Driver/Src/stm32f1xx_hal_iwdg.o
                0x08003460                HAL_IWDG_Refresh
 .text.RCC_Delay
                0x0800346c       0x2c Drivers/STM32F1xx_HAL_Driver/Src/stm32f1xx_hal_rcc.o
 .text.HAL_RCC_OscConfig
                0x08003498      0x3dc Drivers/STM32F1xx_HAL_Driver/Src/stm32f1xx_hal_rcc.o
                0x08003498                HAL_RCC_OscConfig
 .text.HAL_RCC_GetSysClockFreq
                0x08003874       0x70 Drivers/STM32F1xx_HAL_Driver/Src/stm32f1xx_hal_rcc.o
                0x08003874                HAL_RCC_GetSysClockFreq
 .text.HAL_RCC_ClockConfig
                0x080038e4      0x178 Drivers/STM32F1xx_HAL_Driver/Src/stm32f1xx_hal_rcc.o
                0x080038e4                HAL_RCC_ClockConfig
 .text.HAL_RCC_GetHCLKFreq
                0x08003a5c        0xc Drivers/STM32F1xx_HAL_Driver/Src/stm32f1xx_hal_rcc.o
                0x08003a5c                HAL_RCC_GetHCLKFreq
 .text.HAL_RCC_GetPCLK1Freq
                0x08003a68       0x20 Drivers/STM32F1xx_HAL_Driver/Src/stm32f1xx_hal_rcc.o
                0x08003a68                HAL_RCC_GetPCLK1Freq
 .text.HAL_RCC_GetPCLK2Freq
                0x08003a88       0x20 Drivers/STM32F1xx_HAL_Driver/Src/stm32f1xx_hal_rcc.o
                0x08003a88                HAL_RCC_GetPCLK2Freq
 .text.SPI_WaitFlagStateUntilTimeout
                0x08003aa8       0x96 Drivers/STM32F1xx_HAL_Driver/Src/stm32f1xx_hal_spi.o
 .text.SPI_CheckFlag_BSY
                0x08003b3e       0x28 Drivers/STM32F1xx_HAL_Driver/Src/stm32f1xx_hal_spi.o
 .text.HAL_SPI_Transmit
                0x08003b66      0x1a6 Drivers/STM32F1xx_HAL_Driver/Src/stm32f1xx_hal_spi.o
                0x08003b66                HAL_SPI_Transmit
 .text.HAL_SPI_TransmitReceive
                0x08003d0c      0x238 Drivers/STM32F1xx_HAL_Driver/Src/stm32f1xx_hal_spi.o
                0x08003d0c                HAL_SPI_TransmitReceive
 .text.HAL_SPI_Receive
                0x08003f44      0x168 Drivers/STM32F1xx_HAL_Driver/Src/stm32f1xx_hal_spi.o
                0x08003f44                HAL_SPI_Receive
 .text.HAL_SPI_ErrorCallback
                0x080040ac        0x2 Drivers/STM32F1xx_HAL_Driver/Src/stm32f1xx_hal_spi.o
                0x080040ac                HAL_SPI_ErrorCallback
 *fill*         0x080040ae        0x2 
 .text.HAL_SPI_IRQHandler
                0x080040b0       0xec Drivers/STM32F1xx_HAL_Driver/Src/stm32f1xx_hal_spi.o
                0x080040b0                HAL_SPI_IRQHandler
 .text.SPI_DMAAbortOnError
                0x0800419c       0x10 Drivers/STM32F1xx_HAL_Driver/Src/stm32f1xx_hal_spi.o
 .text.HAL_SPI_GetState
                0x080041ac        0x6 Drivers/STM32F1xx_HAL_Driver/Src/stm32f1xx_hal_spi.o
                0x080041ac                HAL_SPI_GetState
 .text.HAL_SPI_GetError
                0x080041b2        0x4 Drivers/STM32F1xx_HAL_Driver/Src/stm32f1xx_hal_spi.o
                0x080041b2                HAL_SPI_GetError
 .text.HAL_SPI_Init
                0x080041b6       0x82 Drivers/STM32F1xx_HAL_Driver/Src/stm32f1xx_hal_spi_ex.o
                0x080041b6                HAL_SPI_Init
 .text.TIM_OC1_SetConfig
                0x08004238       0x5c Drivers/STM32F1xx_HAL_Driver/Src/stm32f1xx_hal_tim.o
 .text.TIM_OC3_SetConfig
                0x08004294       0x64 Drivers/STM32F1xx_HAL_Driver/Src/stm32f1xx_hal_tim.o
 .text.TIM_OC4_SetConfig
                0x080042f8       0x48 Drivers/STM32F1xx_HAL_Driver/Src/stm32f1xx_hal_tim.o
 .text.TIM_TI1_ConfigInputStage
                0x08004340       0x24 Drivers/STM32F1xx_HAL_Driver/Src/stm32f1xx_hal_tim.o
 .text.TIM_TI2_ConfigInputStage
                0x08004364       0x26 Drivers/STM32F1xx_HAL_Driver/Src/stm32f1xx_hal_tim.o
 .text.TIM_ITRx_SetConfig
                0x0800438a       0x10 Drivers/STM32F1xx_HAL_Driver/Src/stm32f1xx_hal_tim.o
 .text.TIM_ETR_SetConfig
                0x0800439a       0x16 Drivers/STM32F1xx_HAL_Driver/Src/stm32f1xx_hal_tim.o
 .text.HAL_TIM_Base_Start_IT
                0x080043b0       0x18 Drivers/STM32F1xx_HAL_Driver/Src/stm32f1xx_hal_tim.o
                0x080043b0                HAL_TIM_Base_Start_IT
 .text.HAL_TIM_PWM_MspInit
                0x080043c8        0x2 Drivers/STM32F1xx_HAL_Driver/Src/stm32f1xx_hal_tim.o
                0x080043c8                HAL_TIM_PWM_MspInit
 .text.HAL_TIM_ConfigClockSource
                0x080043ca      0x108 Drivers/STM32F1xx_HAL_Driver/Src/stm32f1xx_hal_tim.o
                0x080043ca                HAL_TIM_ConfigClockSource
 .text.HAL_TIM_PeriodElapsedCallback
                0x080044d2        0x2 Drivers/STM32F1xx_HAL_Driver/Src/stm32f1xx_hal_tim.o
                0x080044d2                HAL_TIM_PeriodElapsedCallback
 .text.HAL_TIM_OC_DelayElapsedCallback
                0x080044d4        0x2 Drivers/STM32F1xx_HAL_Driver/Src/stm32f1xx_hal_tim.o
                0x080044d4                HAL_TIM_OC_DelayElapsedCallback
 .text.HAL_TIM_IC_CaptureCallback
                0x080044d6        0x2 Drivers/STM32F1xx_HAL_Driver/Src/stm32f1xx_hal_tim.o
                0x080044d6                HAL_TIM_IC_CaptureCallback
 .text.HAL_TIM_PWM_PulseFinishedCallback
                0x080044d8        0x2 Drivers/STM32F1xx_HAL_Driver/Src/stm32f1xx_hal_tim.o
                0x080044d8                HAL_TIM_PWM_PulseFinishedCallback
 .text.HAL_TIM_TriggerCallback
                0x080044da        0x2 Drivers/STM32F1xx_HAL_Driver/Src/stm32f1xx_hal_tim.o
                0x080044da                HAL_TIM_TriggerCallback
 .text.HAL_TIM_IRQHandler
                0x080044dc      0x17a Drivers/STM32F1xx_HAL_Driver/Src/stm32f1xx_hal_tim.o
                0x080044dc                HAL_TIM_IRQHandler
 *fill*         0x08004656        0x2 
 .text.TIM_Base_SetConfig
                0x08004658       0x74 Drivers/STM32F1xx_HAL_Driver/Src/stm32f1xx_hal_tim.o
                0x08004658                TIM_Base_SetConfig
 .text.HAL_TIM_Base_Init
                0x080046cc       0x32 Drivers/STM32F1xx_HAL_Driver/Src/stm32f1xx_hal_tim.o
                0x080046cc                HAL_TIM_Base_Init
 .text.HAL_TIM_PWM_Init
                0x080046fe       0x32 Drivers/STM32F1xx_HAL_Driver/Src/stm32f1xx_hal_tim.o
                0x080046fe                HAL_TIM_PWM_Init
 .text.TIM_OC2_SetConfig
                0x08004730       0x64 Drivers/STM32F1xx_HAL_Driver/Src/stm32f1xx_hal_tim.o
                0x08004730                TIM_OC2_SetConfig
 .text.HAL_TIM_PWM_ConfigChannel
                0x08004794       0xdc Drivers/STM32F1xx_HAL_Driver/Src/stm32f1xx_hal_tim.o
                0x08004794                HAL_TIM_PWM_ConfigChannel
 .text.TIM_CCxChannelCmd
                0x08004870       0x1c Drivers/STM32F1xx_HAL_Driver/Src/stm32f1xx_hal_tim.o
                0x08004870                TIM_CCxChannelCmd
 .text.HAL_TIM_PWM_Start
                0x0800488c       0x30 Drivers/STM32F1xx_HAL_Driver/Src/stm32f1xx_hal_tim.o
                0x0800488c                HAL_TIM_PWM_Start
 .text.HAL_TIMEx_ConfigBreakDeadTime
                0x080048bc       0x58 Drivers/STM32F1xx_HAL_Driver/Src/stm32f1xx_hal_tim_ex.o
                0x080048bc                HAL_TIMEx_ConfigBreakDeadTime
 .text.HAL_TIMEx_MasterConfigSynchronization
                0x08004914       0x52 Drivers/STM32F1xx_HAL_Driver/Src/stm32f1xx_hal_tim_ex.o
                0x08004914                HAL_TIMEx_MasterConfigSynchronization
 .text.HAL_TIMEx_CommutationCallback
                0x08004966        0x2 Drivers/STM32F1xx_HAL_Driver/Src/stm32f1xx_hal_tim_ex.o
                0x08004966                HAL_TIMEx_CommutationCallback
 .text.HAL_TIMEx_BreakCallback
                0x08004968        0x2 Drivers/STM32F1xx_HAL_Driver/Src/stm32f1xx_hal_tim_ex.o
                0x08004968                HAL_TIMEx_BreakCallback
 .text.UART_EndTxTransfer
                0x0800496a       0x12 Drivers/STM32F1xx_HAL_Driver/Src/stm32f1xx_hal_uart.o
 .text.UART_EndRxTransfer
                0x0800497c       0x1c Drivers/STM32F1xx_HAL_Driver/Src/stm32f1xx_hal_uart.o
 .text.UART_Transmit_IT
                0x08004998       0x68 Drivers/STM32F1xx_HAL_Driver/Src/stm32f1xx_hal_uart.o
 .text.UART_SetConfig
                0x08004a00      0x1ac Drivers/STM32F1xx_HAL_Driver/Src/stm32f1xx_hal_uart.o
 .text.UART_WaitOnFlagUntilTimeout
                0x08004bac       0x62 Drivers/STM32F1xx_HAL_Driver/Src/stm32f1xx_hal_uart.o
 .text.HAL_UART_Init
                0x08004c0e       0x5e Drivers/STM32F1xx_HAL_Driver/Src/stm32f1xx_hal_uart.o
                0x08004c0e                HAL_UART_Init
 .text.HAL_UART_Transmit
                0x08004c6c       0xe0 Drivers/STM32F1xx_HAL_Driver/Src/stm32f1xx_hal_uart.o
                0x08004c6c                HAL_UART_Transmit
 .text.HAL_UART_Receive_DMA
                0x08004d4c       0xa8 Drivers/STM32F1xx_HAL_Driver/Src/stm32f1xx_hal_uart.o
                0x08004d4c                HAL_UART_Receive_DMA
 .text.HAL_UART_TxCpltCallback
                0x08004df4        0x2 Drivers/STM32F1xx_HAL_Driver/Src/stm32f1xx_hal_uart.o
                0x08004df4                HAL_UART_TxCpltCallback
 .text.UART_EndTransmit_IT
                0x08004df6       0x1a Drivers/STM32F1xx_HAL_Driver/Src/stm32f1xx_hal_uart.o
 .text.UART_DMAReceiveCplt
                0x08004e10       0x3e Drivers/STM32F1xx_HAL_Driver/Src/stm32f1xx_hal_uart.o
 .text.UART_Receive_IT
                0x08004e4e       0x9c Drivers/STM32F1xx_HAL_Driver/Src/stm32f1xx_hal_uart.o
 .text.UART_DMARxHalfCplt
                0x08004eea        0xa Drivers/STM32F1xx_HAL_Driver/Src/stm32f1xx_hal_uart.o
 .text.HAL_UART_ErrorCallback
                0x08004ef4        0x2 Drivers/STM32F1xx_HAL_Driver/Src/stm32f1xx_hal_uart.o
                0x08004ef4                HAL_UART_ErrorCallback
 .text.UART_DMAError
                0x08004ef6       0x58 Drivers/STM32F1xx_HAL_Driver/Src/stm32f1xx_hal_uart.o
 *fill*         0x08004f4e        0x2 
 .text.HAL_UART_IRQHandler
                0x08004f50      0x120 Drivers/STM32F1xx_HAL_Driver/Src/stm32f1xx_hal_uart.o
                0x08004f50                HAL_UART_IRQHandler
 .text.UART_DMAAbortOnError
                0x08005070       0x10 Drivers/STM32F1xx_HAL_Driver/Src/stm32f1xx_hal_uart.o
 .text.i2c_read
                0x08005080       0x40 Inc/BMP280/BMP280.o
                0x08005080                i2c_read
 .text.i2c_write
                0x080050c0       0x40 Inc/BMP280/BMP280.o
                0x080050c0                i2c_write
 .text.BMP280_Init
                0x08005100       0xa8 Inc/BMP280/BMP280.o
                0x08005100                BMP280_Init
 .text.BMP280_ReadData
                0x080051a8       0x84 Inc/BMP280/BMP280.o
                0x080051a8                BMP280_ReadData
 .text.null_ptr_check
                0x0800522c       0x2a Inc/BMP280/util/bmp280.o
 .text.interleave_data
                0x08005256       0x20 Inc/BMP280/util/bmp280.o
 .text.bmp280_get_regs
                0x08005276       0x46 Inc/BMP280/util/bmp280.o
                0x08005276                bmp280_get_regs
 .text.get_calib_param
                0x080052bc       0xde Inc/BMP280/util/bmp280.o
 .text.bmp280_set_regs
                0x0800539a       0x8c Inc/BMP280/util/bmp280.o
                0x0800539a                bmp280_set_regs
 .text.bmp280_soft_reset
                0x08005426       0x3a Inc/BMP280/util/bmp280.o
                0x08005426                bmp280_soft_reset
 .text.conf_sensor
                0x08005460       0xf0 Inc/BMP280/util/bmp280.o
 .text.bmp280_init
                0x08005550       0x72 Inc/BMP280/util/bmp280.o
                0x08005550                bmp280_init
 .text.bmp280_get_config
                0x080055c2       0x6a Inc/BMP280/util/bmp280.o
                0x080055c2                bmp280_get_config
 .text.bmp280_set_config
                0x0800562c        0xe Inc/BMP280/util/bmp280.o
                0x0800562c                bmp280_set_config
 .text.bmp280_set_power_mode
                0x0800563a       0x24 Inc/BMP280/util/bmp280.o
                0x0800563a                bmp280_set_power_mode
 .text.bmp280_get_uncomp_data
                0x0800565e       0x66 Inc/BMP280/util/bmp280.o
                0x0800565e                bmp280_get_uncomp_data
 .text.bmp280_comp_temp_32bit
                0x080056c4       0x46 Inc/BMP280/util/bmp280.o
                0x080056c4                bmp280_comp_temp_32bit
 .text.bmp280_comp_pres_32bit
                0x0800570a       0xc0 Inc/BMP280/util/bmp280.o
                0x0800570a                bmp280_comp_pres_32bit
 .text.bmp280_comp_pres_64bit
                0x080057ca      0x1f6 Inc/BMP280/util/bmp280.o
                0x080057ca                bmp280_comp_pres_64bit
 .text.bmp280_comp_temp_double
                0x080059c0       0xec Inc/BMP280/util/bmp280.o
                0x080059c0                bmp280_comp_temp_double
 *fill*         0x08005aac        0x4 
 .text.bmp280_comp_pres_double
                0x08005ab0      0x220 Inc/BMP280/util/bmp280.o
                0x08005ab0                bmp280_comp_pres_double
 .text.bmp280_compute_meas_time
                0x08005cd0       0x50 Inc/BMP280/util/bmp280.o
                0x08005cd0                bmp280_compute_meas_time
 .text.gpsReadData
                0x08005d20       0x1c Inc/GPS/gps.o
                0x08005d20                gpsReadData
 .text.GPS_Init
                0x08005d3c       0x1c Inc/GPS/gps.o
                0x08005d3c                GPS_Init
 .text.mintodec
                0x08005d58       0x3c Inc/GPS/gps.o
                0x08005d58                mintodec
 .text.gpsParseData
                0x08005d94      0x1b0 Inc/GPS/gps.o
                0x08005d94                gpsParseData
 .text.gpsUpdateData
                0x08005f44       0x5c Inc/GPS/gps.o
                0x08005f44                gpsUpdateData
 .text.HAL_UART_RxHalfCpltCallback
                0x08005fa0       0x2c Inc/GPS/gps.o
                0x08005fa0                HAL_UART_RxHalfCpltCallback
 .text.HAL_UART_RxCpltCallback
                0x08005fcc       0x2c Inc/GPS/gps.o
                0x08005fcc                HAL_UART_RxCpltCallback
 .text._ZN11MPU9250_DMPC2Ev
                0x08005ff8       0x14 Inc/MPU9250_DMP/MPU9250_DMP.o
                0x08005ff8                MPU9250_DMP::MPU9250_DMP()
                0x08005ff8                MPU9250_DMP::MPU9250_DMP()
 .text._ZN11MPU9250_DMP11getGyroSensEv
                0x0800600c       0x18 Inc/MPU9250_DMP/MPU9250_DMP.o
                0x0800600c                MPU9250_DMP::getGyroSens()
 .text._ZN11MPU9250_DMP12getAccelSensEv
                0x08006024       0x1c Inc/MPU9250_DMP/MPU9250_DMP.o
                0x08006024                MPU9250_DMP::getAccelSens()
 .text._ZN11MPU9250_DMP13fifoAvailableEv
                0x08006040       0x36 Inc/MPU9250_DMP/MPU9250_DMP.o
                0x08006040                MPU9250_DMP::fifoAvailable()
 .text._ZN11MPU9250_DMP10setSensorsEh
                0x08006076        0xa Inc/MPU9250_DMP/MPU9250_DMP.o
                0x08006076                MPU9250_DMP::setSensors(unsigned char)
 .text._ZN11MPU9250_DMP5beginEv
                0x08006080       0x36 Inc/MPU9250_DMP/MPU9250_DMP.o
                0x08006080                MPU9250_DMP::begin()
 .text._ZN11MPU9250_DMP7dmpLoadEv
                0x080060b6        0x8 Inc/MPU9250_DMP/MPU9250_DMP.o
                0x080060b6                MPU9250_DMP::dmpLoad()
 .text._ZN11MPU9250_DMP14dmpSetFifoRateEt
                0x080060be       0x10 Inc/MPU9250_DMP/MPU9250_DMP.o
                0x080060be                MPU9250_DMP::dmpSetFifoRate(unsigned short)
 .text._ZN11MPU9250_DMP13dmpUpdateFifoEv
                0x080060ce       0x8c Inc/MPU9250_DMP/MPU9250_DMP.o
                0x080060ce                MPU9250_DMP::dmpUpdateFifo()
 .text._ZN11MPU9250_DMP17dmpEnableFeaturesEt
                0x0800615a        0xc Inc/MPU9250_DMP/MPU9250_DMP.o
                0x0800615a                MPU9250_DMP::dmpEnableFeatures(unsigned short)
 .text._ZN11MPU9250_DMP8dmpBeginEtt
                0x08006166       0x72 Inc/MPU9250_DMP/MPU9250_DMP.o
                0x08006166                MPU9250_DMP::dmpBegin(unsigned short, unsigned short)
 .text._ZN11MPU9250_DMP8qToFloatElh
                0x080061d8       0x46 Inc/MPU9250_DMP/MPU9250_DMP.o
                0x080061d8                MPU9250_DMP::qToFloat(long, unsigned char)
 *fill*         0x0800621e        0x2 
 .text._ZN11MPU9250_DMP18computeEulerAnglesEb
                0x08006220      0x1e8 Inc/MPU9250_DMP/MPU9250_DMP.o
                0x08006220                MPU9250_DMP::computeEulerAngles(bool)
 .text.setup_compass
                0x08006408      0x28c Inc/MPU9250_DMP/util/inv_mpu.o
 .text.set_int_enable
                0x08006694       0xa0 Inc/MPU9250_DMP/util/inv_mpu.o
                0x08006694                set_int_enable
 .text.mpu_read_reg
                0x08006734       0x40 Inc/MPU9250_DMP/util/inv_mpu.o
                0x08006734                mpu_read_reg
 .text.mpu_reset_fifo
                0x08006774      0x1f8 Inc/MPU9250_DMP/util/inv_mpu.o
                0x08006774                mpu_reset_fifo
 .text.mpu_set_gyro_fsr
                0x0800696c       0x98 Inc/MPU9250_DMP/util/inv_mpu.o
                0x0800696c                mpu_set_gyro_fsr
 .text.mpu_get_accel_fsr
                0x08006a04       0x44 Inc/MPU9250_DMP/util/inv_mpu.o
                0x08006a04                mpu_get_accel_fsr
 .text.mpu_set_accel_fsr
                0x08006a48       0x98 Inc/MPU9250_DMP/util/inv_mpu.o
                0x08006a48                mpu_set_accel_fsr
 .text.mpu_set_lpf
                0x08006ae0       0x98 Inc/MPU9250_DMP/util/inv_mpu.o
                0x08006ae0                mpu_set_lpf
 .text.mpu_set_compass_sample_rate
                0x08006b78       0x68 Inc/MPU9250_DMP/util/inv_mpu.o
                0x08006b78                mpu_set_compass_sample_rate
 .text.mpu_get_gyro_sens
                0x08006be0       0x4c Inc/MPU9250_DMP/util/inv_mpu.o
                0x08006be0                mpu_get_gyro_sens
 .text.mpu_get_accel_sens
                0x08006c2c       0x4c Inc/MPU9250_DMP/util/inv_mpu.o
                0x08006c2c                mpu_get_accel_sens
 .text.mpu_configure_fifo
                0x08006c78       0x60 Inc/MPU9250_DMP/util/inv_mpu.o
                0x08006c78                mpu_configure_fifo
 .text.mpu_read_fifo_stream
                0x08006cd8       0xc4 Inc/MPU9250_DMP/util/inv_mpu.o
                0x08006cd8                mpu_read_fifo_stream
 .text.mpu_set_bypass
                0x08006d9c      0x168 Inc/MPU9250_DMP/util/inv_mpu.o
                0x08006d9c                mpu_set_bypass
 .text.mpu_set_int_latched
                0x08006f04       0x7c Inc/MPU9250_DMP/util/inv_mpu.o
                0x08006f04                mpu_set_int_latched
 .text.mpu_lp_accel_mode
                0x08006f80       0xe8 Inc/MPU9250_DMP/util/inv_mpu.o
                0x08006f80                mpu_lp_accel_mode
 .text.mpu_set_sample_rate
                0x08007068       0xac Inc/MPU9250_DMP/util/inv_mpu.o
                0x08007068                mpu_set_sample_rate
 .text.mpu_set_sensors
                0x08007114      0x198 Inc/MPU9250_DMP/util/inv_mpu.o
                0x08007114                mpu_set_sensors
 .text.mpu_init
                0x080072ac      0x11c Inc/MPU9250_DMP/util/inv_mpu.o
                0x080072ac                mpu_init
 .text.mpu_write_mem
                0x080073c8       0x7c Inc/MPU9250_DMP/util/inv_mpu.o
                0x080073c8                mpu_write_mem
 .text.mpu_read_mem
                0x08007444       0x7c Inc/MPU9250_DMP/util/inv_mpu.o
                0x08007444                mpu_read_mem
 .text.mpu_load_firmware
                0x080074c0       0xb8 Inc/MPU9250_DMP/util/inv_mpu.o
                0x080074c0                mpu_load_firmware
 .text.mpu_set_dmp_state
                0x08007578       0x90 Inc/MPU9250_DMP/util/inv_mpu.o
                0x08007578                mpu_set_dmp_state
 .text.decode_gesture
                0x08007608       0x3c Inc/MPU9250_DMP/util/inv_mpu_dmp_motion_driver.o
 .text.dmp_load_motion_driver_firmware
                0x08007644       0x18 Inc/MPU9250_DMP/util/inv_mpu_dmp_motion_driver.o
                0x08007644                dmp_load_motion_driver_firmware
 .text.dmp_set_fifo_rate
                0x0800765c       0x6c Inc/MPU9250_DMP/util/inv_mpu_dmp_motion_driver.o
                0x0800765c                dmp_set_fifo_rate
 .text.dmp_set_tap_thresh
                0x080076c8      0x1a8 Inc/MPU9250_DMP/util/inv_mpu_dmp_motion_driver.o
                0x080076c8                dmp_set_tap_thresh
 .text.dmp_set_tap_axes
                0x08007870       0x4e Inc/MPU9250_DMP/util/inv_mpu_dmp_motion_driver.o
                0x08007870                dmp_set_tap_axes
 .text.dmp_set_tap_count
                0x080078be       0x2a Inc/MPU9250_DMP/util/inv_mpu_dmp_motion_driver.o
                0x080078be                dmp_set_tap_count
 .text.dmp_set_tap_time
                0x080078e8       0x2c Inc/MPU9250_DMP/util/inv_mpu_dmp_motion_driver.o
                0x080078e8                dmp_set_tap_time
 .text.dmp_set_tap_time_multi
                0x08007914       0x2c Inc/MPU9250_DMP/util/inv_mpu_dmp_motion_driver.o
                0x08007914                dmp_set_tap_time_multi
 .text.dmp_set_shake_reject_thresh
                0x08007940       0x44 Inc/MPU9250_DMP/util/inv_mpu_dmp_motion_driver.o
                0x08007940                dmp_set_shake_reject_thresh
 .text.dmp_set_shake_reject_time
                0x08007984       0x2c Inc/MPU9250_DMP/util/inv_mpu_dmp_motion_driver.o
                0x08007984                dmp_set_shake_reject_time
 .text.dmp_set_shake_reject_timeout
                0x080079b0       0x2c Inc/MPU9250_DMP/util/inv_mpu_dmp_motion_driver.o
                0x080079b0                dmp_set_shake_reject_timeout
 .text.dmp_enable_gyro_cal
                0x080079dc       0x44 Inc/MPU9250_DMP/util/inv_mpu_dmp_motion_driver.o
                0x080079dc                dmp_enable_gyro_cal
 .text.dmp_enable_lp_quat
                0x08007a20       0x3c Inc/MPU9250_DMP/util/inv_mpu_dmp_motion_driver.o
                0x08007a20                dmp_enable_lp_quat
 .text.dmp_enable_6x_lp_quat
                0x08007a5c       0x3c Inc/MPU9250_DMP/util/inv_mpu_dmp_motion_driver.o
                0x08007a5c                dmp_enable_6x_lp_quat
 .text.dmp_enable_feature
                0x08007a98      0x218 Inc/MPU9250_DMP/util/inv_mpu_dmp_motion_driver.o
                0x08007a98                dmp_enable_feature
 .text.dmp_read_fifo
                0x08007cb0      0x1dc Inc/MPU9250_DMP/util/inv_mpu_dmp_motion_driver.o
                0x08007cb0                dmp_read_fifo
 .text.stm32_get_clock_ms
                0x08007e8c        0xe Inc/MPU9250_DMP/util/stm32_mpu9250_clk.o
                0x08007e8c                stm32_get_clock_ms
 .text.stm32_delay_ms
                0x08007e9a        0xa Inc/MPU9250_DMP/util/stm32_mpu9250_clk.o
                0x08007e9a                stm32_delay_ms
 .text.stm32_spi_write
                0x08007ea4       0x90 Inc/MPU9250_DMP/util/stm32_mpu9250_spi.o
                0x08007ea4                stm32_spi_write
 .text.stm32_spi_write_slave
                0x08007f34       0x64 Inc/MPU9250_DMP/util/stm32_mpu9250_spi.o
                0x08007f34                stm32_spi_write_slave
 .text.stm32_spi_read
                0x08007f98       0xa4 Inc/MPU9250_DMP/util/stm32_mpu9250_spi.o
                0x08007f98                stm32_spi_read
 .text.stm32_spi_read_slave
                0x0800803c       0x78 Inc/MPU9250_DMP/util/stm32_mpu9250_spi.o
                0x0800803c                stm32_spi_read_slave
 .text._ZN4RF243csnE13GPIO_PinState
                0x080080b4       0x14 Inc/RF24/RF24.o
                0x080080b4                RF24::csn(GPIO_PinState)
 .text._ZN4RF242ceE13GPIO_PinState
                0x080080c8       0x14 Inc/RF24/RF24.o
                0x080080c8                RF24::ce(GPIO_PinState)
 .text._ZN4RF2413read_registerEh
                0x080080dc       0x70 Inc/RF24/RF24.o
                0x080080dc                RF24::read_register(unsigned char)
 .text._ZN4RF2414write_registerEhPhh
                0x0800814c       0x78 Inc/RF24/RF24.o
                0x0800814c                RF24::write_register(unsigned char, unsigned char*, unsigned char)
 .text._ZN4RF2414write_registerEhh
                0x080081c4       0x78 Inc/RF24/RF24.o
                0x080081c4                RF24::write_register(unsigned char, unsigned char)
 .text._ZN4RF2412read_payloadEPhh
                0x0800823c       0xa4 Inc/RF24/RF24.o
                0x0800823c                RF24::read_payload(unsigned char*, unsigned char)
 .text._ZN4RF248flush_rxEv
                0x080082e0       0x60 Inc/RF24/RF24.o
                0x080082e0                RF24::flush_rx()
 .text._ZN4RF248flush_txEv
                0x08008340       0x60 Inc/RF24/RF24.o
                0x08008340                RF24::flush_tx()
 .text._ZN4RF2410get_statusEv
                0x080083a0       0x60 Inc/RF24/RF24.o
                0x080083a0                RF24::get_status()
 .text._ZN4RF24C2EP19__SPI_HandleTypeDef
                0x08008400       0x20 Inc/RF24/RF24.o
                0x08008400                RF24::RF24(__SPI_HandleTypeDef*)
                0x08008400                RF24::RF24(__SPI_HandleTypeDef*)
 .text._ZN4RF2410setChannelEh
                0x08008420       0x14 Inc/RF24/RF24.o
                0x08008420                RF24::setChannel(unsigned char)
 .text._ZN4RF2410getChannelEv
                0x08008434        0xa Inc/RF24/RF24.o
                0x08008434                RF24::getChannel()
 .text._ZN4RF2414setPayloadSizeEh
                0x0800843e        0xc Inc/RF24/RF24.o
                0x0800843e                RF24::setPayloadSize(unsigned char)
 .text._ZN4RF2414startListeningEv
                0x0800844a       0x56 Inc/RF24/RF24.o
                0x0800844a                RF24::startListening()
 .text._ZN4RF247powerUpEv
                0x080084a0       0x1a Inc/RF24/RF24.o
                0x080084a0                RF24::powerUp()
 .text._ZN4RF249availableEPh
                0x080084ba       0x42 Inc/RF24/RF24.o
                0x080084ba                RF24::available(unsigned char*)
 .text._ZN4RF249availableEv
                0x080084fc        0xa Inc/RF24/RF24.o
                0x080084fc                RF24::available()
 .text._ZN4RF244readEPhh
                0x08008506       0x16 Inc/RF24/RF24.o
                0x08008506                RF24::read(unsigned char*, unsigned char)
 .text._ZN4RF2412whatHappenedERbS0_S0_
                0x0800851c       0x24 Inc/RF24/RF24.o
                0x0800851c                RF24::whatHappened(bool&, bool&, bool&)
 .text._ZN4RF2415openWritingPipeEy
                0x08008540       0x38 Inc/RF24/RF24.o
                0x08008540                RF24::openWritingPipe(unsigned long long)
 .text._ZN4RF2415openReadingPipeEhy
                0x08008578       0x70 Inc/RF24/RF24.o
                0x08008578                RF24::openReadingPipe(unsigned char, unsigned long long)
 .text._ZN4RF2410setAutoAckEb
                0x080085e8       0x18 Inc/RF24/RF24.o
                0x080085e8                RF24::setAutoAck(bool)
 .text._ZN4RF2410setPALevelE13rf24_pa_dbm_e
                0x08008600       0x42 Inc/RF24/RF24.o
                0x08008600                RF24::setPALevel(rf24_pa_dbm_e)
 .text._ZN4RF2411setDataRateE15rf24_datarate_e
                0x08008642       0x4c Inc/RF24/RF24.o
                0x08008642                RF24::setDataRate(rf24_datarate_e)
 .text._ZN4RF2412setCRCLengthE16rf24_crclength_e
                0x0800868e       0x2a Inc/RF24/RF24.o
                0x0800868e                RF24::setCRCLength(rf24_crclength_e)
 .text._ZN4RF245beginEv
                0x080086b8       0x72 Inc/RF24/RF24.o
                0x080086b8                RF24::begin()
 *fill*         0x0800872a        0x2 
 .text.MX_CRC_Init
                0x0800872c       0x28 Src/crc.o
                0x0800872c                MX_CRC_Init
 .text.HAL_CRC_MspInit
                0x08008754       0x2c Src/crc.o
                0x08008754                HAL_CRC_MspInit
 .text.MX_DMA_Init
                0x08008780       0x34 Src/dma.o
                0x08008780                MX_DMA_Init
 .text.MX_GPIO_Init
                0x080087b4      0x108 Src/gpio.o
                0x080087b4                MX_GPIO_Init
 .text.MX_I2C1_Init
                0x080088bc       0x44 Src/i2c.o
                0x080088bc                MX_I2C1_Init
 .text.HAL_I2C_MspInit
                0x08008900       0x5c Src/i2c.o
                0x08008900                HAL_I2C_MspInit
 .text.MX_IWDG_Init
                0x0800895c       0x30 Src/iwdg.o
                0x0800895c                MX_IWDG_Init
 .text.MX_NVIC_Init
                0x0800898c       0x94 Src/main.o
 .text.HAL_GPIO_EXTI_Callback
                0x08008a20       0x10 Src/main.o
                0x08008a20                HAL_GPIO_EXTI_Callback
 .text._Error_Handler
                0x08008a30       0x14 Src/main.o
                0x08008a30                _Error_Handler
 .text.SystemClock_Config
                0x08008a44       0x88 Src/main.o
                0x08008a44                SystemClock_Config
 .text.main     0x08008acc       0xbc Src/main.o
                0x08008acc                main
 .text.OSD_Send
                0x08008b88        0x2 Src/osd.o
                0x08008b88                OSD_Send
 *fill*         0x08008b8a        0x2 
 .text.OutControl_Init
                0x08008b8c       0x4c Src/out_control.o
                0x08008b8c                OutControl_Init
 .text.OutControl_SetValue
                0x08008bd8       0x44 Src/out_control.o
                0x08008bd8                OutControl_SetValue
 .text._Z41__static_initialization_and_destruction_0ii
                0x08008c1c       0x24 Src/radio.o
 .text.Radio_Init
                0x08008c40       0xa0 Src/radio.o
                0x08008c40                Radio_Init
 .text.Radio_Read
                0x08008ce0       0xec Src/radio.o
                0x08008ce0                Radio_Read
 .text.Radio_Interrupt
                0x08008dcc       0x34 Src/radio.o
                0x08008dcc                Radio_Interrupt
 .text._GLOBAL__sub_I_radio
                0x08008e00        0xe Src/radio.o
 *fill*         0x08008e0e        0x2 
 .text._Z41__static_initialization_and_destruction_0ii
                0x08008e10       0x20 Src/sensors.o
 .text._Z8scan_i2cv
                0x08008e30       0x88 Src/sensors.o
                0x08008e30                scan_i2c()
 .text.Sensors_Init
                0x08008eb8       0x40 Src/sensors.o
                0x08008eb8                Sensors_Init
 .text.Sensors_Read
                0x08008ef8       0xa0 Src/sensors.o
                0x08008ef8                Sensors_Read
 .text._GLOBAL__sub_I_Angles
                0x08008f98        0xe Src/sensors.o
 *fill*         0x08008fa6        0x2 
 .text.MX_SPI1_Init
                0x08008fa8       0x4c Src/spi.o
                0x08008fa8                MX_SPI1_Init
 .text.MX_SPI2_Init
                0x08008ff4       0x50 Src/spi.o
                0x08008ff4                MX_SPI2_Init
 .text.HAL_SPI_MspInit
                0x08009044       0xac Src/spi.o
                0x08009044                HAL_SPI_MspInit
 .text.HAL_MspInit
                0x080090f0       0xa0 Src/stm32f1xx_hal_msp.o
                0x080090f0                HAL_MspInit
 .text.NMI_Handler
                0x08009190        0x2 Src/stm32f1xx_it.o
                0x08009190                NMI_Handler
 .text.HardFault_Handler
                0x08009192        0x2 Src/stm32f1xx_it.o
                0x08009192                HardFault_Handler
 .text.MemManage_Handler
                0x08009194        0x2 Src/stm32f1xx_it.o
                0x08009194                MemManage_Handler
 .text.BusFault_Handler
                0x08009196        0x2 Src/stm32f1xx_it.o
                0x08009196                BusFault_Handler
 .text.UsageFault_Handler
                0x08009198        0x2 Src/stm32f1xx_it.o
                0x08009198                UsageFault_Handler
 .text.SVC_Handler
                0x0800919a        0x2 Src/stm32f1xx_it.o
                0x0800919a                SVC_Handler
 .text.DebugMon_Handler
                0x0800919c        0x2 Src/stm32f1xx_it.o
                0x0800919c                DebugMon_Handler
 .text.PendSV_Handler
                0x0800919e        0x2 Src/stm32f1xx_it.o
                0x0800919e                PendSV_Handler
 .text.SysTick_Handler
                0x080091a0        0xc Src/stm32f1xx_it.o
                0x080091a0                SysTick_Handler
 .text.DMA1_Channel3_IRQHandler
                0x080091ac       0x10 Src/stm32f1xx_it.o
                0x080091ac                DMA1_Channel3_IRQHandler
 .text.EXTI9_5_IRQHandler
                0x080091bc        0xc Src/stm32f1xx_it.o
                0x080091bc                EXTI9_5_IRQHandler
 .text.TIM4_IRQHandler
                0x080091c8       0x1c Src/stm32f1xx_it.o
                0x080091c8                TIM4_IRQHandler
 .text.I2C1_EV_IRQHandler
                0x080091e4       0x10 Src/stm32f1xx_it.o
                0x080091e4                I2C1_EV_IRQHandler
 .text.I2C1_ER_IRQHandler
                0x080091f4       0x10 Src/stm32f1xx_it.o
                0x080091f4                I2C1_ER_IRQHandler
 .text.SPI2_IRQHandler
                0x08009204       0x10 Src/stm32f1xx_it.o
                0x08009204                SPI2_IRQHandler
 .text.USART1_IRQHandler
                0x08009214       0x10 Src/stm32f1xx_it.o
                0x08009214                USART1_IRQHandler
 .text.USART2_IRQHandler
                0x08009224       0x10 Src/stm32f1xx_it.o
                0x08009224                USART2_IRQHandler
 .text.USART3_IRQHandler
                0x08009234       0x10 Src/stm32f1xx_it.o
                0x08009234                USART3_IRQHandler
 .text.EXTI15_10_IRQHandler
                0x08009244        0xc Src/stm32f1xx_it.o
                0x08009244                EXTI15_10_IRQHandler
 .text._read    0x08009250       0x1c Src/syscalls.o
                0x08009250                _read
 .text._write   0x0800926c       0x18 Src/syscalls.o
                0x0800926c                _write
 .text._sbrk    0x08009284       0x3c Src/syscalls.o
                0x08009284                _sbrk
 .text._close   0x080092c0        0x6 Src/syscalls.o
                0x080092c0                _close
 .text._fstat   0x080092c6        0xa Src/syscalls.o
                0x080092c6                _fstat
 .text._isatty  0x080092d0        0x4 Src/syscalls.o
                0x080092d0                _isatty
 .text._lseek   0x080092d4        0x4 Src/syscalls.o
                0x080092d4                _lseek
 .text.SystemInit
                0x080092d8       0x4c Src/system_stm32f1xx.o
                0x080092d8                SystemInit
 .text.MX_TIM4_Init
                0x08009324       0x78 Src/tim.o
                0x08009324                MX_TIM4_Init
 .text.HAL_TIM_Base_MspInit
                0x0800939c       0x6c Src/tim.o
                0x0800939c                HAL_TIM_Base_MspInit
 .text.HAL_TIM_MspPostInit
                0x08009408       0x68 Src/tim.o
                0x08009408                HAL_TIM_MspPostInit
 .text.MX_TIM1_Init
                0x08009470      0x100 Src/tim.o
                0x08009470                MX_TIM1_Init
 .text.MX_TIM3_Init
                0x08009570       0xec Src/tim.o
                0x08009570                MX_TIM3_Init
 .text.getMicros
                0x0800965c       0x1c Src/tim.o
                0x0800965c                getMicros
 .text.HAL_DelayMicros
                0x08009678       0x14 Src/tim.o
                0x08009678                HAL_DelayMicros
 .text.MX_USART1_UART_Init
                0x0800968c       0x3c Src/usart.o
                0x0800968c                MX_USART1_UART_Init
 .text.MX_USART2_UART_Init
                0x080096c8       0x3c Src/usart.o
                0x080096c8                MX_USART2_UART_Init
 .text.MX_USART3_UART_Init
                0x08009704       0x40 Src/usart.o
                0x08009704                MX_USART3_UART_Init
 .text.HAL_UART_MspInit
                0x08009744      0x144 Src/usart.o
                0x08009744                HAL_UART_MspInit
 .text.Reset_Handler
                0x08009888       0x48 startup/startup_stm32f103xb.o
                0x08009888                Reset_Handler
 .text.Default_Handler
                0x080098d0        0x2 startup/startup_stm32f103xb.o
                0x080098d0                RTC_Alarm_IRQHandler
                0x080098d0                EXTI2_IRQHandler
                0x080098d0                TIM1_CC_IRQHandler
                0x080098d0                PVD_IRQHandler
                0x080098d0                EXTI3_IRQHandler
                0x080098d0                EXTI0_IRQHandler
                0x080098d0                I2C2_EV_IRQHandler
                0x080098d0                ADC1_2_IRQHandler
                0x080098d0                SPI1_IRQHandler
                0x080098d0                TAMPER_IRQHandler
                0x080098d0                DMA1_Channel4_IRQHandler
                0x080098d0                RTC_IRQHandler
                0x080098d0                DMA1_Channel7_IRQHandler
                0x080098d0                CAN1_RX1_IRQHandler
                0x080098d0                DMA1_Channel6_IRQHandler
                0x080098d0                TIM3_IRQHandler
                0x080098d0                RCC_IRQHandler
                0x080098d0                TIM1_TRG_COM_IRQHandler
                0x080098d0                DMA1_Channel1_IRQHandler
                0x080098d0                Default_Handler
                0x080098d0                DMA1_Channel5_IRQHandler
                0x080098d0                EXTI4_IRQHandler
                0x080098d0                USB_LP_CAN1_RX0_IRQHandler
                0x080098d0                USB_HP_CAN1_TX_IRQHandler
                0x080098d0                TIM1_UP_IRQHandler
                0x080098d0                WWDG_IRQHandler
                0x080098d0                TIM2_IRQHandler
                0x080098d0                TIM1_BRK_IRQHandler
                0x080098d0                EXTI1_IRQHandler
                0x080098d0                I2C2_ER_IRQHandler
                0x080098d0                DMA1_Channel2_IRQHandler
                0x080098d0                CAN1_SCE_IRQHandler
                0x080098d0                FLASH_IRQHandler
                0x080098d0                USBWakeUp_IRQHandler
 *fill*         0x080098d2        0x6 
 .text.floor    0x080098d8      0x108 c:/ac6/systemworkbench/plugins/fr.ac6.mcu.externaltools.arm-none.win32_1.16.0.201807130628/tools/compiler/bin/../lib/gcc/arm-none-eabi/7.2.1/../../../../arm-none-eabi/lib/thumb/v7-m\libm.a(lib_a-s_floor.o)
                0x080098d8                floor
 .text.asinf    0x080099e0       0x9c c:/ac6/systemworkbench/plugins/fr.ac6.mcu.externaltools.arm-none.win32_1.16.0.201807130628/tools/compiler/bin/../lib/gcc/arm-none-eabi/7.2.1/../../../../arm-none-eabi/lib/thumb/v7-m\libm.a(lib_a-wf_asin.o)
                0x080099e0                asinf
 .text.atan2f   0x08009a7c        0x4 c:/ac6/systemworkbench/plugins/fr.ac6.mcu.externaltools.arm-none.win32_1.16.0.201807130628/tools/compiler/bin/../lib/gcc/arm-none-eabi/7.2.1/../../../../arm-none-eabi/lib/thumb/v7-m\libm.a(lib_a-wf_atan2.o)
                0x08009a7c                atan2f
 .text.sqrtf    0x08009a80       0xa0 c:/ac6/systemworkbench/plugins/fr.ac6.mcu.externaltools.arm-none.win32_1.16.0.201807130628/tools/compiler/bin/../lib/gcc/arm-none-eabi/7.2.1/../../../../arm-none-eabi/lib/thumb/v7-m\libm.a(lib_a-wf_sqrt.o)
                0x08009a80                sqrtf
 .text.__ieee754_asinf
                0x08009b20      0x290 c:/ac6/systemworkbench/plugins/fr.ac6.mcu.externaltools.arm-none.win32_1.16.0.201807130628/tools/compiler/bin/../lib/gcc/arm-none-eabi/7.2.1/../../../../arm-none-eabi/lib/thumb/v7-m\libm.a(lib_a-ef_asin.o)
                0x08009b20                __ieee754_asinf
 .text.__ieee754_atan2f
                0x08009db0      0x120 c:/ac6/systemworkbench/plugins/fr.ac6.mcu.externaltools.arm-none.win32_1.16.0.201807130628/tools/compiler/bin/../lib/gcc/arm-none-eabi/7.2.1/../../../../arm-none-eabi/lib/thumb/v7-m\libm.a(lib_a-ef_atan2.o)
                0x08009db0                __ieee754_atan2f
 .text.__ieee754_sqrtf
                0x08009ed0       0xa8 c:/ac6/systemworkbench/plugins/fr.ac6.mcu.externaltools.arm-none.win32_1.16.0.201807130628/tools/compiler/bin/../lib/gcc/arm-none-eabi/7.2.1/../../../../arm-none-eabi/lib/thumb/v7-m\libm.a(lib_a-ef_sqrt.o)
                0x08009ed0                __ieee754_sqrtf
 .text.matherr  0x08009f78        0x4 c:/ac6/systemworkbench/plugins/fr.ac6.mcu.externaltools.arm-none.win32_1.16.0.201807130628/tools/compiler/bin/../lib/gcc/arm-none-eabi/7.2.1/../../../../arm-none-eabi/lib/thumb/v7-m\libm.a(lib_a-s_matherr.o)
                0x08009f78                matherr
 .text.nan      0x08009f7c        0xc c:/ac6/systemworkbench/plugins/fr.ac6.mcu.externaltools.arm-none.win32_1.16.0.201807130628/tools/compiler/bin/../lib/gcc/arm-none-eabi/7.2.1/../../../../arm-none-eabi/lib/thumb/v7-m\libm.a(lib_a-s_nan.o)
                0x08009f7c                nan
 .text.atanf    0x08009f88      0x21c c:/ac6/systemworkbench/plugins/fr.ac6.mcu.externaltools.arm-none.win32_1.16.0.201807130628/tools/compiler/bin/../lib/gcc/arm-none-eabi/7.2.1/../../../../arm-none-eabi/lib/thumb/v7-m\libm.a(lib_a-sf_atan.o)
                0x08009f88                atanf
 .text.fabsf    0x0800a1a4        0x8 c:/ac6/systemworkbench/plugins/fr.ac6.mcu.externaltools.arm-none.win32_1.16.0.201807130628/tools/compiler/bin/../lib/gcc/arm-none-eabi/7.2.1/../../../../arm-none-eabi/lib/thumb/v7-m\libm.a(lib_a-sf_fabs.o)
                0x0800a1a4                fabsf
 .text.atof     0x0800a1ac        0x6 c:/ac6/systemworkbench/plugins/fr.ac6.mcu.externaltools.arm-none.win32_1.16.0.201807130628/tools/compiler/bin/../lib/gcc/arm-none-eabi/7.2.1/../../../../arm-none-eabi/lib/thumb/v7-m\libc_nano.a(lib_a-atof.o)
                0x0800a1ac                atof
 .text.atoi     0x0800a1b2        0x8 c:/ac6/systemworkbench/plugins/fr.ac6.mcu.externaltools.arm-none.win32_1.16.0.201807130628/tools/compiler/bin/../lib/gcc/arm-none-eabi/7.2.1/../../../../arm-none-eabi/lib/thumb/v7-m\libc_nano.a(lib_a-atoi.o)
                0x0800a1b2                atoi
 *fill*         0x0800a1ba        0x2 
 .text.__errno  0x0800a1bc        0xc c:/ac6/systemworkbench/plugins/fr.ac6.mcu.externaltools.arm-none.win32_1.16.0.201807130628/tools/compiler/bin/../lib/gcc/arm-none-eabi/7.2.1/../../../../arm-none-eabi/lib/thumb/v7-m\libc_nano.a(lib_a-errno.o)
                0x0800a1bc                __errno
 .text.__libc_init_array
                0x0800a1c8       0x48 c:/ac6/systemworkbench/plugins/fr.ac6.mcu.externaltools.arm-none.win32_1.16.0.201807130628/tools/compiler/bin/../lib/gcc/arm-none-eabi/7.2.1/../../../../arm-none-eabi/lib/thumb/v7-m\libc_nano.a(lib_a-init.o)
                0x0800a1c8                __libc_init_array
 .text.memcmp   0x0800a210       0x1e c:/ac6/systemworkbench/plugins/fr.ac6.mcu.externaltools.arm-none.win32_1.16.0.201807130628/tools/compiler/bin/../lib/gcc/arm-none-eabi/7.2.1/../../../../arm-none-eabi/lib/thumb/v7-m\libc_nano.a(lib_a-memcmp.o)
                0x0800a210                memcmp
 .text.memset   0x0800a22e       0x10 c:/ac6/systemworkbench/plugins/fr.ac6.mcu.externaltools.arm-none.win32_1.16.0.201807130628/tools/compiler/bin/../lib/gcc/arm-none-eabi/7.2.1/../../../../arm-none-eabi/lib/thumb/v7-m\libc_nano.a(lib_a-memset.o)
                0x0800a22e                memset
 .text.__cvt    0x0800a23e       0xb8 c:/ac6/systemworkbench/plugins/fr.ac6.mcu.externaltools.arm-none.win32_1.16.0.201807130628/tools/compiler/bin/../lib/gcc/arm-none-eabi/7.2.1/../../../../arm-none-eabi/lib/thumb/v7-m\libc_nano.a(lib_a-nano-vfprintf_float.o)
                0x0800a23e                __cvt
 .text.__exponent
                0x0800a2f6       0x6a c:/ac6/systemworkbench/plugins/fr.ac6.mcu.externaltools.arm-none.win32_1.16.0.201807130628/tools/compiler/bin/../lib/gcc/arm-none-eabi/7.2.1/../../../../arm-none-eabi/lib/thumb/v7-m\libc_nano.a(lib_a-nano-vfprintf_float.o)
                0x0800a2f6                __exponent
 .text._printf_float
                0x0800a360      0x46c c:/ac6/systemworkbench/plugins/fr.ac6.mcu.externaltools.arm-none.win32_1.16.0.201807130628/tools/compiler/bin/../lib/gcc/arm-none-eabi/7.2.1/../../../../arm-none-eabi/lib/thumb/v7-m\libc_nano.a(lib_a-nano-vfprintf_float.o)
                0x0800a360                _printf_float
 .text._printf_common
                0x0800a7cc       0xec c:/ac6/systemworkbench/plugins/fr.ac6.mcu.externaltools.arm-none.win32_1.16.0.201807130628/tools/compiler/bin/../lib/gcc/arm-none-eabi/7.2.1/../../../../arm-none-eabi/lib/thumb/v7-m\libc_nano.a(lib_a-nano-vfprintf_i.o)
                0x0800a7cc                _printf_common
 .text._printf_i
                0x0800a8b8      0x224 c:/ac6/systemworkbench/plugins/fr.ac6.mcu.externaltools.arm-none.win32_1.16.0.201807130628/tools/compiler/bin/../lib/gcc/arm-none-eabi/7.2.1/../../../../arm-none-eabi/lib/thumb/v7-m\libc_nano.a(lib_a-nano-vfprintf_i.o)
                0x0800a8b8                _printf_i
 .text.printf   0x0800aadc       0x30 c:/ac6/systemworkbench/plugins/fr.ac6.mcu.externaltools.arm-none.win32_1.16.0.201807130628/tools/compiler/bin/../lib/gcc/arm-none-eabi/7.2.1/../../../../arm-none-eabi/lib/thumb/v7-m\libc_nano.a(lib_a-printf.o)
                0x0800aadc                iprintf
                0x0800aadc                printf
 .text._puts_r  0x0800ab0c       0xb8 c:/ac6/systemworkbench/plugins/fr.ac6.mcu.externaltools.arm-none.win32_1.16.0.201807130628/tools/compiler/bin/../lib/gcc/arm-none-eabi/7.2.1/../../../../arm-none-eabi/lib/thumb/v7-m\libc_nano.a(lib_a-puts.o)
                0x0800ab0c                _puts_r
 .text.puts     0x0800abc4       0x10 c:/ac6/systemworkbench/plugins/fr.ac6.mcu.externaltools.arm-none.win32_1.16.0.201807130628/tools/compiler/bin/../lib/gcc/arm-none-eabi/7.2.1/../../../../arm-none-eabi/lib/thumb/v7-m\libc_nano.a(lib_a-puts.o)
                0x0800abc4                puts
 .text.strcat   0x0800abd4       0x1e c:/ac6/systemworkbench/plugins/fr.ac6.mcu.externaltools.arm-none.win32_1.16.0.201807130628/tools/compiler/bin/../lib/gcc/arm-none-eabi/7.2.1/../../../../arm-none-eabi/lib/thumb/v7-m\libc_nano.a(lib_a-strcat.o)
                0x0800abd4                strcat
 .text.strchr   0x0800abf2       0x1a c:/ac6/systemworkbench/plugins/fr.ac6.mcu.externaltools.arm-none.win32_1.16.0.201807130628/tools/compiler/bin/../lib/gcc/arm-none-eabi/7.2.1/../../../../arm-none-eabi/lib/thumb/v7-m\libc_nano.a(lib_a-strchr.o)
                0x0800abf2                strchr
 .text.strcpy   0x0800ac0c       0x10 c:/ac6/systemworkbench/plugins/fr.ac6.mcu.externaltools.arm-none.win32_1.16.0.201807130628/tools/compiler/bin/../lib/gcc/arm-none-eabi/7.2.1/../../../../arm-none-eabi/lib/thumb/v7-m\libc_nano.a(lib_a-strcpy.o)
                0x0800ac0c                strcpy
 .text.strncat  0x0800ac1c       0x28 c:/ac6/systemworkbench/plugins/fr.ac6.mcu.externaltools.arm-none.win32_1.16.0.201807130628/tools/compiler/bin/../lib/gcc/arm-none-eabi/7.2.1/../../../../arm-none-eabi/lib/thumb/v7-m\libc_nano.a(lib_a-strncat.o)
                0x0800ac1c                strncat
 .text.strncpy  0x0800ac44       0x2a c:/ac6/systemworkbench/plugins/fr.ac6.mcu.externaltools.arm-none.win32_1.16.0.201807130628/tools/compiler/bin/../lib/gcc/arm-none-eabi/7.2.1/../../../../arm-none-eabi/lib/thumb/v7-m\libc_nano.a(lib_a-strncpy.o)
                0x0800ac44                strncpy
 .text.unlikely.sulp
                0x0800ac6e       0x42 c:/ac6/systemworkbench/plugins/fr.ac6.mcu.externaltools.arm-none.win32_1.16.0.201807130628/tools/compiler/bin/../lib/gcc/arm-none-eabi/7.2.1/../../../../arm-none-eabi/lib/thumb/v7-m\libc_nano.a(lib_a-strtod.o)
 .text._strtod_l
                0x0800acb0      0xc00 c:/ac6/systemworkbench/plugins/fr.ac6.mcu.externaltools.arm-none.win32_1.16.0.201807130628/tools/compiler/bin/../lib/gcc/arm-none-eabi/7.2.1/../../../../arm-none-eabi/lib/thumb/v7-m\libc_nano.a(lib_a-strtod.o)
                0x0800acb0                _strtod_l
 .text.strtod   0x0800b8b0       0x24 c:/ac6/systemworkbench/plugins/fr.ac6.mcu.externaltools.arm-none.win32_1.16.0.201807130628/tools/compiler/bin/../lib/gcc/arm-none-eabi/7.2.1/../../../../arm-none-eabi/lib/thumb/v7-m\libc_nano.a(lib_a-strtod.o)
                0x0800b8b0                strtod
 .text.strtok   0x0800b8d4       0x54 c:/ac6/systemworkbench/plugins/fr.ac6.mcu.externaltools.arm-none.win32_1.16.0.201807130628/tools/compiler/bin/../lib/gcc/arm-none-eabi/7.2.1/../../../../arm-none-eabi/lib/thumb/v7-m\libc_nano.a(lib_a-strtok.o)
                0x0800b8d4                strtok
 .text.__strtok_r
                0x0800b928       0x54 c:/ac6/systemworkbench/plugins/fr.ac6.mcu.externaltools.arm-none.win32_1.16.0.201807130628/tools/compiler/bin/../lib/gcc/arm-none-eabi/7.2.1/../../../../arm-none-eabi/lib/thumb/v7-m\libc_nano.a(lib_a-strtok_r.o)
                0x0800b928                __strtok_r
 .text._strtol_l.isra.0
                0x0800b97c       0xf6 c:/ac6/systemworkbench/plugins/fr.ac6.mcu.externaltools.arm-none.win32_1.16.0.201807130628/tools/compiler/bin/../lib/gcc/arm-none-eabi/7.2.1/../../../../arm-none-eabi/lib/thumb/v7-m\libc_nano.a(lib_a-strtol.o)
 *fill*         0x0800ba72        0x2 
 .text.strtol   0x0800ba74       0x2c c:/ac6/systemworkbench/plugins/fr.ac6.mcu.externaltools.arm-none.win32_1.16.0.201807130628/tools/compiler/bin/../lib/gcc/arm-none-eabi/7.2.1/../../../../arm-none-eabi/lib/thumb/v7-m\libc_nano.a(lib_a-strtol.o)
                0x0800ba74                strtol
 .text.__swbuf_r
                0x0800baa0       0xa4 c:/ac6/systemworkbench/plugins/fr.ac6.mcu.externaltools.arm-none.win32_1.16.0.201807130628/tools/compiler/bin/../lib/gcc/arm-none-eabi/7.2.1/../../../../arm-none-eabi/lib/thumb/v7-m\libc_nano.a(lib_a-wbuf.o)
                0x0800baa0                __swbuf_r
 .text.__swsetup_r
                0x0800bb44       0xdc c:/ac6/systemworkbench/plugins/fr.ac6.mcu.externaltools.arm-none.win32_1.16.0.201807130628/tools/compiler/bin/../lib/gcc/arm-none-eabi/7.2.1/../../../../arm-none-eabi/lib/thumb/v7-m\libc_nano.a(lib_a-wsetup.o)
                0x0800bb44                __swsetup_r
 .text.quorem   0x0800bc20      0x11c c:/ac6/systemworkbench/plugins/fr.ac6.mcu.externaltools.arm-none.win32_1.16.0.201807130628/tools/compiler/bin/../lib/gcc/arm-none-eabi/7.2.1/../../../../arm-none-eabi/lib/thumb/v7-m\libc_nano.a(lib_a-dtoa.o)
 *fill*         0x0800bd3c        0x4 
 .text._dtoa_r  0x0800bd40      0xb68 c:/ac6/systemworkbench/plugins/fr.ac6.mcu.externaltools.arm-none.win32_1.16.0.201807130628/tools/compiler/bin/../lib/gcc/arm-none-eabi/7.2.1/../../../../arm-none-eabi/lib/thumb/v7-m\libc_nano.a(lib_a-dtoa.o)
                0x0800bd40                _dtoa_r
 .text.__sflush_r
                0x0800c8a8      0x10c c:/ac6/systemworkbench/plugins/fr.ac6.mcu.externaltools.arm-none.win32_1.16.0.201807130628/tools/compiler/bin/../lib/gcc/arm-none-eabi/7.2.1/../../../../arm-none-eabi/lib/thumb/v7-m\libc_nano.a(lib_a-fflush.o)
                0x0800c8a8                __sflush_r
 .text._fflush_r
                0x0800c9b4       0x54 c:/ac6/systemworkbench/plugins/fr.ac6.mcu.externaltools.arm-none.win32_1.16.0.201807130628/tools/compiler/bin/../lib/gcc/arm-none-eabi/7.2.1/../../../../arm-none-eabi/lib/thumb/v7-m\libc_nano.a(lib_a-fflush.o)
                0x0800c9b4                _fflush_r
 .text.std      0x0800ca08       0x48 c:/ac6/systemworkbench/plugins/fr.ac6.mcu.externaltools.arm-none.win32_1.16.0.201807130628/tools/compiler/bin/../lib/gcc/arm-none-eabi/7.2.1/../../../../arm-none-eabi/lib/thumb/v7-m\libc_nano.a(lib_a-findfp.o)
 .text._cleanup_r
                0x0800ca50        0xc c:/ac6/systemworkbench/plugins/fr.ac6.mcu.externaltools.arm-none.win32_1.16.0.201807130628/tools/compiler/bin/../lib/gcc/arm-none-eabi/7.2.1/../../../../arm-none-eabi/lib/thumb/v7-m\libc_nano.a(lib_a-findfp.o)
                0x0800ca50                _cleanup_r
 .text.__sfmoreglue
                0x0800ca5c       0x2c c:/ac6/systemworkbench/plugins/fr.ac6.mcu.externaltools.arm-none.win32_1.16.0.201807130628/tools/compiler/bin/../lib/gcc/arm-none-eabi/7.2.1/../../../../arm-none-eabi/lib/thumb/v7-m\libc_nano.a(lib_a-findfp.o)
                0x0800ca5c                __sfmoreglue
 .text.__sinit  0x0800ca88       0x60 c:/ac6/systemworkbench/plugins/fr.ac6.mcu.externaltools.arm-none.win32_1.16.0.201807130628/tools/compiler/bin/../lib/gcc/arm-none-eabi/7.2.1/../../../../arm-none-eabi/lib/thumb/v7-m\libc_nano.a(lib_a-findfp.o)
                0x0800ca88                __sinit
 .text.__sfp    0x0800cae8       0x78 c:/ac6/systemworkbench/plugins/fr.ac6.mcu.externaltools.arm-none.win32_1.16.0.201807130628/tools/compiler/bin/../lib/gcc/arm-none-eabi/7.2.1/../../../../arm-none-eabi/lib/thumb/v7-m\libc_nano.a(lib_a-findfp.o)
                0x0800cae8                __sfp
 .text._fwalk_reent
                0x0800cb60       0x3c c:/ac6/systemworkbench/plugins/fr.ac6.mcu.externaltools.arm-none.win32_1.16.0.201807130628/tools/compiler/bin/../lib/gcc/arm-none-eabi/7.2.1/../../../../arm-none-eabi/lib/thumb/v7-m\libc_nano.a(lib_a-fwalk.o)
                0x0800cb60                _fwalk_reent
 .text.rshift   0x0800cb9c       0x76 c:/ac6/systemworkbench/plugins/fr.ac6.mcu.externaltools.arm-none.win32_1.16.0.201807130628/tools/compiler/bin/../lib/gcc/arm-none-eabi/7.2.1/../../../../arm-none-eabi/lib/thumb/v7-m\libc_nano.a(lib_a-gdtoa-gethex.o)
 .text.__hexdig_fun
                0x0800cc12       0x2a c:/ac6/systemworkbench/plugins/fr.ac6.mcu.externaltools.arm-none.win32_1.16.0.201807130628/tools/compiler/bin/../lib/gcc/arm-none-eabi/7.2.1/../../../../arm-none-eabi/lib/thumb/v7-m\libc_nano.a(lib_a-gdtoa-gethex.o)
                0x0800cc12                __hexdig_fun
 .text.__gethex
                0x0800cc3c      0x444 c:/ac6/systemworkbench/plugins/fr.ac6.mcu.externaltools.arm-none.win32_1.16.0.201807130628/tools/compiler/bin/../lib/gcc/arm-none-eabi/7.2.1/../../../../arm-none-eabi/lib/thumb/v7-m\libc_nano.a(lib_a-gdtoa-gethex.o)
                0x0800cc3c                __gethex
 .text.L_shift  0x0800d080       0x24 c:/ac6/systemworkbench/plugins/fr.ac6.mcu.externaltools.arm-none.win32_1.16.0.201807130628/tools/compiler/bin/../lib/gcc/arm-none-eabi/7.2.1/../../../../arm-none-eabi/lib/thumb/v7-m\libc_nano.a(lib_a-gdtoa-hexnan.o)
 .text.__match  0x0800d0a4       0x28 c:/ac6/systemworkbench/plugins/fr.ac6.mcu.externaltools.arm-none.win32_1.16.0.201807130628/tools/compiler/bin/../lib/gcc/arm-none-eabi/7.2.1/../../../../arm-none-eabi/lib/thumb/v7-m\libc_nano.a(lib_a-gdtoa-hexnan.o)
                0x0800d0a4                __match
 .text.__hexnan
                0x0800d0cc      0x120 c:/ac6/systemworkbench/plugins/fr.ac6.mcu.externaltools.arm-none.win32_1.16.0.201807130628/tools/compiler/bin/../lib/gcc/arm-none-eabi/7.2.1/../../../../arm-none-eabi/lib/thumb/v7-m\libc_nano.a(lib_a-gdtoa-hexnan.o)
                0x0800d0cc                __hexnan
 .text.__locale_ctype_ptr_l
                0x0800d1ec        0x6 c:/ac6/systemworkbench/plugins/fr.ac6.mcu.externaltools.arm-none.win32_1.16.0.201807130628/tools/compiler/bin/../lib/gcc/arm-none-eabi/7.2.1/../../../../arm-none-eabi/lib/thumb/v7-m\libc_nano.a(lib_a-locale.o)
                0x0800d1ec                __locale_ctype_ptr_l
 .text.__localeconv_l
                0x0800d1f2        0x4 c:/ac6/systemworkbench/plugins/fr.ac6.mcu.externaltools.arm-none.win32_1.16.0.201807130628/tools/compiler/bin/../lib/gcc/arm-none-eabi/7.2.1/../../../../arm-none-eabi/lib/thumb/v7-m\libc_nano.a(lib_a-localeconv.o)
                0x0800d1f2                __localeconv_l
 *fill*         0x0800d1f6        0x2 
 .text._localeconv_r
                0x0800d1f8       0x1c c:/ac6/systemworkbench/plugins/fr.ac6.mcu.externaltools.arm-none.win32_1.16.0.201807130628/tools/compiler/bin/../lib/gcc/arm-none-eabi/7.2.1/../../../../arm-none-eabi/lib/thumb/v7-m\libc_nano.a(lib_a-localeconv.o)
                0x0800d1f8                _localeconv_r
 .text.__swhatbuf_r
                0x0800d214       0x48 c:/ac6/systemworkbench/plugins/fr.ac6.mcu.externaltools.arm-none.win32_1.16.0.201807130628/tools/compiler/bin/../lib/gcc/arm-none-eabi/7.2.1/../../../../arm-none-eabi/lib/thumb/v7-m\libc_nano.a(lib_a-makebuf.o)
                0x0800d214                __swhatbuf_r
 .text.__smakebuf_r
                0x0800d25c       0x80 c:/ac6/systemworkbench/plugins/fr.ac6.mcu.externaltools.arm-none.win32_1.16.0.201807130628/tools/compiler/bin/../lib/gcc/arm-none-eabi/7.2.1/../../../../arm-none-eabi/lib/thumb/v7-m\libc_nano.a(lib_a-makebuf.o)
                0x0800d25c                __smakebuf_r
 .text.malloc   0x0800d2dc       0x10 c:/ac6/systemworkbench/plugins/fr.ac6.mcu.externaltools.arm-none.win32_1.16.0.201807130628/tools/compiler/bin/../lib/gcc/arm-none-eabi/7.2.1/../../../../arm-none-eabi/lib/thumb/v7-m\libc_nano.a(lib_a-malloc.o)
                0x0800d2dc                malloc
 .text.__ascii_mbtowc
                0x0800d2ec       0x24 c:/ac6/systemworkbench/plugins/fr.ac6.mcu.externaltools.arm-none.win32_1.16.0.201807130628/tools/compiler/bin/../lib/gcc/arm-none-eabi/7.2.1/../../../../arm-none-eabi/lib/thumb/v7-m\libc_nano.a(lib_a-mbtowc_r.o)
                0x0800d2ec                __ascii_mbtowc
 .text.memchr   0x0800d310       0x1c c:/ac6/systemworkbench/plugins/fr.ac6.mcu.externaltools.arm-none.win32_1.16.0.201807130628/tools/compiler/bin/../lib/gcc/arm-none-eabi/7.2.1/../../../../arm-none-eabi/lib/thumb/v7-m\libc_nano.a(lib_a-memchr-stub.o)
                0x0800d310                memchr
 .text.memcpy   0x0800d32c       0x16 c:/ac6/systemworkbench/plugins/fr.ac6.mcu.externaltools.arm-none.win32_1.16.0.201807130628/tools/compiler/bin/../lib/gcc/arm-none-eabi/7.2.1/../../../../arm-none-eabi/lib/thumb/v7-m\libc_nano.a(lib_a-memcpy-stub.o)
                0x0800d32c                memcpy
 .text._Balloc  0x0800d342       0x68 c:/ac6/systemworkbench/plugins/fr.ac6.mcu.externaltools.arm-none.win32_1.16.0.201807130628/tools/compiler/bin/../lib/gcc/arm-none-eabi/7.2.1/../../../../arm-none-eabi/lib/thumb/v7-m\libc_nano.a(lib_a-mprec.o)
                0x0800d342                _Balloc
 .text._Bfree   0x0800d3aa       0x2e c:/ac6/systemworkbench/plugins/fr.ac6.mcu.externaltools.arm-none.win32_1.16.0.201807130628/tools/compiler/bin/../lib/gcc/arm-none-eabi/7.2.1/../../../../arm-none-eabi/lib/thumb/v7-m\libc_nano.a(lib_a-mprec.o)
                0x0800d3aa                _Bfree
 .text.__multadd
                0x0800d3d8       0x76 c:/ac6/systemworkbench/plugins/fr.ac6.mcu.externaltools.arm-none.win32_1.16.0.201807130628/tools/compiler/bin/../lib/gcc/arm-none-eabi/7.2.1/../../../../arm-none-eabi/lib/thumb/v7-m\libc_nano.a(lib_a-mprec.o)
                0x0800d3d8                __multadd
 .text.__s2b    0x0800d44e       0x7c c:/ac6/systemworkbench/plugins/fr.ac6.mcu.externaltools.arm-none.win32_1.16.0.201807130628/tools/compiler/bin/../lib/gcc/arm-none-eabi/7.2.1/../../../../arm-none-eabi/lib/thumb/v7-m\libc_nano.a(lib_a-mprec.o)
                0x0800d44e                __s2b
 .text.__hi0bits
                0x0800d4ca       0x3e c:/ac6/systemworkbench/plugins/fr.ac6.mcu.externaltools.arm-none.win32_1.16.0.201807130628/tools/compiler/bin/../lib/gcc/arm-none-eabi/7.2.1/../../../../arm-none-eabi/lib/thumb/v7-m\libc_nano.a(lib_a-mprec.o)
                0x0800d4ca                __hi0bits
 .text.__lo0bits
                0x0800d508       0x5e c:/ac6/systemworkbench/plugins/fr.ac6.mcu.externaltools.arm-none.win32_1.16.0.201807130628/tools/compiler/bin/../lib/gcc/arm-none-eabi/7.2.1/../../../../arm-none-eabi/lib/thumb/v7-m\libc_nano.a(lib_a-mprec.o)
                0x0800d508                __lo0bits
 .text.__i2b    0x0800d566       0x12 c:/ac6/systemworkbench/plugins/fr.ac6.mcu.externaltools.arm-none.win32_1.16.0.201807130628/tools/compiler/bin/../lib/gcc/arm-none-eabi/7.2.1/../../../../arm-none-eabi/lib/thumb/v7-m\libc_nano.a(lib_a-mprec.o)
                0x0800d566                __i2b
 .text.__multiply
                0x0800d578      0x12a c:/ac6/systemworkbench/plugins/fr.ac6.mcu.externaltools.arm-none.win32_1.16.0.201807130628/tools/compiler/bin/../lib/gcc/arm-none-eabi/7.2.1/../../../../arm-none-eabi/lib/thumb/v7-m\libc_nano.a(lib_a-mprec.o)
                0x0800d578                __multiply
 *fill*         0x0800d6a2        0x2 
 .text.__pow5mult
                0x0800d6a4       0x9c c:/ac6/systemworkbench/plugins/fr.ac6.mcu.externaltools.arm-none.win32_1.16.0.201807130628/tools/compiler/bin/../lib/gcc/arm-none-eabi/7.2.1/../../../../arm-none-eabi/lib/thumb/v7-m\libc_nano.a(lib_a-mprec.o)
                0x0800d6a4                __pow5mult
 .text.__lshift
                0x0800d740       0xa8 c:/ac6/systemworkbench/plugins/fr.ac6.mcu.externaltools.arm-none.win32_1.16.0.201807130628/tools/compiler/bin/../lib/gcc/arm-none-eabi/7.2.1/../../../../arm-none-eabi/lib/thumb/v7-m\libc_nano.a(lib_a-mprec.o)
                0x0800d740                __lshift
 .text.__mcmp   0x0800d7e8       0x34 c:/ac6/systemworkbench/plugins/fr.ac6.mcu.externaltools.arm-none.win32_1.16.0.201807130628/tools/compiler/bin/../lib/gcc/arm-none-eabi/7.2.1/../../../../arm-none-eabi/lib/thumb/v7-m\libc_nano.a(lib_a-mprec.o)
                0x0800d7e8                __mcmp
 .text.__mdiff  0x0800d81c       0xbc c:/ac6/systemworkbench/plugins/fr.ac6.mcu.externaltools.arm-none.win32_1.16.0.201807130628/tools/compiler/bin/../lib/gcc/arm-none-eabi/7.2.1/../../../../arm-none-eabi/lib/thumb/v7-m\libc_nano.a(lib_a-mprec.o)
                0x0800d81c                __mdiff
 .text.__ulp    0x0800d8d8       0x48 c:/ac6/systemworkbench/plugins/fr.ac6.mcu.externaltools.arm-none.win32_1.16.0.201807130628/tools/compiler/bin/../lib/gcc/arm-none-eabi/7.2.1/../../../../arm-none-eabi/lib/thumb/v7-m\libc_nano.a(lib_a-mprec.o)
                0x0800d8d8                __ulp
 .text.__b2d    0x0800d920       0xa4 c:/ac6/systemworkbench/plugins/fr.ac6.mcu.externaltools.arm-none.win32_1.16.0.201807130628/tools/compiler/bin/../lib/gcc/arm-none-eabi/7.2.1/../../../../arm-none-eabi/lib/thumb/v7-m\libc_nano.a(lib_a-mprec.o)
                0x0800d920                __b2d
 .text.__d2b    0x0800d9c4       0x9e c:/ac6/systemworkbench/plugins/fr.ac6.mcu.externaltools.arm-none.win32_1.16.0.201807130628/tools/compiler/bin/../lib/gcc/arm-none-eabi/7.2.1/../../../../arm-none-eabi/lib/thumb/v7-m\libc_nano.a(lib_a-mprec.o)
                0x0800d9c4                __d2b
 .text.__ratio  0x0800da62       0x5c c:/ac6/systemworkbench/plugins/fr.ac6.mcu.externaltools.arm-none.win32_1.16.0.201807130628/tools/compiler/bin/../lib/gcc/arm-none-eabi/7.2.1/../../../../arm-none-eabi/lib/thumb/v7-m\libc_nano.a(lib_a-mprec.o)
                0x0800da62                __ratio
 .text.__copybits
                0x0800dabe       0x34 c:/ac6/systemworkbench/plugins/fr.ac6.mcu.externaltools.arm-none.win32_1.16.0.201807130628/tools/compiler/bin/../lib/gcc/arm-none-eabi/7.2.1/../../../../arm-none-eabi/lib/thumb/v7-m\libc_nano.a(lib_a-mprec.o)
                0x0800dabe                __copybits
 .text.__any_on
                0x0800daf2       0x42 c:/ac6/systemworkbench/plugins/fr.ac6.mcu.externaltools.arm-none.win32_1.16.0.201807130628/tools/compiler/bin/../lib/gcc/arm-none-eabi/7.2.1/../../../../arm-none-eabi/lib/thumb/v7-m\libc_nano.a(lib_a-mprec.o)
                0x0800daf2                __any_on
 .text._calloc_r
                0x0800db34       0x1c c:/ac6/systemworkbench/plugins/fr.ac6.mcu.externaltools.arm-none.win32_1.16.0.201807130628/tools/compiler/bin/../lib/gcc/arm-none-eabi/7.2.1/../../../../arm-none-eabi/lib/thumb/v7-m\libc_nano.a(lib_a-nano-callocr.o)
                0x0800db34                _calloc_r
 .text._free_r  0x0800db50       0x98 c:/ac6/systemworkbench/plugins/fr.ac6.mcu.externaltools.arm-none.win32_1.16.0.201807130628/tools/compiler/bin/../lib/gcc/arm-none-eabi/7.2.1/../../../../arm-none-eabi/lib/thumb/v7-m\libc_nano.a(lib_a-nano-freer.o)
                0x0800db50                _free_r
 .text._malloc_r
                0x0800dbe8       0xb4 c:/ac6/systemworkbench/plugins/fr.ac6.mcu.externaltools.arm-none.win32_1.16.0.201807130628/tools/compiler/bin/../lib/gcc/arm-none-eabi/7.2.1/../../../../arm-none-eabi/lib/thumb/v7-m\libc_nano.a(lib_a-nano-mallocr.o)
                0x0800dbe8                _malloc_r
 .text.__sfputc_r
                0x0800dc9c       0x2a c:/ac6/systemworkbench/plugins/fr.ac6.mcu.externaltools.arm-none.win32_1.16.0.201807130628/tools/compiler/bin/../lib/gcc/arm-none-eabi/7.2.1/../../../../arm-none-eabi/lib/thumb/v7-m\libc_nano.a(lib_a-nano-vfprintf.o)
 .text.__sfputs_r
                0x0800dcc6       0x24 c:/ac6/systemworkbench/plugins/fr.ac6.mcu.externaltools.arm-none.win32_1.16.0.201807130628/tools/compiler/bin/../lib/gcc/arm-none-eabi/7.2.1/../../../../arm-none-eabi/lib/thumb/v7-m\libc_nano.a(lib_a-nano-vfprintf.o)
                0x0800dcc6                __sfputs_r
 *fill*         0x0800dcea        0x2 
 .text._vfprintf_r
                0x0800dcec      0x228 c:/ac6/systemworkbench/plugins/fr.ac6.mcu.externaltools.arm-none.win32_1.16.0.201807130628/tools/compiler/bin/../lib/gcc/arm-none-eabi/7.2.1/../../../../arm-none-eabi/lib/thumb/v7-m\libc_nano.a(lib_a-nano-vfprintf.o)
                0x0800dcec                _vfprintf_r
                0x0800dcec                _vfiprintf_r
 .text._sbrk_r  0x0800df14       0x20 c:/ac6/systemworkbench/plugins/fr.ac6.mcu.externaltools.arm-none.win32_1.16.0.201807130628/tools/compiler/bin/../lib/gcc/arm-none-eabi/7.2.1/../../../../arm-none-eabi/lib/thumb/v7-m\libc_nano.a(lib_a-sbrkr.o)
                0x0800df14                _sbrk_r
 .text.__sread  0x0800df34       0x22 c:/ac6/systemworkbench/plugins/fr.ac6.mcu.externaltools.arm-none.win32_1.16.0.201807130628/tools/compiler/bin/../lib/gcc/arm-none-eabi/7.2.1/../../../../arm-none-eabi/lib/thumb/v7-m\libc_nano.a(lib_a-stdio.o)
                0x0800df34                __sread
 .text.__swrite
                0x0800df56       0x38 c:/ac6/systemworkbench/plugins/fr.ac6.mcu.externaltools.arm-none.win32_1.16.0.201807130628/tools/compiler/bin/../lib/gcc/arm-none-eabi/7.2.1/../../../../arm-none-eabi/lib/thumb/v7-m\libc_nano.a(lib_a-stdio.o)
                0x0800df56                __swrite
 .text.__sseek  0x0800df8e       0x24 c:/ac6/systemworkbench/plugins/fr.ac6.mcu.externaltools.arm-none.win32_1.16.0.201807130628/tools/compiler/bin/../lib/gcc/arm-none-eabi/7.2.1/../../../../arm-none-eabi/lib/thumb/v7-m\libc_nano.a(lib_a-stdio.o)
                0x0800df8e                __sseek
 .text.__sclose
                0x0800dfb2        0x8 c:/ac6/systemworkbench/plugins/fr.ac6.mcu.externaltools.arm-none.win32_1.16.0.201807130628/tools/compiler/bin/../lib/gcc/arm-none-eabi/7.2.1/../../../../arm-none-eabi/lib/thumb/v7-m\libc_nano.a(lib_a-stdio.o)
                0x0800dfb2                __sclose
 .text.strncmp  0x0800dfba       0x24 c:/ac6/systemworkbench/plugins/fr.ac6.mcu.externaltools.arm-none.win32_1.16.0.201807130628/tools/compiler/bin/../lib/gcc/arm-none-eabi/7.2.1/../../../../arm-none-eabi/lib/thumb/v7-m\libc_nano.a(lib_a-strncmp.o)
                0x0800dfba                strncmp
 .text.__ascii_wctomb
                0x0800dfde       0x1a c:/ac6/systemworkbench/plugins/fr.ac6.mcu.externaltools.arm-none.win32_1.16.0.201807130628/tools/compiler/bin/../lib/gcc/arm-none-eabi/7.2.1/../../../../arm-none-eabi/lib/thumb/v7-m\libc_nano.a(lib_a-wctomb_r.o)
                0x0800dfde                __ascii_wctomb
 .text._write_r
                0x0800dff8       0x24 c:/ac6/systemworkbench/plugins/fr.ac6.mcu.externaltools.arm-none.win32_1.16.0.201807130628/tools/compiler/bin/../lib/gcc/arm-none-eabi/7.2.1/../../../../arm-none-eabi/lib/thumb/v7-m\libc_nano.a(lib_a-writer.o)
                0x0800dff8                _write_r
 .text._close_r
                0x0800e01c       0x20 c:/ac6/systemworkbench/plugins/fr.ac6.mcu.externaltools.arm-none.win32_1.16.0.201807130628/tools/compiler/bin/../lib/gcc/arm-none-eabi/7.2.1/../../../../arm-none-eabi/lib/thumb/v7-m\libc_nano.a(lib_a-closer.o)
                0x0800e01c                _close_r
 .text._fstat_r
                0x0800e03c       0x24 c:/ac6/systemworkbench/plugins/fr.ac6.mcu.externaltools.arm-none.win32_1.16.0.201807130628/tools/compiler/bin/../lib/gcc/arm-none-eabi/7.2.1/../../../../arm-none-eabi/lib/thumb/v7-m\libc_nano.a(lib_a-fstatr.o)
                0x0800e03c                _fstat_r
 .text._isatty_r
                0x0800e060       0x20 c:/ac6/systemworkbench/plugins/fr.ac6.mcu.externaltools.arm-none.win32_1.16.0.201807130628/tools/compiler/bin/../lib/gcc/arm-none-eabi/7.2.1/../../../../arm-none-eabi/lib/thumb/v7-m\libc_nano.a(lib_a-isattyr.o)
                0x0800e060                _isatty_r
 .text._lseek_r
                0x0800e080       0x24 c:/ac6/systemworkbench/plugins/fr.ac6.mcu.externaltools.arm-none.win32_1.16.0.201807130628/tools/compiler/bin/../lib/gcc/arm-none-eabi/7.2.1/../../../../arm-none-eabi/lib/thumb/v7-m\libc_nano.a(lib_a-lseekr.o)
                0x0800e080                _lseek_r
 .text.__malloc_lock
                0x0800e0a4        0x2 c:/ac6/systemworkbench/plugins/fr.ac6.mcu.externaltools.arm-none.win32_1.16.0.201807130628/tools/compiler/bin/../lib/gcc/arm-none-eabi/7.2.1/../../../../arm-none-eabi/lib/thumb/v7-m\libc_nano.a(lib_a-mlock.o)
                0x0800e0a4                __malloc_lock
 .text.__malloc_unlock
                0x0800e0a6        0x2 c:/ac6/systemworkbench/plugins/fr.ac6.mcu.externaltools.arm-none.win32_1.16.0.201807130628/tools/compiler/bin/../lib/gcc/arm-none-eabi/7.2.1/../../../../arm-none-eabi/lib/thumb/v7-m\libc_nano.a(lib_a-mlock.o)
                0x0800e0a6                __malloc_unlock
 .text._read_r  0x0800e0a8       0x24 c:/ac6/systemworkbench/plugins/fr.ac6.mcu.externaltools.arm-none.win32_1.16.0.201807130628/tools/compiler/bin/../lib/gcc/arm-none-eabi/7.2.1/../../../../arm-none-eabi/lib/thumb/v7-m\libc_nano.a(lib_a-readr.o)
                0x0800e0a8                _read_r
 *(.glue_7)
 .glue_7        0x0800e0cc        0x0 linker stubs
 *(.glue_7t)
 .glue_7t       0x0800e0cc        0x0 linker stubs
 *(.eh_frame)
 .eh_frame      0x0800e0cc        0x0 c:/ac6/systemworkbench/plugins/fr.ac6.mcu.externaltools.arm-none.win32_1.16.0.201807130628/tools/compiler/bin/../lib/gcc/arm-none-eabi/7.2.1/thumb/v7-m/crtbegin.o
 *(.init)