Archive member included to satisfy reference by file (symbol)

c:/ac6/systemworkbench/plugins/fr.ac6.mcu.externaltools.arm-none.win32_1.16.0.201807130628/tools/compiler/bin/../lib/gcc/arm-none-eabi/7.2.1/../../../../arm-none-eabi/lib/thumb/v7-m\libm.a(lib_a-s_floor.o)
                              Inc/GPS/gps.o (floor)
c:/ac6/systemworkbench/plugins/fr.ac6.mcu.externaltools.arm-none.win32_1.16.0.201807130628/tools/compiler/bin/../lib/gcc/arm-none-eabi/7.2.1/../../../../arm-none-eabi/lib/thumb/v7-m\libm.a(lib_a-w_atan2.o)
                              Inc/MPU9250_DMP/MPU9250_DMP.o (atan2)
c:/ac6/systemworkbench/plugins/fr.ac6.mcu.externaltools.arm-none.win32_1.16.0.201807130628/tools/compiler/bin/../lib/gcc/arm-none-eabi/7.2.1/../../../../arm-none-eabi/lib/thumb/v7-m\libm.a(lib_a-wf_asin.o)
                              Inc/MPU9250_DMP/MPU9250_DMP.o (asinf)
c:/ac6/systemworkbench/plugins/fr.ac6.mcu.externaltools.arm-none.win32_1.16.0.201807130628/tools/compiler/bin/../lib/gcc/arm-none-eabi/7.2.1/../../../../arm-none-eabi/lib/thumb/v7-m\libm.a(lib_a-wf_atan2.o)
                              Inc/MPU9250_DMP/MPU9250_DMP.o (atan2f)
c:/ac6/systemworkbench/plugins/fr.ac6.mcu.externaltools.arm-none.win32_1.16.0.201807130628/tools/compiler/bin/../lib/gcc/arm-none-eabi/7.2.1/../../../../arm-none-eabi/lib/thumb/v7-m\libm.a(lib_a-wf_sqrt.o)
                              Src/sensors.o (sqrtf)
c:/ac6/systemworkbench/plugins/fr.ac6.mcu.externaltools.arm-none.win32_1.16.0.201807130628/tools/compiler/bin/../lib/gcc/arm-none-eabi/7.2.1/../../../../arm-none-eabi/lib/thumb/v7-m\libm.a(lib_a-e_atan2.o)
                              c:/ac6/systemworkbench/plugins/fr.ac6.mcu.externaltools.arm-none.win32_1.16.0.201807130628/tools/compiler/bin/../lib/gcc/arm-none-eabi/7.2.1/../../../../arm-none-eabi/lib/thumb/v7-m\libm.a(lib_a-w_atan2.o) (__ieee754_atan2)
c:/ac6/systemworkbench/plugins/fr.ac6.mcu.externaltools.arm-none.win32_1.16.0.201807130628/tools/compiler/bin/../lib/gcc/arm-none-eabi/7.2.1/../../../../arm-none-eabi/lib/thumb/v7-m\libm.a(lib_a-ef_asin.o)
                              c:/ac6/systemworkbench/plugins/fr.ac6.mcu.externaltools.arm-none.win32_1.16.0.201807130628/tools/compiler/bin/../lib/gcc/arm-none-eabi/7.2.1/../../../../arm-none-eabi/lib/thumb/v7-m\libm.a(lib_a-wf_asin.o) (__ieee754_asinf)
c:/ac6/systemworkbench/plugins/fr.ac6.mcu.externaltools.arm-none.win32_1.16.0.201807130628/tools/compiler/bin/../lib/gcc/arm-none-eabi/7.2.1/../../../../arm-none-eabi/lib/thumb/v7-m\libm.a(lib_a-ef_atan2.o)
                              c:/ac6/systemworkbench/plugins/fr.ac6.mcu.externaltools.arm-none.win32_1.16.0.201807130628/tools/compiler/bin/../lib/gcc/arm-none-eabi/7.2.1/../../../../arm-none-eabi/lib/thumb/v7-m\libm.a(lib_a-wf_atan2.o) (__ieee754_atan2f)
c:/ac6/systemworkbench/plugins/fr.ac6.mcu.externaltools.arm-none.win32_1.16.0.201807130628/tools/compiler/bin/../lib/gcc/arm-none-eabi/7.2.1/../../../../arm-none-eabi/lib/thumb/v7-m\libm.a(lib_a-ef_sqrt.o)
                              c:/ac6/systemworkbench/plugins/fr.ac6.mcu.externaltools.arm-none.win32_1.16.0.201807130628/tools/compiler/bin/../lib/gcc/arm-none-eabi/7.2.1/../../../../arm-none-eabi/lib/thumb/v7-m\libm.a(lib_a-wf_sqrt.o) (__ieee754_sqrtf)
c:/ac6/systemworkbench/plugins/fr.ac6.mcu.externaltools.arm-none.win32_1.16.0.201807130628/tools/compiler/bin/../lib/gcc/arm-none-eabi/7.2.1/../../../../arm-none-eabi/lib/thumb/v7-m\libm.a(lib_a-s_atan.o)
                              c:/ac6/systemworkbench/plugins/fr.ac6.mcu.externaltools.arm-none.win32_1.16.0.201807130628/tools/compiler/bin/../lib/gcc/arm-none-eabi/7.2.1/../../../../arm-none-eabi/lib/thumb/v7-m\libm.a(lib_a-e_atan2.o) (atan)
c:/ac6/systemworkbench/plugins/fr.ac6.mcu.externaltools.arm-none.win32_1.16.0.201807130628/tools/compiler/bin/../lib/gcc/arm-none-eabi/7.2.1/../../../../arm-none-eabi/lib/thumb/v7-m\libm.a(lib_a-s_fabs.o)
                              c:/ac6/systemworkbench/plugins/fr.ac6.mcu.externaltools.arm-none.win32_1.16.0.201807130628/tools/compiler/bin/../lib/gcc/arm-none-eabi/7.2.1/../../../../arm-none-eabi/lib/thumb/v7-m\libm.a(lib_a-e_atan2.o) (fabs)
c:/ac6/systemworkbench/plugins/fr.ac6.mcu.externaltools.arm-none.win32_1.16.0.201807130628/tools/compiler/bin/../lib/gcc/arm-none-eabi/7.2.1/../../../../arm-none-eabi/lib/thumb/v7-m\libm.a(lib_a-s_lib_ver.o)
                              c:/ac6/systemworkbench/plugins/fr.ac6.mcu.externaltools.arm-none.win32_1.16.0.201807130628/tools/compiler/bin/../lib/gcc/arm-none-eabi/7.2.1/../../../../arm-none-eabi/lib/thumb/v7-m\libm.a(lib_a-wf_asin.o) (__fdlib_version)
c:/ac6/systemworkbench/plugins/fr.ac6.mcu.externaltools.arm-none.win32_1.16.0.201807130628/tools/compiler/bin/../lib/gcc/arm-none-eabi/7.2.1/../../../../arm-none-eabi/lib/thumb/v7-m\libm.a(lib_a-s_matherr.o)
[...]
Memory Configuration

Name             Origin             Length             Attributes
RAM              0x20000000         0x00005000         xrw
FLASH            0x08000000         0x00020000         xr
*default*        0x00000000         0xffffffff

Linker script and memory map

LOAD c:/ac6/systemworkbench/plugins/fr.ac6.mcu.externaltools.arm-none.win32_1.16.0.201807130628/tools/compiler/bin/../lib/gcc/arm-none-eabi/7.2.1/thumb/v7-m/crti.o
LOAD c:/ac6/systemworkbench/plugins/fr.ac6.mcu.externaltools.arm-none.win32_1.16.0.201807130628/tools/compiler/bin/../lib/gcc/arm-none-eabi/7.2.1/thumb/v7-m/crtbegin.o
LOAD c:/ac6/systemworkbench/plugins/fr.ac6.mcu.externaltools.arm-none.win32_1.16.0.201807130628/tools/compiler/bin/../lib/gcc/arm-none-eabi/7.2.1/../../../../arm-none-eabi/lib/thumb/v7-m/crt0.o
LOAD Drivers/STM32F1xx_HAL_Driver/Src/stm32f1xx_hal.o
LOAD Drivers/STM32F1xx_HAL_Driver/Src/stm32f1xx_hal_cortex.o
LOAD Drivers/STM32F1xx_HAL_Driver/Src/stm32f1xx_hal_crc.o
LOAD Drivers/STM32F1xx_HAL_Driver/Src/stm32f1xx_hal_dma.o
LOAD Drivers/STM32F1xx_HAL_Driver/Src/stm32f1xx_hal_flash.o
LOAD Drivers/STM32F1xx_HAL_Driver/Src/stm32f1xx_hal_flash_ex.o
LOAD Drivers/STM32F1xx_HAL_Driver/Src/stm32f1xx_hal_gpio.o
LOAD Drivers/STM32F1xx_HAL_Driver/Src/stm32f1xx_hal_gpio_ex.o
LOAD Drivers/STM32F1xx_HAL_Driver/Src/stm32f1xx_hal_i2c.o
LOAD Drivers/STM32F1xx_HAL_Driver/Src/stm32f1xx_hal_iwdg.o
LOAD Drivers/STM32F1xx_HAL_Driver/Src/stm32f1xx_hal_pwr.o
LOAD Drivers/STM32F1xx_HAL_Driver/Src/stm32f1xx_hal_rcc.o
LOAD Drivers/STM32F1xx_HAL_Driver/Src/stm32f1xx_hal_rcc_ex.o
LOAD Drivers/STM32F1xx_HAL_Driver/Src/stm32f1xx_hal_spi.o
LOAD Drivers/STM32F1xx_HAL_Driver/Src/stm32f1xx_hal_spi_ex.o
LOAD Drivers/STM32F1xx_HAL_Driver/Src/stm32f1xx_hal_tim.o
LOAD Drivers/STM32F1xx_HAL_Driver/Src/stm32f1xx_hal_tim_ex.o
LOAD Drivers/STM32F1xx_HAL_Driver/Src/stm32f1xx_hal_uart.o
LOAD Inc/BMP280/BMP280.o
LOAD Inc/BMP280/util/bmp280.o
LOAD Inc/GPS/gps.o
LOAD Inc/MPU9250_DMP/MPU9250_DMP.o
LOAD Inc/MPU9250_DMP/util/inv_mpu.o
LOAD Inc/MPU9250_DMP/util/inv_mpu_dmp_motion_driver.o
LOAD Inc/MPU9250_DMP/util/stm32_mpu9250_clk.o
LOAD Inc/MPU9250_DMP/util/stm32_mpu9250_spi.o
LOAD Inc/RF24/RF24.o
LOAD Src/crc.o
LOAD Src/dma.o
LOAD Src/gpio.o
LOAD Src/i2c.o
LOAD Src/iwdg.o
LOAD Src/main.o
LOAD Src/osd.o
LOAD Src/out_control.o
LOAD Src/radio.o
LOAD Src/sensors.o
LOAD Src/spi.o
LOAD Src/stm32f1xx_hal_msp.o
LOAD Src/stm32f1xx_it.o
LOAD Src/syscalls.o
LOAD Src/system_stm32f1xx.o
LOAD Src/tim.o
LOAD Src/usart.o
LOAD startup/startup_stm32f103xb.o
LOAD c:/ac6/systemworkbench/plugins/fr.ac6.mcu.externaltools.arm-none.win32_1.16.0.201807130628/tools/compiler/bin/../lib/gcc/arm-none-eabi/7.2.1/../../../../arm-none-eabi/lib/thumb/v7-m\libstdc++_nano.a
LOAD c:/ac6/systemworkbench/plugins/fr.ac6.mcu.externaltools.arm-none.win32_1.16.0.201807130628/tools/compiler/bin/../lib/gcc/arm-none-eabi/7.2.1/../../../../arm-none-eabi/lib/thumb/v7-m\libm.a
START GROUP
LOAD c:/ac6/systemworkbench/plugins/fr.ac6.mcu.externaltools.arm-none.win32_1.16.0.201807130628/tools/compiler/bin/../lib/gcc/arm-none-eabi/7.2.1/thumb/v7-m\libgcc.a
LOAD c:/ac6/systemworkbench/plugins/fr.ac6.mcu.externaltools.arm-none.win32_1.16.0.201807130628/tools/compiler/bin/../lib/gcc/arm-none-eabi/7.2.1/../../../../arm-none-eabi/lib/thumb/v7-m\libc_nano.a
END GROUP
START GROUP
LOAD c:/ac6/systemworkbench/plugins/fr.ac6.mcu.externaltools.arm-none.win32_1.16.0.201807130628/tools/compiler/bin/../lib/gcc/arm-none-eabi/7.2.1/thumb/v7-m\libgcc.a
LOAD c:/ac6/systemworkbench/plugins/fr.ac6.mcu.externaltools.arm-none.win32_1.16.0.201807130628/tools/compiler/bin/../lib/gcc/arm-none-eabi/7.2.1/../../../../arm-none-eabi/lib/thumb/v7-m\libc_nano.a
LOAD c:/ac6/systemworkbench/plugins/fr.ac6.mcu.externaltools.arm-none.win32_1.16.0.201807130628/tools/compiler/bin/../lib/gcc/arm-none-eabi/7.2.1/../../../../arm-none-eabi/lib/thumb/v7-m\libnosys.a
END GROUP
START GROUP
LOAD c:/ac6/systemworkbench/plugins/fr.ac6.mcu.externaltools.arm-none.win32_1.16.0.201807130628/tools/compiler/bin/../lib/gcc/arm-none-eabi/7.2.1/thumb/v7-m\libgcc.a
LOAD c:/ac6/systemworkbench/plugins/fr.ac6.mcu.externaltools.arm-none.win32_1.16.0.201807130628/tools/compiler/bin/../lib/gcc/arm-none-eabi/7.2.1/../../../../arm-none-eabi/lib/thumb/v7-m\libc_nano.a
LOAD c:/ac6/systemworkbench/plugins/fr.ac6.mcu.externaltools.arm-none.win32_1.16.0.201807130628/tools/compiler/bin/../lib/gcc/arm-none-eabi/7.2.1/../../../../arm-none-eabi/lib/thumb/v7-m\libnosys.a
END GROUP
LOAD c:/ac6/systemworkbench/plugins/fr.ac6.mcu.externaltools.arm-none.win32_1.16.0.201807130628/tools/compiler/bin/../lib/gcc/arm-none-eabi/7.2.1/thumb/v7-m/crtend.o
LOAD c:/ac6/systemworkbench/plugins/fr.ac6.mcu.externaltools.arm-none.win32_1.16.0.201807130628/tools/compiler/bin/../lib/gcc/arm-none-eabi/7.2.1/thumb/v7-m/crtn.o
                0x20005000                _estack = 0x20005000
                0x00000200                _Min_Heap_Size = 0x200
                0x00000400                _Min_Stack_Size = 0x400

.isr_vector     0x08000000      0x10c
                0x08000000                . = ALIGN (0x4)
 *(.isr_vector)
 .isr_vector    0x08000000      0x10c startup/startup_stm32f103xb.o
                0x08000000                g_pfnVectors
                0x0800010c                . = ALIGN (0x4)

.text           0x08000110     0xc5a4
                0x08000110                . = ALIGN (0x4)
 *(.text)
 .text          0x08000110       0x40 c:/ac6/systemworkbench/plugins/fr.ac6.mcu.externaltools.arm-none.win32_1.16.0.201807130628/tools/compiler/bin/../lib/gcc/arm-none-eabi/7.2.1/thumb/v7-m/crtbegin.o
 .text          0x08000150      0x378 c:/ac6/systemworkbench/plugins/fr.ac6.mcu.externaltools.arm-none.win32_1.16.0.201807130628/tools/compiler/bin/../lib/gcc/arm-none-eabi/7.2.1/thumb/v7-m\libgcc.a(_arm_addsubdf3.o)
                0x08000150                __aeabi_drsub
                0x08000158                __aeabi_dsub
                0x08000158                __subdf3
                0x0800015c                __aeabi_dadd
                0x0800015c                __adddf3
                0x080003d4                __floatunsidf
                0x080003d4                __aeabi_ui2d
                0x080003f4                __floatsidf
                0x080003f4                __aeabi_i2d
                0x08000418                __aeabi_f2d
                0x08000418                __extendsfdf2
                0x0800045c                __floatundidf
                0x0800045c                __aeabi_ul2d
                0x0800046c                __floatdidf
                0x0800046c                __aeabi_l2d
 .text          0x080004c8      0x424 c:/ac6/systemworkbench/plugins/fr.ac6.mcu.externaltools.arm-none.win32_1.16.0.201807130628/tools/compiler/bin/../lib/gcc/arm-none-eabi/7.2.1/thumb/v7-m\libgcc.a(_arm_muldivdf3.o)
                0x080004c8                __aeabi_dmul
                0x080004c8                __muldf3
                0x0800071c                __divdf3
                0x0800071c                __aeabi_ddiv
 .text          0x080008ec      0x110 c:/ac6/systemworkbench/plugins/fr.ac6.mcu.externaltools.arm-none.win32_1.16.0.201807130628/tools/compiler/bin/../lib/gcc/arm-none-eabi/7.2.1/thumb/v7-m\libgcc.a(_arm_cmpdf2.o)
                0x080008ec                __gtdf2
                0x080008ec                __gedf2
                0x080008f4                __ltdf2
                0x080008f4                __ledf2
                0x080008fc                __nedf2
                0x080008fc                __eqdf2
                0x080008fc                __cmpdf2
                0x08000978                __aeabi_cdrcmple
                0x08000988                __aeabi_cdcmpeq
                0x08000988                __aeabi_cdcmple
                0x08000998                __aeabi_dcmpeq
                0x080009ac                __aeabi_dcmplt
                0x080009c0                __aeabi_dcmple
                0x080009d4                __aeabi_dcmpge
                0x080009e8                __aeabi_dcmpgt
 .text          0x080009fc       0x50 c:/ac6/systemworkbench/plugins/fr.ac6.mcu.externaltools.arm-none.win32_1.16.0.201807130628/tools/compiler/bin/../lib/gcc/arm-none-eabi/7.2.1/thumb/v7-m\libgcc.a(_arm_fixdfsi.o)
                0x080009fc                __aeabi_d2iz
                0x080009fc                __fixdfsi
 .text          0x08000a4c       0xa0 c:/ac6/systemworkbench/plugins/fr.ac6.mcu.externaltools.arm-none.win32_1.16.0.201807130628/tools/compiler/bin/../lib/gcc/arm-none-eabi/7.2.1/thumb/v7-m\libgcc.a(_arm_truncdfsf2.o)
                0x08000a4c                __truncdfsf2
                0x08000a4c                __aeabi_d2f
 .text          0x08000aec      0x21c c:/ac6/systemworkbench/plugins/fr.ac6.mcu.externaltools.arm-none.win32_1.16.0.201807130628/tools/compiler/bin/../lib/gcc/arm-none-eabi/7.2.1/thumb/v7-m\libgcc.a(_arm_addsubsf3.o)
                0x08000aec                __aeabi_frsub
                0x08000af4                __subsf3
                0x08000af4                __aeabi_fsub
                0x08000af8                __aeabi_fadd
                0x08000af8                __addsf3
                0x08000c58                __aeabi_ui2f
                0x08000c58                __floatunsisf
                0x08000c60                __aeabi_i2f
                0x08000c60                __floatsisf
                0x08000c7c                __aeabi_ul2f
                0x08000c7c                __floatundisf
                0x08000c8c                __aeabi_l2f
                0x08000c8c                __floatdisf
 .text          0x08000d08      0x2a0 c:/ac6/systemworkbench/plugins/fr.ac6.mcu.externaltools.arm-none.win32_1.16.0.201807130628/tools/compiler/bin/../lib/gcc/arm-none-eabi/7.2.1/thumb/v7-m\libgcc.a(_arm_muldivsf3.o)
                0x08000d08                __mulsf3
                0x08000d08                __aeabi_fmul
                0x08000e70                __aeabi_fdiv
                0x08000e70                __divsf3
 .text          0x08000fa8       0x40 c:/ac6/systemworkbench/plugins/fr.ac6.mcu.externaltools.arm-none.win32_1.16.0.201807130628/tools/compiler/bin/../lib/gcc/arm-none-eabi/7.2.1/thumb/v7-m\libgcc.a(_arm_fixunssfsi.o)
                0x08000fa8                __fixunssfsi
                0x08000fa8                __aeabi_f2uiz
 .text          0x08000fe8       0x14 c:/ac6/systemworkbench/plugins/fr.ac6.mcu.externaltools.arm-none.win32_1.16.0.201807130628/tools/compiler/bin/../lib/gcc/arm-none-eabi/7.2.1/../../../../arm-none-eabi/lib/thumb/v7-m\libc_nano.a(lib_a-strcmp.o)
                0x08000fe8                strcmp
 .text          0x08000ffc       0x10 c:/ac6/systemworkbench/plugins/fr.ac6.mcu.externaltools.arm-none.win32_1.16.0.201807130628/tools/compiler/bin/../lib/gcc/arm-none-eabi/7.2.1/../../../../arm-none-eabi/lib/thumb/v7-m\libc_nano.a(lib_a-strlen.o)
                0x08000ffc                strlen
 .text          0x0800100c       0x2c c:/ac6/systemworkbench/plugins/fr.ac6.mcu.externaltools.arm-none.win32_1.16.0.201807130628/tools/compiler/bin/../lib/gcc/arm-none-eabi/7.2.1/thumb/v7-m\libgcc.a(_arm_unorddf2.o)
                0x0800100c                __unorddf2
                0x0800100c                __aeabi_dcmpun
 .text          0x08001038       0x40 c:/ac6/systemworkbench/plugins/fr.ac6.mcu.externaltools.arm-none.win32_1.16.0.201807130628/tools/compiler/bin/../lib/gcc/arm-none-eabi/7.2.1/thumb/v7-m\libgcc.a(_arm_fixunsdfsi.o)
                0x08001038                __aeabi_d2uiz
                0x08001038                __fixunsdfsi
 *(.text*)
 .text.HAL_InitTick
                0x08001078       0x4c Drivers/STM32F1xx_HAL_Driver/Src/stm32f1xx_hal.o
                0x08001078                HAL_InitTick
 .text.HAL_Init
                0x080010c4       0x24 Drivers/STM32F1xx_HAL_Driver/Src/stm32f1xx_hal.o
                0x080010c4                HAL_Init
 .text.HAL_IncTick
                0x080010e8       0x18 Drivers/STM32F1xx_HAL_Driver/Src/stm32f1xx_hal.o
                0x080010e8                HAL_IncTick
 .text.HAL_GetTick
                0x08001100        0xc Drivers/STM32F1xx_HAL_Driver/Src/stm32f1xx_hal.o
                0x08001100                HAL_GetTick
 .text.HAL_Delay
                0x0800110c       0x28 Drivers/STM32F1xx_HAL_Driver/Src/stm32f1xx_hal.o
                0x0800110c                HAL_Delay
 .text.HAL_NVIC_SetPriorityGrouping
                0x08001134       0x24 Drivers/STM32F1xx_HAL_Driver/Src/stm32f1xx_hal_cortex.o
                0x08001134                HAL_NVIC_SetPriorityGrouping
 .text.HAL_NVIC_SetPriority
                0x08001158       0x68 Drivers/STM32F1xx_HAL_Driver/Src/stm32f1xx_hal_cortex.o
                0x08001158                HAL_NVIC_SetPriority
 .text.HAL_NVIC_EnableIRQ
                0x080011c0       0x18 Drivers/STM32F1xx_HAL_Driver/Src/stm32f1xx_hal_cortex.o
                0x080011c0                HAL_NVIC_EnableIRQ
 .text.HAL_SYSTICK_Config
                0x080011d8       0x2c Drivers/STM32F1xx_HAL_Driver/Src/stm32f1xx_hal_cortex.o
                0x080011d8                HAL_SYSTICK_Config
 .text.HAL_SYSTICK_CLKSourceConfig
                0x08001204       0x20 Drivers/STM32F1xx_HAL_Driver/Src/stm32f1xx_hal_cortex.o
                0x08001204                HAL_SYSTICK_CLKSourceConfig
 .text.HAL_SYSTICK_Callback
                0x08001224        0x2 Drivers/STM32F1xx_HAL_Driver/Src/stm32f1xx_hal_cortex.o
                0x08001224                HAL_SYSTICK_Callback
 .text.HAL_SYSTICK_IRQHandler
                0x08001226        0x8 Drivers/STM32F1xx_HAL_Driver/Src/stm32f1xx_hal_cortex.o
                0x08001226                HAL_SYSTICK_IRQHandler
 .text.HAL_CRC_Init
                0x0800122e       0x1e Drivers/STM32F1xx_HAL_Driver/Src/stm32f1xx_hal_crc.o
                0x0800122e                HAL_CRC_Init
 .text.DMA_SetConfig
                0x0800124c       0x2c Drivers/STM32F1xx_HAL_Driver/Src/stm32f1xx_hal_dma.o
 .text.HAL_DMA_Init
                0x08001278       0x78 Drivers/STM32F1xx_HAL_Driver/Src/stm32f1xx_hal_dma.o
                0x08001278                HAL_DMA_Init
 .text.HAL_DMA_Start_IT
                0x080012f0       0x74 Drivers/STM32F1xx_HAL_Driver/Src/stm32f1xx_hal_dma.o
                0x080012f0                HAL_DMA_Start_IT
 .text.HAL_DMA_Abort_IT
                0x08001364       0x98 Drivers/STM32F1xx_HAL_Driver/Src/stm32f1xx_hal_dma.o
                0x08001364                HAL_DMA_Abort_IT
 .text.HAL_DMA_IRQHandler
                0x080013fc      0x144 Drivers/STM32F1xx_HAL_Driver/Src/stm32f1xx_hal_dma.o
                0x080013fc                HAL_DMA_IRQHandler
 .text.HAL_GPIO_Init
                0x08001540      0x1d4 Drivers/STM32F1xx_HAL_Driver/Src/stm32f1xx_hal_gpio.o
                0x08001540                HAL_GPIO_Init
 .text.HAL_GPIO_WritePin
                0x08001714        0xc Drivers/STM32F1xx_HAL_Driver/Src/stm32f1xx_hal_gpio.o
                0x08001714                HAL_GPIO_WritePin
 .text.HAL_GPIO_EXTI_IRQHandler
                0x08001720       0x1c Drivers/STM32F1xx_HAL_Driver/Src/stm32f1xx_hal_gpio.o
                0x08001720                HAL_GPIO_EXTI_IRQHandler
 .text.I2C_Master_SB
                0x0800173c       0x8a Drivers/STM32F1xx_HAL_Driver/Src/stm32f1xx_hal_i2c.o
 .text.I2C_Master_ADD10
                0x080017c6        0xc Drivers/STM32F1xx_HAL_Driver/Src/stm32f1xx_hal_i2c.o
 .text.I2C_Master_ADDR
                0x080017d2      0x1da Drivers/STM32F1xx_HAL_Driver/Src/stm32f1xx_hal_i2c.o
 .text.I2C_SlaveTransmit_BTF
                0x080019ac       0x1e Drivers/STM32F1xx_HAL_Driver/Src/stm32f1xx_hal_i2c.o
 .text.I2C_SlaveReceive_BTF
                0x080019ca       0x1e Drivers/STM32F1xx_HAL_Driver/Src/stm32f1xx_hal_i2c.o
 .text.I2C_IsAcknowledgeFailed
                0x080019e8       0x2a Drivers/STM32F1xx_HAL_Driver/Src/stm32f1xx_hal_i2c.o
 .text.I2C_WaitOnFlagUntilTimeout
                0x08001a12       0x68 Drivers/STM32F1xx_HAL_Driver/Src/stm32f1xx_hal_i2c.o
 .text.I2C_WaitOnMasterAddressFlagUntilTimeout
                0x08001a7a       0x90 Drivers/STM32F1xx_HAL_Driver/Src/stm32f1xx_hal_i2c.o
 .text.I2C_WaitOnTXEFlagUntilTimeout
                0x08001b0a       0x4e Drivers/STM32F1xx_HAL_Driver/Src/stm32f1xx_hal_i2c.o
 .text.I2C_RequestMemoryWrite
                0x08001b58       0xd8 Drivers/STM32F1xx_HAL_Driver/Src/stm32f1xx_hal_i2c.o
 .text.I2C_RequestMemoryRead
                0x08001c30      0x148 Drivers/STM32F1xx_HAL_Driver/Src/stm32f1xx_hal_i2c.o
 .text.I2C_WaitOnBTFFlagUntilTimeout
                0x08001d78       0x4e Drivers/STM32F1xx_HAL_Driver/Src/stm32f1xx_hal_i2c.o
 .text.I2C_WaitOnRXNEFlagUntilTimeout
                0x08001dc6       0x5c Drivers/STM32F1xx_HAL_Driver/Src/stm32f1xx_hal_i2c.o
 *fill*         0x08001e22        0x2 
 .text.HAL_I2C_Init
                0x08001e24      0x168 Drivers/STM32F1xx_HAL_Driver/Src/stm32f1xx_hal_i2c.o
                0x08001e24                HAL_I2C_Init
 .text.HAL_I2C_Mem_Write
                0x08001f8c      0x17c Drivers/STM32F1xx_HAL_Driver/Src/stm32f1xx_hal_i2c.o
                0x08001f8c                HAL_I2C_Mem_Write
 .text.HAL_I2C_Mem_Read
                0x08002108      0x300 Drivers/STM32F1xx_HAL_Driver/Src/stm32f1xx_hal_i2c.o
                0x08002108                HAL_I2C_Mem_Read
 .text.HAL_I2C_IsDeviceReady
                0x08002408      0x18c Drivers/STM32F1xx_HAL_Driver/Src/stm32f1xx_hal_i2c.o
                0x08002408                HAL_I2C_IsDeviceReady
 .text.HAL_I2C_MasterTxCpltCallback
                0x08002594        0x2 Drivers/STM32F1xx_HAL_Driver/Src/stm32f1xx_hal_i2c.o
                0x08002594                HAL_I2C_MasterTxCpltCallback
 .text.HAL_I2C_MasterRxCpltCallback
                0x08002596        0x2 Drivers/STM32F1xx_HAL_Driver/Src/stm32f1xx_hal_i2c.o
                0x08002596                HAL_I2C_MasterRxCpltCallback
 .text.HAL_I2C_SlaveTxCpltCallback
                0x08002598        0x2 Drivers/STM32F1xx_HAL_Driver/Src/stm32f1xx_hal_i2c.o
                0x08002598                HAL_I2C_SlaveTxCpltCallback
 .text.I2C_SlaveTransmit_TXE
                0x0800259a       0x4a Drivers/STM32F1xx_HAL_Driver/Src/stm32f1xx_hal_i2c.o
 .text.HAL_I2C_SlaveRxCpltCallback
                0x080025e4        0x2 Drivers/STM32F1xx_HAL_Driver/Src/stm32f1xx_hal_i2c.o
                0x080025e4                HAL_I2C_SlaveRxCpltCallback
 .text.I2C_SlaveReceive_RXNE
                0x080025e6       0x4e Drivers/STM32F1xx_HAL_Driver/Src/stm32f1xx_hal_i2c.o
 .text.HAL_I2C_AddrCallback
                0x08002634        0x2 Drivers/STM32F1xx_HAL_Driver/Src/stm32f1xx_hal_i2c.o
                0x08002634                HAL_I2C_AddrCallback
 .text.I2C_Slave_ADDR
                0x08002636       0x28 Drivers/STM32F1xx_HAL_Driver/Src/stm32f1xx_hal_i2c.o
 .text.HAL_I2C_ListenCpltCallback
                0x0800265e        0x2 Drivers/STM32F1xx_HAL_Driver/Src/stm32f1xx_hal_i2c.o
                0x0800265e                HAL_I2C_ListenCpltCallback
 .text.I2C_Slave_AF
                0x08002660       0x94 Drivers/STM32F1xx_HAL_Driver/Src/stm32f1xx_hal_i2c.o
 .text.HAL_I2C_MemTxCpltCallback
                0x080026f4        0x2 Drivers/STM32F1xx_HAL_Driver/Src/stm32f1xx_hal_i2c.o
                0x080026f4                HAL_I2C_MemTxCpltCallback
 .text.I2C_MasterTransmit_TXE
                0x080026f6      0x146 Drivers/STM32F1xx_HAL_Driver/Src/stm32f1xx_hal_i2c.o
 .text.I2C_MasterTransmit_BTF
                0x0800283c       0x9c Drivers/STM32F1xx_HAL_Driver/Src/stm32f1xx_hal_i2c.o
 .text.HAL_I2C_MemRxCpltCallback
                0x080028d8        0x2 Drivers/STM32F1xx_HAL_Driver/Src/stm32f1xx_hal_i2c.o
                0x080028d8                HAL_I2C_MemRxCpltCallback
 .text.I2C_MasterReceive_RXNE
                0x080028da       0xcc Drivers/STM32F1xx_HAL_Driver/Src/stm32f1xx_hal_i2c.o
 .text.I2C_MasterReceive_BTF
                0x080029a6       0xf6 Drivers/STM32F1xx_HAL_Driver/Src/stm32f1xx_hal_i2c.o
 .text.HAL_I2C_ErrorCallback
                0x08002a9c        0x2 Drivers/STM32F1xx_HAL_Driver/Src/stm32f1xx_hal_i2c.o
                0x08002a9c                HAL_I2C_ErrorCallback
 .text.HAL_I2C_AbortCpltCallback
                0x08002a9e        0x2 Drivers/STM32F1xx_HAL_Driver/Src/stm32f1xx_hal_i2c.o
                0x08002a9e                HAL_I2C_AbortCpltCallback
 .text.I2C_ITError
                0x08002aa0      0x148 Drivers/STM32F1xx_HAL_Driver/Src/stm32f1xx_hal_i2c.o
 .text.I2C_Slave_STOPF
                0x08002be8      0x100 Drivers/STM32F1xx_HAL_Driver/Src/stm32f1xx_hal_i2c.o
 .text.HAL_I2C_EV_IRQHandler
                0x08002ce8      0x168 Drivers/STM32F1xx_HAL_Driver/Src/stm32f1xx_hal_i2c.o
                0x08002ce8                HAL_I2C_EV_IRQHandler
 .text.HAL_I2C_ER_IRQHandler
                0x08002e50       0xdc Drivers/STM32F1xx_HAL_Driver/Src/stm32f1xx_hal_i2c.o
                0x08002e50                HAL_I2C_ER_IRQHandler
 .text.I2C_DMAAbort
                0x08002f2c       0x5e Drivers/STM32F1xx_HAL_Driver/Src/stm32f1xx_hal_i2c.o
 .text.HAL_IWDG_Init
                0x08002f8a       0x4a Drivers/STM32F1xx_HAL_Driver/Src/stm32f1xx_hal_iwdg.o
                0x08002f8a                HAL_IWDG_Init
 .text.HAL_IWDG_Refresh
                0x08002fd4        0xc Drivers/STM32F1xx_HAL_Driver/Src/stm32f1xx_hal_iwdg.o
                0x08002fd4                HAL_IWDG_Refresh
 .text.RCC_Delay
                0x08002fe0       0x2c Drivers/STM32F1xx_HAL_Driver/Src/stm32f1xx_hal_rcc.o
 .text.HAL_RCC_OscConfig
                0x0800300c      0x3dc Drivers/STM32F1xx_HAL_Driver/Src/stm32f1xx_hal_rcc.o
                0x0800300c                HAL_RCC_OscConfig
 .text.HAL_RCC_GetSysClockFreq
                0x080033e8       0x70 Drivers/STM32F1xx_HAL_Driver/Src/stm32f1xx_hal_rcc.o
                0x080033e8                HAL_RCC_GetSysClockFreq
 .text.HAL_RCC_ClockConfig
                0x08003458      0x178 Drivers/STM32F1xx_HAL_Driver/Src/stm32f1xx_hal_rcc.o
                0x08003458                HAL_RCC_ClockConfig
 .text.HAL_RCC_GetHCLKFreq
                0x080035d0        0xc Drivers/STM32F1xx_HAL_Driver/Src/stm32f1xx_hal_rcc.o
                0x080035d0                HAL_RCC_GetHCLKFreq
 .text.HAL_RCC_GetPCLK1Freq
                0x080035dc       0x20 Drivers/STM32F1xx_HAL_Driver/Src/stm32f1xx_hal_rcc.o
                0x080035dc                HAL_RCC_GetPCLK1Freq
 .text.HAL_RCC_GetPCLK2Freq
                0x080035fc       0x20 Drivers/STM32F1xx_HAL_Driver/Src/stm32f1xx_hal_rcc.o
                0x080035fc                HAL_RCC_GetPCLK2Freq
 .text.SPI_WaitFlagStateUntilTimeout
                0x0800361c       0x96 Drivers/STM32F1xx_HAL_Driver/Src/stm32f1xx_hal_spi.o
 .text.SPI_CheckFlag_BSY
                0x080036b2       0x28 Drivers/STM32F1xx_HAL_Driver/Src/stm32f1xx_hal_spi.o
 .text.HAL_SPI_Transmit
                0x080036da      0x1a6 Drivers/STM32F1xx_HAL_Driver/Src/stm32f1xx_hal_spi.o
                0x080036da                HAL_SPI_Transmit
 .text.HAL_SPI_TransmitReceive
                0x08003880      0x238 Drivers/STM32F1xx_HAL_Driver/Src/stm32f1xx_hal_spi.o
                0x08003880                HAL_SPI_TransmitReceive
 .text.HAL_SPI_Receive
                0x08003ab8      0x168 Drivers/STM32F1xx_HAL_Driver/Src/stm32f1xx_hal_spi.o
                0x08003ab8                HAL_SPI_Receive
 .text.HAL_SPI_ErrorCallback
                0x08003c20        0x2 Drivers/STM32F1xx_HAL_Driver/Src/stm32f1xx_hal_spi.o
                0x08003c20                HAL_SPI_ErrorCallback
 *fill*         0x08003c22        0x2 
 .text.HAL_SPI_IRQHandler
                0x08003c24       0xec Drivers/STM32F1xx_HAL_Driver/Src/stm32f1xx_hal_spi.o
                0x08003c24                HAL_SPI_IRQHandler
 .text.SPI_DMAAbortOnError
                0x08003d10       0x10 Drivers/STM32F1xx_HAL_Driver/Src/stm32f1xx_hal_spi.o
 .text.HAL_SPI_GetState
                0x08003d20        0x6 Drivers/STM32F1xx_HAL_Driver/Src/stm32f1xx_hal_spi.o
                0x08003d20                HAL_SPI_GetState
 .text.HAL_SPI_GetError
                0x08003d26        0x4 Drivers/STM32F1xx_HAL_Driver/Src/stm32f1xx_hal_spi.o
                0x08003d26                HAL_SPI_GetError
 .text.HAL_SPI_Init
                0x08003d2a       0x82 Drivers/STM32F1xx_HAL_Driver/Src/stm32f1xx_hal_spi_ex.o
                0x08003d2a                HAL_SPI_Init
 .text.TIM_OC1_SetConfig
                0x08003dac       0x5c Drivers/STM32F1xx_HAL_Driver/Src/stm32f1xx_hal_tim.o
 .text.TIM_OC3_SetConfig
                0x08003e08       0x64 Drivers/STM32F1xx_HAL_Driver/Src/stm32f1xx_hal_tim.o
 .text.TIM_OC4_SetConfig
                0x08003e6c       0x48 Drivers/STM32F1xx_HAL_Driver/Src/stm32f1xx_hal_tim.o
 .text.TIM_TI1_ConfigInputStage
                0x08003eb4       0x24 Drivers/STM32F1xx_HAL_Driver/Src/stm32f1xx_hal_tim.o
 .text.TIM_TI2_ConfigInputStage
                0x08003ed8       0x26 Drivers/STM32F1xx_HAL_Driver/Src/stm32f1xx_hal_tim.o
 .text.TIM_ITRx_SetConfig
                0x08003efe       0x10 Drivers/STM32F1xx_HAL_Driver/Src/stm32f1xx_hal_tim.o
 .text.TIM_ETR_SetConfig
                0x08003f0e       0x16 Drivers/STM32F1xx_HAL_Driver/Src/stm32f1xx_hal_tim.o
 .text.HAL_TIM_Base_Start_IT
                0x08003f24       0x18 Drivers/STM32F1xx_HAL_Driver/Src/stm32f1xx_hal_tim.o
                0x08003f24                HAL_TIM_Base_Start_IT
 .text.HAL_TIM_PWM_MspInit
                0x08003f3c        0x2 Drivers/STM32F1xx_HAL_Driver/Src/stm32f1xx_hal_tim.o
                0x08003f3c                HAL_TIM_PWM_MspInit
 .text.HAL_TIM_ConfigClockSource
                0x08003f3e      0x108 Drivers/STM32F1xx_HAL_Driver/Src/stm32f1xx_hal_tim.o
                0x08003f3e                HAL_TIM_ConfigClockSource
 .text.HAL_TIM_PeriodElapsedCallback
                0x08004046        0x2 Drivers/STM32F1xx_HAL_Driver/Src/stm32f1xx_hal_tim.o
                0x08004046                HAL_TIM_PeriodElapsedCallback
 .text.HAL_TIM_OC_DelayElapsedCallback
                0x08004048        0x2 Drivers/STM32F1xx_HAL_Driver/Src/stm32f1xx_hal_tim.o
                0x08004048                HAL_TIM_OC_DelayElapsedCallback
 .text.HAL_TIM_IC_CaptureCallback
                0x0800404a        0x2 Drivers/STM32F1xx_HAL_Driver/Src/stm32f1xx_hal_tim.o
                0x0800404a                HAL_TIM_IC_CaptureCallback
 .text.HAL_TIM_PWM_PulseFinishedCallback
                0x0800404c        0x2 Drivers/STM32F1xx_HAL_Driver/Src/stm32f1xx_hal_tim.o
                0x0800404c                HAL_TIM_PWM_PulseFinishedCallback
 .text.HAL_TIM_TriggerCallback
                0x0800404e        0x2 Drivers/STM32F1xx_HAL_Driver/Src/stm32f1xx_hal_tim.o
                0x0800404e                HAL_TIM_TriggerCallback
 .text.HAL_TIM_IRQHandler
                0x08004050      0x17a Drivers/STM32F1xx_HAL_Driver/Src/stm32f1xx_hal_tim.o
                0x08004050                HAL_TIM_IRQHandler
 *fill*         0x080041ca        0x2 
 .text.TIM_Base_SetConfig
                0x080041cc       0x74 Drivers/STM32F1xx_HAL_Driver/Src/stm32f1xx_hal_tim.o
                0x080041cc                TIM_Base_SetConfig
 .text.HAL_TIM_Base_Init
                0x08004240       0x32 Drivers/STM32F1xx_HAL_Driver/Src/stm32f1xx_hal_tim.o
                0x08004240                HAL_TIM_Base_Init
 .text.HAL_TIM_PWM_Init
                0x08004272       0x32 Drivers/STM32F1xx_HAL_Driver/Src/stm32f1xx_hal_tim.o
                0x08004272                HAL_TIM_PWM_Init
 .text.TIM_OC2_SetConfig
                0x080042a4       0x64 Drivers/STM32F1xx_HAL_Driver/Src/stm32f1xx_hal_tim.o
                0x080042a4                TIM_OC2_SetConfig
 .text.HAL_TIM_PWM_ConfigChannel
                0x08004308       0xdc Drivers/STM32F1xx_HAL_Driver/Src/stm32f1xx_hal_tim.o
                0x08004308                HAL_TIM_PWM_ConfigChannel
 .text.TIM_CCxChannelCmd
                0x080043e4       0x1c Drivers/STM32F1xx_HAL_Driver/Src/stm32f1xx_hal_tim.o
                0x080043e4                TIM_CCxChannelCmd
 .text.HAL_TIM_PWM_Start
                0x08004400       0x30 Drivers/STM32F1xx_HAL_Driver/Src/stm32f1xx_hal_tim.o
                0x08004400                HAL_TIM_PWM_Start
 .text.HAL_TIMEx_ConfigBreakDeadTime
                0x08004430       0x58 Drivers/STM32F1xx_HAL_Driver/Src/stm32f1xx_hal_tim_ex.o
                0x08004430                HAL_TIMEx_ConfigBreakDeadTime
 .text.HAL_TIMEx_MasterConfigSynchronization
                0x08004488       0x52 Drivers/STM32F1xx_HAL_Driver/Src/stm32f1xx_hal_tim_ex.o
                0x08004488                HAL_TIMEx_MasterConfigSynchronization
 .text.HAL_TIMEx_CommutationCallback
                0x080044da        0x2 Drivers/STM32F1xx_HAL_Driver/Src/stm32f1xx_hal_tim_ex.o
                0x080044da                HAL_TIMEx_CommutationCallback
 .text.HAL_TIMEx_BreakCallback
                0x080044dc        0x2 Drivers/STM32F1xx_HAL_Driver/Src/stm32f1xx_hal_tim_ex.o
                0x080044dc                HAL_TIMEx_BreakCallback
 .text.UART_EndTxTransfer
                0x080044de       0x12 Drivers/STM32F1xx_HAL_Driver/Src/stm32f1xx_hal_uart.o
 .text.UART_EndRxTransfer
                0x080044f0       0x1c Drivers/STM32F1xx_HAL_Driver/Src/stm32f1xx_hal_uart.o
 .text.UART_Transmit_IT
                0x0800450c       0x68 Drivers/STM32F1xx_HAL_Driver/Src/stm32f1xx_hal_uart.o
 .text.UART_SetConfig
                0x08004574      0x1ac Drivers/STM32F1xx_HAL_Driver/Src/stm32f1xx_hal_uart.o
 .text.UART_WaitOnFlagUntilTimeout
                0x08004720       0x62 Drivers/STM32F1xx_HAL_Driver/Src/stm32f1xx_hal_uart.o
 .text.HAL_UART_Init
                0x08004782       0x5e Drivers/STM32F1xx_HAL_Driver/Src/stm32f1xx_hal_uart.o
                0x08004782                HAL_UART_Init
 .text.HAL_UART_Transmit
                0x080047e0       0xe0 Drivers/STM32F1xx_HAL_Driver/Src/stm32f1xx_hal_uart.o
                0x080047e0                HAL_UART_Transmit
 .text.HAL_UART_Receive_DMA
                0x080048c0       0xa8 Drivers/STM32F1xx_HAL_Driver/Src/stm32f1xx_hal_uart.o
                0x080048c0                HAL_UART_Receive_DMA
 .text.HAL_UART_TxCpltCallback
                0x08004968        0x2 Drivers/STM32F1xx_HAL_Driver/Src/stm32f1xx_hal_uart.o
                0x08004968                HAL_UART_TxCpltCallback
 .text.UART_EndTransmit_IT
                0x0800496a       0x1a Drivers/STM32F1xx_HAL_Driver/Src/stm32f1xx_hal_uart.o
 .text.UART_DMAReceiveCplt
                0x08004984       0x3e Drivers/STM32F1xx_HAL_Driver/Src/stm32f1xx_hal_uart.o
 .text.UART_Receive_IT
                0x080049c2       0x9c Drivers/STM32F1xx_HAL_Driver/Src/stm32f1xx_hal_uart.o
 .text.UART_DMARxHalfCplt
                0x08004a5e        0xa Drivers/STM32F1xx_HAL_Driver/Src/stm32f1xx_hal_uart.o
 .text.HAL_UART_ErrorCallback
                0x08004a68        0x2 Drivers/STM32F1xx_HAL_Driver/Src/stm32f1xx_hal_uart.o
                0x08004a68                HAL_UART_ErrorCallback
 .text.UART_DMAError
                0x08004a6a       0x58 Drivers/STM32F1xx_HAL_Driver/Src/stm32f1xx_hal_uart.o
 *fill*         0x08004ac2        0x2 
 .text.HAL_UART_IRQHandler
                0x08004ac4      0x120 Drivers/STM32F1xx_HAL_Driver/Src/stm32f1xx_hal_uart.o
                0x08004ac4                HAL_UART_IRQHandler
 .text.UART_DMAAbortOnError
                0x08004be4       0x10 Drivers/STM32F1xx_HAL_Driver/Src/stm32f1xx_hal_uart.o
 .text.i2c_read
                0x08004bf4       0x40 Inc/BMP280/BMP280.o
                0x08004bf4                i2c_read
 .text.i2c_write
                0x08004c34       0x40 Inc/BMP280/BMP280.o
                0x08004c34                i2c_write
 .text.BMP280_Init
                0x08004c74       0xa8 Inc/BMP280/BMP280.o
                0x08004c74                BMP280_Init
 .text.null_ptr_check
                0x08004d1c       0x2a Inc/BMP280/util/bmp280.o
 .text.interleave_data
                0x08004d46       0x20 Inc/BMP280/util/bmp280.o
 .text.bmp280_get_regs
                0x08004d66       0x46 Inc/BMP280/util/bmp280.o
                0x08004d66                bmp280_get_regs
 .text.get_calib_param
                0x08004dac       0xde Inc/BMP280/util/bmp280.o
 .text.bmp280_set_regs
                0x08004e8a       0x8c Inc/BMP280/util/bmp280.o
                0x08004e8a                bmp280_set_regs
 .text.bmp280_soft_reset
                0x08004f16       0x3a Inc/BMP280/util/bmp280.o
                0x08004f16                bmp280_soft_reset
 .text.conf_sensor
                0x08004f50       0xf0 Inc/BMP280/util/bmp280.o
 .text.bmp280_init
                0x08005040       0x72 Inc/BMP280/util/bmp280.o
                0x08005040                bmp280_init
 .text.bmp280_get_config
                0x080050b2       0x6a Inc/BMP280/util/bmp280.o
                0x080050b2                bmp280_get_config
 .text.bmp280_set_config
                0x0800511c        0xe Inc/BMP280/util/bmp280.o
                0x0800511c                bmp280_set_config
 .text.bmp280_set_power_mode
                0x0800512a       0x24 Inc/BMP280/util/bmp280.o
                0x0800512a                bmp280_set_power_mode
 *fill*         0x0800514e        0x2 
 .text.gpsReadData
                0x08005150       0x1c Inc/GPS/gps.o
                0x08005150                gpsReadData
 .text.GPS_Init
                0x0800516c       0x1c Inc/GPS/gps.o
                0x0800516c                GPS_Init
 .text.mintodec
                0x08005188       0x3c Inc/GPS/gps.o
                0x08005188                mintodec
 .text.gpsParseData
                0x080051c4      0x1b0 Inc/GPS/gps.o
                0x080051c4                gpsParseData
 .text.gpsUpdateData
                0x08005374       0x5c Inc/GPS/gps.o
                0x08005374                gpsUpdateData
 .text.HAL_UART_RxHalfCpltCallback
                0x080053d0       0x2c Inc/GPS/gps.o
                0x080053d0                HAL_UART_RxHalfCpltCallback
 .text.HAL_UART_RxCpltCallback
                0x080053fc       0x2c Inc/GPS/gps.o
                0x080053fc                HAL_UART_RxCpltCallback
 .text._ZN11MPU9250_DMPC2Ev
                0x08005428       0x14 Inc/MPU9250_DMP/MPU9250_DMP.o
                0x08005428                MPU9250_DMP::MPU9250_DMP()
                0x08005428                MPU9250_DMP::MPU9250_DMP()
 .text._ZN11MPU9250_DMP11getGyroSensEv
                0x0800543c       0x18 Inc/MPU9250_DMP/MPU9250_DMP.o
                0x0800543c                MPU9250_DMP::getGyroSens()
 .text._ZN11MPU9250_DMP12getAccelSensEv
                0x08005454       0x1c Inc/MPU9250_DMP/MPU9250_DMP.o
                0x08005454                MPU9250_DMP::getAccelSens()
 .text._ZN11MPU9250_DMP10setSensorsEh
                0x08005470        0xa Inc/MPU9250_DMP/MPU9250_DMP.o
                0x08005470                MPU9250_DMP::setSensors(unsigned char)
 .text._ZN11MPU9250_DMP5beginEv
                0x0800547a       0x36 Inc/MPU9250_DMP/MPU9250_DMP.o
                0x0800547a                MPU9250_DMP::begin()
 .text._ZN11MPU9250_DMP7dmpLoadEv
                0x080054b0        0x8 Inc/MPU9250_DMP/MPU9250_DMP.o
                0x080054b0                MPU9250_DMP::dmpLoad()
 .text._ZN11MPU9250_DMP14dmpSetFifoRateEt
                0x080054b8       0x10 Inc/MPU9250_DMP/MPU9250_DMP.o
                0x080054b8                MPU9250_DMP::dmpSetFifoRate(unsigned short)
 .text._ZN11MPU9250_DMP17dmpEnableFeaturesEt
                0x080054c8        0xc Inc/MPU9250_DMP/MPU9250_DMP.o
                0x080054c8                MPU9250_DMP::dmpEnableFeatures(unsigned short)
 .text._ZN11MPU9250_DMP8dmpBeginEtt
                0x080054d4       0x72 Inc/MPU9250_DMP/MPU9250_DMP.o
                0x080054d4                MPU9250_DMP::dmpBegin(unsigned short, unsigned short)
 *fill*         0x08005546        0x2 
 .text.setup_compass
                0x08005548      0x28c Inc/MPU9250_DMP/util/inv_mpu.o
 .text.set_int_enable
                0x080057d4       0xa0 Inc/MPU9250_DMP/util/inv_mpu.o
                0x080057d4                set_int_enable
 .text.mpu_reset_fifo
                0x08005874      0x1f8 Inc/MPU9250_DMP/util/inv_mpu.o
                0x08005874                mpu_reset_fifo
 .text.mpu_set_gyro_fsr
                0x08005a6c       0x98 Inc/MPU9250_DMP/util/inv_mpu.o
                0x08005a6c                mpu_set_gyro_fsr
 .text.mpu_get_accel_fsr
                0x08005b04       0x44 Inc/MPU9250_DMP/util/inv_mpu.o
                0x08005b04                mpu_get_accel_fsr
 .text.mpu_set_accel_fsr
                0x08005b48       0x98 Inc/MPU9250_DMP/util/inv_mpu.o
                0x08005b48                mpu_set_accel_fsr
 .text.mpu_set_lpf
                0x08005be0       0x98 Inc/MPU9250_DMP/util/inv_mpu.o
                0x08005be0                mpu_set_lpf
 .text.mpu_set_compass_sample_rate
                0x08005c78       0x68 Inc/MPU9250_DMP/util/inv_mpu.o
                0x08005c78                mpu_set_compass_sample_rate
 .text.mpu_get_gyro_sens
                0x08005ce0       0x4c Inc/MPU9250_DMP/util/inv_mpu.o
                0x08005ce0                mpu_get_gyro_sens
 .text.mpu_get_accel_sens
                0x08005d2c       0x4c Inc/MPU9250_DMP/util/inv_mpu.o
                0x08005d2c                mpu_get_accel_sens
 .text.mpu_configure_fifo
                0x08005d78       0x60 Inc/MPU9250_DMP/util/inv_mpu.o
                0x08005d78                mpu_configure_fifo
 .text.mpu_set_bypass
                0x08005dd8      0x168 Inc/MPU9250_DMP/util/inv_mpu.o
                0x08005dd8                mpu_set_bypass
 .text.mpu_set_int_latched
                0x08005f40       0x7c Inc/MPU9250_DMP/util/inv_mpu.o
                0x08005f40                mpu_set_int_latched
 .text.mpu_lp_accel_mode
                0x08005fbc       0xe8 Inc/MPU9250_DMP/util/inv_mpu.o
                0x08005fbc                mpu_lp_accel_mode
 .text.mpu_set_sample_rate
                0x080060a4       0xac Inc/MPU9250_DMP/util/inv_mpu.o
                0x080060a4                mpu_set_sample_rate
 .text.mpu_set_sensors
                0x08006150      0x198 Inc/MPU9250_DMP/util/inv_mpu.o
                0x08006150                mpu_set_sensors
 .text.mpu_init
                0x080062e8      0x11c Inc/MPU9250_DMP/util/inv_mpu.o
                0x080062e8                mpu_init
 .text.mpu_write_mem
                0x08006404       0x7c Inc/MPU9250_DMP/util/inv_mpu.o
                0x08006404                mpu_write_mem
 .text.mpu_read_mem
                0x08006480       0x7c Inc/MPU9250_DMP/util/inv_mpu.o
                0x08006480                mpu_read_mem
 .text.mpu_load_firmware
                0x080064fc       0xb8 Inc/MPU9250_DMP/util/inv_mpu.o
                0x080064fc                mpu_load_firmware
 .text.mpu_set_dmp_state
                0x080065b4       0x90 Inc/MPU9250_DMP/util/inv_mpu.o
                0x080065b4                mpu_set_dmp_state
 .text.dmp_load_motion_driver_firmware
                0x08006644       0x18 Inc/MPU9250_DMP/util/inv_mpu_dmp_motion_driver.o
                0x08006644                dmp_load_motion_driver_firmware
 .text.dmp_set_fifo_rate
                0x0800665c       0x6c Inc/MPU9250_DMP/util/inv_mpu_dmp_motion_driver.o
                0x0800665c                dmp_set_fifo_rate
 .text.dmp_set_tap_thresh
                0x080066c8      0x1a8 Inc/MPU9250_DMP/util/inv_mpu_dmp_motion_driver.o
                0x080066c8                dmp_set_tap_thresh
 .text.dmp_set_tap_axes
                0x08006870       0x4e Inc/MPU9250_DMP/util/inv_mpu_dmp_motion_driver.o
                0x08006870                dmp_set_tap_axes
 .text.dmp_set_tap_count
                0x080068be       0x2a Inc/MPU9250_DMP/util/inv_mpu_dmp_motion_driver.o
                0x080068be                dmp_set_tap_count
 .text.dmp_set_tap_time
                0x080068e8       0x2c Inc/MPU9250_DMP/util/inv_mpu_dmp_motion_driver.o
                0x080068e8                dmp_set_tap_time
 .text.dmp_set_tap_time_multi
                0x08006914       0x2c Inc/MPU9250_DMP/util/inv_mpu_dmp_motion_driver.o
                0x08006914                dmp_set_tap_time_multi
 .text.dmp_set_shake_reject_thresh
                0x08006940       0x44 Inc/MPU9250_DMP/util/inv_mpu_dmp_motion_driver.o
                0x08006940                dmp_set_shake_reject_thresh
 .text.dmp_set_shake_reject_time
                0x08006984       0x2c Inc/MPU9250_DMP/util/inv_mpu_dmp_motion_driver.o
                0x08006984                dmp_set_shake_reject_time
 .text.dmp_set_shake_reject_timeout
                0x080069b0       0x2c Inc/MPU9250_DMP/util/inv_mpu_dmp_motion_driver.o
                0x080069b0                dmp_set_shake_reject_timeout
 .text.dmp_enable_gyro_cal
                0x080069dc       0x44 Inc/MPU9250_DMP/util/inv_mpu_dmp_motion_driver.o
                0x080069dc                dmp_enable_gyro_cal
 .text.dmp_enable_lp_quat
                0x08006a20       0x3c Inc/MPU9250_DMP/util/inv_mpu_dmp_motion_driver.o
                0x08006a20                dmp_enable_lp_quat
 .text.dmp_enable_6x_lp_quat
                0x08006a5c       0x3c Inc/MPU9250_DMP/util/inv_mpu_dmp_motion_driver.o
                0x08006a5c                dmp_enable_6x_lp_quat
 .text.dmp_enable_feature
                0x08006a98      0x218 Inc/MPU9250_DMP/util/inv_mpu_dmp_motion_driver.o
                0x08006a98                dmp_enable_feature
 .text.stm32_delay_ms
                0x08006cb0        0xa Inc/MPU9250_DMP/util/stm32_mpu9250_clk.o
                0x08006cb0                stm32_delay_ms
 *fill*         0x08006cba        0x2 
 .text.stm32_spi_write
                0x08006cbc       0x90 Inc/MPU9250_DMP/util/stm32_mpu9250_spi.o
                0x08006cbc                stm32_spi_write
 .text.stm32_spi_write_slave
                0x08006d4c       0x64 Inc/MPU9250_DMP/util/stm32_mpu9250_spi.o
                0x08006d4c                stm32_spi_write_slave
 .text.stm32_spi_read
                0x08006db0       0xa4 Inc/MPU9250_DMP/util/stm32_mpu9250_spi.o
                0x08006db0                stm32_spi_read
 .text.stm32_spi_read_slave
                0x08006e54       0x78 Inc/MPU9250_DMP/util/stm32_mpu9250_spi.o
                0x08006e54                stm32_spi_read_slave
 .text._ZN4RF243csnE13GPIO_PinState
                0x08006ecc       0x14 Inc/RF24/RF24.o
                0x08006ecc                RF24::csn(GPIO_PinState)
 .text._ZN4RF242ceE13GPIO_PinState
                0x08006ee0       0x14 Inc/RF24/RF24.o
                0x08006ee0                RF24::ce(GPIO_PinState)
 .text._ZN4RF2413read_registerEh
                0x08006ef4       0x70 Inc/RF24/RF24.o
                0x08006ef4                RF24::read_register(unsigned char)
 .text._ZN4RF2414write_registerEhPhh
                0x08006f64       0x78 Inc/RF24/RF24.o
                0x08006f64                RF24::write_register(unsigned char, unsigned char*, unsigned char)
 .text._ZN4RF2414write_registerEhh
                0x08006fdc       0x78 Inc/RF24/RF24.o
                0x08006fdc                RF24::write_register(unsigned char, unsigned char)
 .text._ZN4RF2412read_payloadEPhh
                0x08007054       0xa4 Inc/RF24/RF24.o
                0x08007054                RF24::read_payload(unsigned char*, unsigned char)
 .text._ZN4RF248flush_rxEv
                0x080070f8       0x60 Inc/RF24/RF24.o
                0x080070f8                RF24::flush_rx()
 .text._ZN4RF248flush_txEv
                0x08007158       0x60 Inc/RF24/RF24.o
                0x08007158                RF24::flush_tx()
 .text._ZN4RF2410get_statusEv
                0x080071b8       0x60 Inc/RF24/RF24.o
                0x080071b8                RF24::get_status()
 .text._ZN4RF24C2EP19__SPI_HandleTypeDef
                0x08007218       0x20 Inc/RF24/RF24.o
                0x08007218                RF24::RF24(__SPI_HandleTypeDef*)
                0x08007218                RF24::RF24(__SPI_HandleTypeDef*)
 .text._ZN4RF2410setChannelEh
                0x08007238       0x14 Inc/RF24/RF24.o
                0x08007238                RF24::setChannel(unsigned char)
 .text._ZN4RF2410getChannelEv
                0x0800724c        0xa Inc/RF24/RF24.o
                0x0800724c                RF24::getChannel()
 .text._ZN4RF2414setPayloadSizeEh
                0x08007256        0xc Inc/RF24/RF24.o
                0x08007256                RF24::setPayloadSize(unsigned char)
 .text._ZN4RF2414startListeningEv
                0x08007262       0x56 Inc/RF24/RF24.o
                0x08007262                RF24::startListening()
 .text._ZN4RF247powerUpEv
                0x080072b8       0x1a Inc/RF24/RF24.o
                0x080072b8                RF24::powerUp()
 .text._ZN4RF249availableEPh
                0x080072d2       0x42 Inc/RF24/RF24.o
                0x080072d2                RF24::available(unsigned char*)
 .text._ZN4RF249availableEv
                0x08007314        0xa Inc/RF24/RF24.o
                0x08007314                RF24::available()
 .text._ZN4RF244readEPhh
                0x0800731e       0x16 Inc/RF24/RF24.o
                0x0800731e                RF24::read(unsigned char*, unsigned char)
 .text._ZN4RF2412whatHappenedERbS0_S0_
                0x08007334       0x24 Inc/RF24/RF24.o
                0x08007334                RF24::whatHappened(bool&, bool&, bool&)
 .text._ZN4RF2415openWritingPipeEy
                0x08007358       0x38 Inc/RF24/RF24.o
                0x08007358                RF24::openWritingPipe(unsigned long long)
 .text._ZN4RF2415openReadingPipeEhy
                0x08007390       0x70 Inc/RF24/RF24.o
                0x08007390                RF24::openReadingPipe(unsigned char, unsigned long long)
 .text._ZN4RF2410setAutoAckEb
                0x08007400       0x18 Inc/RF24/RF24.o
                0x08007400                RF24::setAutoAck(bool)
 .text._ZN4RF2410setPALevelE13rf24_pa_dbm_e
                0x08007418       0x42 Inc/RF24/RF24.o
                0x08007418                RF24::setPALevel(rf24_pa_dbm_e)
 .text._ZN4RF2411setDataRateE15rf24_datarate_e
                0x0800745a       0x4c Inc/RF24/RF24.o
                0x0800745a                RF24::setDataRate(rf24_datarate_e)
 .text._ZN4RF2412setCRCLengthE16rf24_crclength_e
                0x080074a6       0x2a Inc/RF24/RF24.o
                0x080074a6                RF24::setCRCLength(rf24_crclength_e)
 .text._ZN4RF245beginEv
                0x080074d0       0x72 Inc/RF24/RF24.o
                0x080074d0                RF24::begin()
 *fill*         0x08007542        0x2 
 .text.MX_CRC_Init
                0x08007544       0x28 Src/crc.o
                0x08007544                MX_CRC_Init
 .text.HAL_CRC_MspInit
                0x0800756c       0x2c Src/crc.o
                0x0800756c                HAL_CRC_MspInit
 .text.MX_DMA_Init
                0x08007598       0x34 Src/dma.o
                0x08007598                MX_DMA_Init
 .text.MX_GPIO_Init
                0x080075cc      0x108 Src/gpio.o
                0x080075cc                MX_GPIO_Init
 .text.MX_I2C1_Init
                0x080076d4       0x44 Src/i2c.o
                0x080076d4                MX_I2C1_Init
 .text.HAL_I2C_MspInit
                0x08007718       0x5c Src/i2c.o
                0x08007718                HAL_I2C_MspInit
 .text.MX_IWDG_Init
                0x08007774       0x30 Src/iwdg.o
                0x08007774                MX_IWDG_Init
 .text.MX_NVIC_Init
                0x080077a4       0x94 Src/main.o
 .text.HAL_GPIO_EXTI_Callback
                0x08007838       0x10 Src/main.o
                0x08007838                HAL_GPIO_EXTI_Callback
 .text._Error_Handler
                0x08007848       0x14 Src/main.o
                0x08007848                _Error_Handler
 .text.SystemClock_Config
                0x0800785c       0x88 Src/main.o
                0x0800785c                SystemClock_Config
 .text.main     0x080078e4       0xb8 Src/main.o
                0x080078e4                main
 .text.OSD_Send
                0x0800799c        0x2 Src/osd.o
                0x0800799c                OSD_Send
 *fill*         0x0800799e        0x2 
 .text.OutControl_Init
                0x080079a0       0x4c Src/out_control.o
                0x080079a0                OutControl_Init
 .text.OutControl_SetValue
                0x080079ec       0x44 Src/out_control.o
                0x080079ec                OutControl_SetValue
 .text._Z41__static_initialization_and_destruction_0ii
                0x08007a30       0x24 Src/radio.o
 *fill*         0x08007a54        0x4 
 .text.Radio_Init
                0x08007a58       0xa0 Src/radio.o
                0x08007a58                Radio_Init
 .text.Radio_Read
                0x08007af8       0xf0 Src/radio.o
                0x08007af8                Radio_Read
 .text.Radio_Interrupt
                0x08007be8       0x34 Src/radio.o
                0x08007be8                Radio_Interrupt
 .text._GLOBAL__sub_I_radio
                0x08007c1c        0xe Src/radio.o
 *fill*         0x08007c2a        0x2 
 .text._Z41__static_initialization_and_destruction_0ii
                0x08007c2c       0x20 Src/sensors.o
 .text._Z8scan_i2cv
                0x08007c4c       0x94 Src/sensors.o
                0x08007c4c                scan_i2c()
 .text.Sensors_Init
                0x08007ce0       0x54 Src/sensors.o
                0x08007ce0                Sensors_Init
 .text._GLOBAL__sub_I_Angles
                0x08007d34        0xe Src/sensors.o
 *fill*         0x08007d42        0x2 
 .text.MX_SPI1_Init
                0x08007d44       0x4c Src/spi.o
                0x08007d44                MX_SPI1_Init
 .text.MX_SPI2_Init
                0x08007d90       0x50 Src/spi.o
                0x08007d90                MX_SPI2_Init
 .text.HAL_SPI_MspInit
                0x08007de0       0xac Src/spi.o
                0x08007de0                HAL_SPI_MspInit
 .text.HAL_MspInit
                0x08007e8c       0xa0 Src/stm32f1xx_hal_msp.o
                0x08007e8c                HAL_MspInit
 .text.NMI_Handler
                0x08007f2c        0x2 Src/stm32f1xx_it.o
                0x08007f2c                NMI_Handler
 .text.HardFault_Handler
                0x08007f2e        0x2 Src/stm32f1xx_it.o
                0x08007f2e                HardFault_Handler
 .text.MemManage_Handler
                0x08007f30        0x2 Src/stm32f1xx_it.o
                0x08007f30                MemManage_Handler
 .text.BusFault_Handler
                0x08007f32        0x2 Src/stm32f1xx_it.o
                0x08007f32                BusFault_Handler
 .text.UsageFault_Handler
                0x08007f34        0x2 Src/stm32f1xx_it.o
                0x08007f34                UsageFault_Handler
 .text.SVC_Handler
                0x08007f36        0x2 Src/stm32f1xx_it.o
                0x08007f36                SVC_Handler
 .text.DebugMon_Handler
                0x08007f38        0x2 Src/stm32f1xx_it.o
                0x08007f38                DebugMon_Handler
 .text.PendSV_Handler
                0x08007f3a        0x2 Src/stm32f1xx_it.o
                0x08007f3a                PendSV_Handler
 .text.SysTick_Handler
                0x08007f3c        0xc Src/stm32f1xx_it.o
                0x08007f3c                SysTick_Handler
 .text.DMA1_Channel3_IRQHandler
                0x08007f48       0x10 Src/stm32f1xx_it.o
                0x08007f48                DMA1_Channel3_IRQHandler
 .text.EXTI9_5_IRQHandler
                0x08007f58        0xc Src/stm32f1xx_it.o
                0x08007f58                EXTI9_5_IRQHandler
 .text.TIM4_IRQHandler
                0x08007f64       0x1c Src/stm32f1xx_it.o
                0x08007f64                TIM4_IRQHandler
 .text.I2C1_EV_IRQHandler
                0x08007f80       0x10 Src/stm32f1xx_it.o
                0x08007f80                I2C1_EV_IRQHandler
 .text.I2C1_ER_IRQHandler
                0x08007f90       0x10 Src/stm32f1xx_it.o
                0x08007f90                I2C1_ER_IRQHandler
 .text.SPI2_IRQHandler
                0x08007fa0       0x10 Src/stm32f1xx_it.o
                0x08007fa0                SPI2_IRQHandler
 .text.USART1_IRQHandler
                0x08007fb0       0x10 Src/stm32f1xx_it.o
                0x08007fb0                USART1_IRQHandler
 .text.USART2_IRQHandler
                0x08007fc0       0x10 Src/stm32f1xx_it.o
                0x08007fc0                USART2_IRQHandler
 .text.USART3_IRQHandler
                0x08007fd0       0x10 Src/stm32f1xx_it.o
                0x08007fd0                USART3_IRQHandler
 .text.EXTI15_10_IRQHandler
                0x08007fe0        0xc Src/stm32f1xx_it.o
                0x08007fe0                EXTI15_10_IRQHandler
 .text._read    0x08007fec       0x1c Src/syscalls.o
                0x08007fec                _read
 .text._write   0x08008008       0x18 Src/syscalls.o
                0x08008008                _write
 .text._sbrk    0x08008020       0x3c Src/syscalls.o
                0x08008020                _sbrk
 .text._close   0x0800805c        0x6 Src/syscalls.o
                0x0800805c                _close
 .text._fstat   0x08008062        0xa Src/syscalls.o
                0x08008062                _fstat
 .text._isatty  0x0800806c        0x4 Src/syscalls.o
                0x0800806c                _isatty
 .text._lseek   0x08008070        0x4 Src/syscalls.o
                0x08008070                _lseek
 .text.SystemInit
                0x08008074       0x4c Src/system_stm32f1xx.o
                0x08008074                SystemInit
 .text.MX_TIM4_Init
                0x080080c0       0x78 Src/tim.o
                0x080080c0                MX_TIM4_Init
 .text.HAL_TIM_Base_MspInit
                0x08008138       0x6c Src/tim.o
                0x08008138                HAL_TIM_Base_MspInit
 .text.HAL_TIM_MspPostInit
                0x080081a4       0x68 Src/tim.o
                0x080081a4                HAL_TIM_MspPostInit
 .text.MX_TIM1_Init
                0x0800820c      0x100 Src/tim.o
                0x0800820c                MX_TIM1_Init
 .text.MX_TIM3_Init
                0x0800830c       0xec Src/tim.o
                0x0800830c                MX_TIM3_Init
 .text.getMicros
                0x080083f8       0x1c Src/tim.o
                0x080083f8                getMicros
 .text.HAL_DelayMicros
                0x08008414       0x14 Src/tim.o
                0x08008414                HAL_DelayMicros
 .text.MX_USART1_UART_Init
                0x08008428       0x3c Src/usart.o
                0x08008428                MX_USART1_UART_Init
 .text.MX_USART2_UART_Init
                0x08008464       0x3c Src/usart.o
                0x08008464                MX_USART2_UART_Init
 .text.MX_USART3_UART_Init
                0x080084a0       0x40 Src/usart.o
                0x080084a0                MX_USART3_UART_Init
 .text.HAL_UART_MspInit
                0x080084e0      0x144 Src/usart.o
                0x080084e0                HAL_UART_MspInit
 .text.Reset_Handler
                0x08008624       0x48 startup/startup_stm32f103xb.o
                0x08008624                Reset_Handler
 .text.Default_Handler
                0x0800866c        0x2 startup/startup_stm32f103xb.o
                0x0800866c                RTC_Alarm_IRQHandler
                0x0800866c                EXTI2_IRQHandler
                0x0800866c                TIM1_CC_IRQHandler
                0x0800866c                PVD_IRQHandler
                0x0800866c                EXTI3_IRQHandler
                0x0800866c                EXTI0_IRQHandler
                0x0800866c                I2C2_EV_IRQHandler
                0x0800866c                ADC1_2_IRQHandler
                0x0800866c                SPI1_IRQHandler
                0x0800866c                TAMPER_IRQHandler
                0x0800866c                DMA1_Channel4_IRQHandler
                0x0800866c                RTC_IRQHandler
                0x0800866c                DMA1_Channel7_IRQHandler
                0x0800866c                CAN1_RX1_IRQHandler
                0x0800866c                DMA1_Channel6_IRQHandler
                0x0800866c                TIM3_IRQHandler
                0x0800866c                RCC_IRQHandler
                0x0800866c                TIM1_TRG_COM_IRQHandler
                0x0800866c                DMA1_Channel1_IRQHandler
                0x0800866c                Default_Handler
                0x0800866c                DMA1_Channel5_IRQHandler
                0x0800866c                EXTI4_IRQHandler
                0x0800866c                USB_LP_CAN1_RX0_IRQHandler
                0x0800866c                USB_HP_CAN1_TX_IRQHandler
                0x0800866c                TIM1_UP_IRQHandler
                0x0800866c                WWDG_IRQHandler
                0x0800866c                TIM2_IRQHandler
                0x0800866c                TIM1_BRK_IRQHandler
                0x0800866c                EXTI1_IRQHandler
                0x0800866c                I2C2_ER_IRQHandler
                0x0800866c                DMA1_Channel2_IRQHandler
                0x0800866c                CAN1_SCE_IRQHandler
                0x0800866c                FLASH_IRQHandler
                0x0800866c                USBWakeUp_IRQHandler
 *fill*         0x0800866e        0x2 
 .text.floor    0x08008670      0x108 c:/ac6/systemworkbench/plugins/fr.ac6.mcu.externaltools.arm-none.win32_1.16.0.201807130628/tools/compiler/bin/../lib/gcc/arm-none-eabi/7.2.1/../../../../arm-none-eabi/lib/thumb/v7-m\libm.a(lib_a-s_floor.o)
                0x08008670                floor
 .text.atof     0x08008778        0x6 c:/ac6/systemworkbench/plugins/fr.ac6.mcu.externaltools.arm-none.win32_1.16.0.201807130628/tools/compiler/bin/../lib/gcc/arm-none-eabi/7.2.1/../../../../arm-none-eabi/lib/thumb/v7-m\libc_nano.a(lib_a-atof.o)
                0x08008778                atof
 .text.atoi     0x0800877e        0x8 c:/ac6/systemworkbench/plugins/fr.ac6.mcu.externaltools.arm-none.win32_1.16.0.201807130628/tools/compiler/bin/../lib/gcc/arm-none-eabi/7.2.1/../../../../arm-none-eabi/lib/thumb/v7-m\libc_nano.a(lib_a-atoi.o)
                0x0800877e                atoi
 *fill*         0x08008786        0x2 
 .text.__errno  0x08008788        0xc c:/ac6/systemworkbench/plugins/fr.ac6.mcu.externaltools.arm-none.win32_1.16.0.201807130628/tools/compiler/bin/../lib/gcc/arm-none-eabi/7.2.1/../../../../arm-none-eabi/lib/thumb/v7-m\libc_nano.a(lib_a-errno.o)
                0x08008788                __errno
 .text.__libc_init_array
                0x08008794       0x48 c:/ac6/systemworkbench/plugins/fr.ac6.mcu.externaltools.arm-none.win32_1.16.0.201807130628/tools/compiler/bin/../lib/gcc/arm-none-eabi/7.2.1/../../../../arm-none-eabi/lib/thumb/v7-m\libc_nano.a(lib_a-init.o)
                0x08008794                __libc_init_array
 .text.memcmp   0x080087dc       0x1e c:/ac6/systemworkbench/plugins/fr.ac6.mcu.externaltools.arm-none.win32_1.16.0.201807130628/tools/compiler/bin/../lib/gcc/arm-none-eabi/7.2.1/../../../../arm-none-eabi/lib/thumb/v7-m\libc_nano.a(lib_a-memcmp.o)
                0x080087dc                memcmp
 .text.memset   0x080087fa       0x10 c:/ac6/systemworkbench/plugins/fr.ac6.mcu.externaltools.arm-none.win32_1.16.0.201807130628/tools/compiler/bin/../lib/gcc/arm-none-eabi/7.2.1/../../../../arm-none-eabi/lib/thumb/v7-m\libc_nano.a(lib_a-memset.o)
                0x080087fa                memset
 .text.__cvt    0x0800880a       0xb8 c:/ac6/systemworkbench/plugins/fr.ac6.mcu.externaltools.arm-none.win32_1.16.0.201807130628/tools/compiler/bin/../lib/gcc/arm-none-eabi/7.2.1/../../../../arm-none-eabi/lib/thumb/v7-m\libc_nano.a(lib_a-nano-vfprintf_float.o)
                0x0800880a                __cvt
 .text.__exponent
                0x080088c2       0x6a c:/ac6/systemworkbench/plugins/fr.ac6.mcu.externaltools.arm-none.win32_1.16.0.201807130628/tools/compiler/bin/../lib/gcc/arm-none-eabi/7.2.1/../../../../arm-none-eabi/lib/thumb/v7-m\libc_nano.a(lib_a-nano-vfprintf_float.o)
                0x080088c2                __exponent
 .text._printf_float
                0x0800892c      0x46c c:/ac6/systemworkbench/plugins/fr.ac6.mcu.externaltools.arm-none.win32_1.16.0.201807130628/tools/compiler/bin/../lib/gcc/arm-none-eabi/7.2.1/../../../../arm-none-eabi/lib/thumb/v7-m\libc_nano.a(lib_a-nano-vfprintf_float.o)
                0x0800892c                _printf_float
 .text._printf_common
                0x08008d98       0xec c:/ac6/systemworkbench/plugins/fr.ac6.mcu.externaltools.arm-none.win32_1.16.0.201807130628/tools/compiler/bin/../lib/gcc/arm-none-eabi/7.2.1/../../../../arm-none-eabi/lib/thumb/v7-m\libc_nano.a(lib_a-nano-vfprintf_i.o)
                0x08008d98                _printf_common
 .text._printf_i
                0x08008e84      0x224 c:/ac6/systemworkbench/plugins/fr.ac6.mcu.externaltools.arm-none.win32_1.16.0.201807130628/tools/compiler/bin/../lib/gcc/arm-none-eabi/7.2.1/../../../../arm-none-eabi/lib/thumb/v7-m\libc_nano.a(lib_a-nano-vfprintf_i.o)
                0x08008e84                _printf_i
 .text.printf   0x080090a8       0x30 c:/ac6/systemworkbench/plugins/fr.ac6.mcu.externaltools.arm-none.win32_1.16.0.201807130628/tools/compiler/bin/../lib/gcc/arm-none-eabi/7.2.1/../../../../arm-none-eabi/lib/thumb/v7-m\libc_nano.a(lib_a-printf.o)
                0x080090a8                iprintf
                0x080090a8                printf
 .text._puts_r  0x080090d8       0xb8 c:/ac6/systemworkbench/plugins/fr.ac6.mcu.externaltools.arm-none.win32_1.16.0.201807130628/tools/compiler/bin/../lib/gcc/arm-none-eabi/7.2.1/../../../../arm-none-eabi/lib/thumb/v7-m\libc_nano.a(lib_a-puts.o)
                0x080090d8                _puts_r
 .text.puts     0x08009190       0x10 c:/ac6/systemworkbench/plugins/fr.ac6.mcu.externaltools.arm-none.win32_1.16.0.201807130628/tools/compiler/bin/../lib/gcc/arm-none-eabi/7.2.1/../../../../arm-none-eabi/lib/thumb/v7-m\libc_nano.a(lib_a-puts.o)
                0x08009190                puts
 .text.strcat   0x080091a0       0x1e c:/ac6/systemworkbench/plugins/fr.ac6.mcu.externaltools.arm-none.win32_1.16.0.201807130628/tools/compiler/bin/../lib/gcc/arm-none-eabi/7.2.1/../../../../arm-none-eabi/lib/thumb/v7-m\libc_nano.a(lib_a-strcat.o)
                0x080091a0                strcat
 .text.strchr   0x080091be       0x1a c:/ac6/systemworkbench/plugins/fr.ac6.mcu.externaltools.arm-none.win32_1.16.0.201807130628/tools/compiler/bin/../lib/gcc/arm-none-eabi/7.2.1/../../../../arm-none-eabi/lib/thumb/v7-m\libc_nano.a(lib_a-strchr.o)
                0x080091be                strchr
 .text.strcpy   0x080091d8       0x10 c:/ac6/systemworkbench/plugins/fr.ac6.mcu.externaltools.arm-none.win32_1.16.0.201807130628/tools/compiler/bin/../lib/gcc/arm-none-eabi/7.2.1/../../../../arm-none-eabi/lib/thumb/v7-m\libc_nano.a(lib_a-strcpy.o)
                0x080091d8                strcpy
 .text.strncat  0x080091e8       0x28 c:/ac6/systemworkbench/plugins/fr.ac6.mcu.externaltools.arm-none.win32_1.16.0.201807130628/tools/compiler/bin/../lib/gcc/arm-none-eabi/7.2.1/../../../../arm-none-eabi/lib/thumb/v7-m\libc_nano.a(lib_a-strncat.o)
                0x080091e8                strncat
 .text.strncpy  0x08009210       0x2a c:/ac6/systemworkbench/plugins/fr.ac6.mcu.externaltools.arm-none.win32_1.16.0.201807130628/tools/compiler/bin/../lib/gcc/arm-none-eabi/7.2.1/../../../../arm-none-eabi/lib/thumb/v7-m\libc_nano.a(lib_a-strncpy.o)
                0x08009210                strncpy
 .text.unlikely.sulp
                0x0800923a       0x42 c:/ac6/systemworkbench/plugins/fr.ac6.mcu.externaltools.arm-none.win32_1.16.0.201807130628/tools/compiler/bin/../lib/gcc/arm-none-eabi/7.2.1/../../../../arm-none-eabi/lib/thumb/v7-m\libc_nano.a(lib_a-strtod.o)
 *fill*         0x0800927c        0x4 
 .text._strtod_l
                0x08009280      0xc00 c:/ac6/systemworkbench/plugins/fr.ac6.mcu.externaltools.arm-none.win32_1.16.0.201807130628/tools/compiler/bin/../lib/gcc/arm-none-eabi/7.2.1/../../../../arm-none-eabi/lib/thumb/v7-m\libc_nano.a(lib_a-strtod.o)
                0x08009280                _strtod_l
 .text.strtod   0x08009e80       0x24 c:/ac6/systemworkbench/plugins/fr.ac6.mcu.externaltools.arm-none.win32_1.16.0.201807130628/tools/compiler/bin/../lib/gcc/arm-none-eabi/7.2.1/../../../../arm-none-eabi/lib/thumb/v7-m\libc_nano.a(lib_a-strtod.o)
                0x08009e80                strtod
 .text.strtok   0x08009ea4       0x54 c:/ac6/systemworkbench/plugins/fr.ac6.mcu.externaltools.arm-none.win32_1.16.0.201807130628/tools/compiler/bin/../lib/gcc/arm-none-eabi/7.2.1/../../../../arm-none-eabi/lib/thumb/v7-m\libc_nano.a(lib_a-strtok.o)
                0x08009ea4                strtok
 .text.__strtok_r
                0x08009ef8       0x54 c:/ac6/systemworkbench/plugins/fr.ac6.mcu.externaltools.arm-none.win32_1.16.0.201807130628/tools/compiler/bin/../lib/gcc/arm-none-eabi/7.2.1/../../../../arm-none-eabi/lib/thumb/v7-m\libc_nano.a(lib_a-strtok_r.o)
                0x08009ef8                __strtok_r
 .text._strtol_l.isra.0
                0x08009f4c       0xf6 c:/ac6/systemworkbench/plugins/fr.ac6.mcu.externaltools.arm-none.win32_1.16.0.201807130628/tools/compiler/bin/../lib/gcc/arm-none-eabi/7.2.1/../../../../arm-none-eabi/lib/thumb/v7-m\libc_nano.a(lib_a-strtol.o)
 *fill*         0x0800a042        0x2 
 .text.strtol   0x0800a044       0x2c c:/ac6/systemworkbench/plugins/fr.ac6.mcu.externaltools.arm-none.win32_1.16.0.201807130628/tools/compiler/bin/../lib/gcc/arm-none-eabi/7.2.1/../../../../arm-none-eabi/lib/thumb/v7-m\libc_nano.a(lib_a-strtol.o)
                0x0800a044                strtol
 .text.__swbuf_r
                0x0800a070       0xa4 c:/ac6/systemworkbench/plugins/fr.ac6.mcu.externaltools.arm-none.win32_1.16.0.201807130628/tools/compiler/bin/../lib/gcc/arm-none-eabi/7.2.1/../../../../arm-none-eabi/lib/thumb/v7-m\libc_nano.a(lib_a-wbuf.o)
                0x0800a070                __swbuf_r
 .text.__swsetup_r
                0x0800a114       0xdc c:/ac6/systemworkbench/plugins/fr.ac6.mcu.externaltools.arm-none.win32_1.16.0.201807130628/tools/compiler/bin/../lib/gcc/arm-none-eabi/7.2.1/../../../../arm-none-eabi/lib/thumb/v7-m\libc_nano.a(lib_a-wsetup.o)
                0x0800a114                __swsetup_r
 .text.quorem   0x0800a1f0      0x11c c:/ac6/systemworkbench/plugins/fr.ac6.mcu.externaltools.arm-none.win32_1.16.0.201807130628/tools/compiler/bin/../lib/gcc/arm-none-eabi/7.2.1/../../../../arm-none-eabi/lib/thumb/v7-m\libc_nano.a(lib_a-dtoa.o)
 *fill*         0x0800a30c        0x4 
 .text._dtoa_r  0x0800a310      0xb68 c:/ac6/systemworkbench/plugins/fr.ac6.mcu.externaltools.arm-none.win32_1.16.0.201807130628/tools/compiler/bin/../lib/gcc/arm-none-eabi/7.2.1/../../../../arm-none-eabi/lib/thumb/v7-m\libc_nano.a(lib_a-dtoa.o)
                0x0800a310                _dtoa_r
 .text.__sflush_r
                0x0800ae78      0x10c c:/ac6/systemworkbench/plugins/fr.ac6.mcu.externaltools.arm-none.win32_1.16.0.201807130628/tools/compiler/bin/../lib/gcc/arm-none-eabi/7.2.1/../../../../arm-none-eabi/lib/thumb/v7-m\libc_nano.a(lib_a-fflush.o)
                0x0800ae78                __sflush_r
 .text._fflush_r
                0x0800af84       0x54 c:/ac6/systemworkbench/plugins/fr.ac6.mcu.externaltools.arm-none.win32_1.16.0.201807130628/tools/compiler/bin/../lib/gcc/arm-none-eabi/7.2.1/../../../../arm-none-eabi/lib/thumb/v7-m\libc_nano.a(lib_a-fflush.o)
                0x0800af84                _fflush_r
 .text.std      0x0800afd8       0x48 c:/ac6/systemworkbench/plugins/fr.ac6.mcu.externaltools.arm-none.win32_1.16.0.201807130628/tools/compiler/bin/../lib/gcc/arm-none-eabi/7.2.1/../../../../arm-none-eabi/lib/thumb/v7-m\libc_nano.a(lib_a-findfp.o)
 .text._cleanup_r
                0x0800b020        0xc c:/ac6/systemworkbench/plugins/fr.ac6.mcu.externaltools.arm-none.win32_1.16.0.201807130628/tools/compiler/bin/../lib/gcc/arm-none-eabi/7.2.1/../../../../arm-none-eabi/lib/thumb/v7-m\libc_nano.a(lib_a-findfp.o)
                0x0800b020                _cleanup_r
 .text.__sfmoreglue
                0x0800b02c       0x2c c:/ac6/systemworkbench/plugins/fr.ac6.mcu.externaltools.arm-none.win32_1.16.0.201807130628/tools/compiler/bin/../lib/gcc/arm-none-eabi/7.2.1/../../../../arm-none-eabi/lib/thumb/v7-m\libc_nano.a(lib_a-findfp.o)
                0x0800b02c                __sfmoreglue
 .text.__sinit  0x0800b058       0x60 c:/ac6/systemworkbench/plugins/fr.ac6.mcu.externaltools.arm-none.win32_1.16.0.201807130628/tools/compiler/bin/../lib/gcc/arm-none-eabi/7.2.1/../../../../arm-none-eabi/lib/thumb/v7-m\libc_nano.a(lib_a-findfp.o)
                0x0800b058                __sinit
 .text.__sfp    0x0800b0b8       0x78 c:/ac6/systemworkbench/plugins/fr.ac6.mcu.externaltools.arm-none.win32_1.16.0.201807130628/tools/compiler/bin/../lib/gcc/arm-none-eabi/7.2.1/../../../../arm-none-eabi/lib/thumb/v7-m\libc_nano.a(lib_a-findfp.o)
                0x0800b0b8                __sfp
 .text._fwalk_reent
                0x0800b130       0x3c c:/ac6/systemworkbench/plugins/fr.ac6.mcu.externaltools.arm-none.win32_1.16.0.201807130628/tools/compiler/bin/../lib/gcc/arm-none-eabi/7.2.1/../../../../arm-none-eabi/lib/thumb/v7-m\libc_nano.a(lib_a-fwalk.o)
                0x0800b130                _fwalk_reent
 .text.rshift   0x0800b16c       0x76 c:/ac6/systemworkbench/plugins/fr.ac6.mcu.externaltools.arm-none.win32_1.16.0.201807130628/tools/compiler/bin/../lib/gcc/arm-none-eabi/7.2.1/../../../../arm-none-eabi/lib/thumb/v7-m\libc_nano.a(lib_a-gdtoa-gethex.o)
 .text.__hexdig_fun
                0x0800b1e2       0x2a c:/ac6/systemworkbench/plugins/fr.ac6.mcu.externaltools.arm-none.win32_1.16.0.201807130628/tools/compiler/bin/../lib/gcc/arm-none-eabi/7.2.1/../../../../arm-none-eabi/lib/thumb/v7-m\libc_nano.a(lib_a-gdtoa-gethex.o)
                0x0800b1e2                __hexdig_fun
 .text.__gethex
                0x0800b20c      0x444 c:/ac6/systemworkbench/plugins/fr.ac6.mcu.externaltools.arm-none.win32_1.16.0.201807130628/tools/compiler/bin/../lib/gcc/arm-none-eabi/7.2.1/../../../../arm-none-eabi/lib/thumb/v7-m\libc_nano.a(lib_a-gdtoa-gethex.o)
                0x0800b20c                __gethex
 .text.L_shift  0x0800b650       0x24 c:/ac6/systemworkbench/plugins/fr.ac6.mcu.externaltools.arm-none.win32_1.16.0.201807130628/tools/compiler/bin/../lib/gcc/arm-none-eabi/7.2.1/../../../../arm-none-eabi/lib/thumb/v7-m\libc_nano.a(lib_a-gdtoa-hexnan.o)
 .text.__match  0x0800b674       0x28 c:/ac6/systemworkbench/plugins/fr.ac6.mcu.externaltools.arm-none.win32_1.16.0.201807130628/tools/compiler/bin/../lib/gcc/arm-none-eabi/7.2.1/../../../../arm-none-eabi/lib/thumb/v7-m\libc_nano.a(lib_a-gdtoa-hexnan.o)
                0x0800b674                __match
 .text.__hexnan
                0x0800b69c      0x120 c:/ac6/systemworkbench/plugins/fr.ac6.mcu.externaltools.arm-none.win32_1.16.0.201807130628/tools/compiler/bin/../lib/gcc/arm-none-eabi/7.2.1/../../../../arm-none-eabi/lib/thumb/v7-m\libc_nano.a(lib_a-gdtoa-hexnan.o)
                0x0800b69c                __hexnan
 .text.__locale_ctype_ptr_l
                0x0800b7bc        0x6 c:/ac6/systemworkbench/plugins/fr.ac6.mcu.externaltools.arm-none.win32_1.16.0.201807130628/tools/compiler/bin/../lib/gcc/arm-none-eabi/7.2.1/../../../../arm-none-eabi/lib/thumb/v7-m\libc_nano.a(lib_a-locale.o)
                0x0800b7bc                __locale_ctype_ptr_l
 .text.__localeconv_l
                0x0800b7c2        0x4 c:/ac6/systemworkbench/plugins/fr.ac6.mcu.externaltools.arm-none.win32_1.16.0.201807130628/tools/compiler/bin/../lib/gcc/arm-none-eabi/7.2.1/../../../../arm-none-eabi/lib/thumb/v7-m\libc_nano.a(lib_a-localeconv.o)
                0x0800b7c2                __localeconv_l
 *fill*         0x0800b7c6        0x2 
 .text._localeconv_r
                0x0800b7c8       0x1c c:/ac6/systemworkbench/plugins/fr.ac6.mcu.externaltools.arm-none.win32_1.16.0.201807130628/tools/compiler/bin/../lib/gcc/arm-none-eabi/7.2.1/../../../../arm-none-eabi/lib/thumb/v7-m\libc_nano.a(lib_a-localeconv.o)
                0x0800b7c8                _localeconv_r
 .text.__swhatbuf_r
                0x0800b7e4       0x48 c:/ac6/systemworkbench/plugins/fr.ac6.mcu.externaltools.arm-none.win32_1.16.0.201807130628/tools/compiler/bin/../lib/gcc/arm-none-eabi/7.2.1/../../../../arm-none-eabi/lib/thumb/v7-m\libc_nano.a(lib_a-makebuf.o)
                0x0800b7e4                __swhatbuf_r
 .text.__smakebuf_r
                0x0800b82c       0x80 c:/ac6/systemworkbench/plugins/fr.ac6.mcu.externaltools.arm-none.win32_1.16.0.201807130628/tools/compiler/bin/../lib/gcc/arm-none-eabi/7.2.1/../../../../arm-none-eabi/lib/thumb/v7-m\libc_nano.a(lib_a-makebuf.o)
                0x0800b82c                __smakebuf_r
 .text.malloc   0x0800b8ac       0x10 c:/ac6/systemworkbench/plugins/fr.ac6.mcu.externaltools.arm-none.win32_1.16.0.201807130628/tools/compiler/bin/../lib/gcc/arm-none-eabi/7.2.1/../../../../arm-none-eabi/lib/thumb/v7-m\libc_nano.a(lib_a-malloc.o)
                0x0800b8ac                malloc
 .text.__ascii_mbtowc
                0x0800b8bc       0x24 c:/ac6/systemworkbench/plugins/fr.ac6.mcu.externaltools.arm-none.win32_1.16.0.201807130628/tools/compiler/bin/../lib/gcc/arm-none-eabi/7.2.1/../../../../arm-none-eabi/lib/thumb/v7-m\libc_nano.a(lib_a-mbtowc_r.o)
                0x0800b8bc                __ascii_mbtowc
 .text.memchr   0x0800b8e0       0x1c c:/ac6/systemworkbench/plugins/fr.ac6.mcu.externaltools.arm-none.win32_1.16.0.201807130628/tools/compiler/bin/../lib/gcc/arm-none-eabi/7.2.1/../../../../arm-none-eabi/lib/thumb/v7-m\libc_nano.a(lib_a-memchr-stub.o)
                0x0800b8e0                memchr
 .text.memcpy   0x0800b8fc       0x16 c:/ac6/systemworkbench/plugins/fr.ac6.mcu.externaltools.arm-none.win32_1.16.0.201807130628/tools/compiler/bin/../lib/gcc/arm-none-eabi/7.2.1/../../../../arm-none-eabi/lib/thumb/v7-m\libc_nano.a(lib_a-memcpy-stub.o)
                0x0800b8fc                memcpy
 .text._Balloc  0x0800b912       0x68 c:/ac6/systemworkbench/plugins/fr.ac6.mcu.externaltools.arm-none.win32_1.16.0.201807130628/tools/compiler/bin/../lib/gcc/arm-none-eabi/7.2.1/../../../../arm-none-eabi/lib/thumb/v7-m\libc_nano.a(lib_a-mprec.o)
                0x0800b912                _Balloc
 .text._Bfree   0x0800b97a       0x2e c:/ac6/systemworkbench/plugins/fr.ac6.mcu.externaltools.arm-none.win32_1.16.0.201807130628/tools/compiler/bin/../lib/gcc/arm-none-eabi/7.2.1/../../../../arm-none-eabi/lib/thumb/v7-m\libc_nano.a(lib_a-mprec.o)
                0x0800b97a                _Bfree
 .text.__multadd
                0x0800b9a8       0x76 c:/ac6/systemworkbench/plugins/fr.ac6.mcu.externaltools.arm-none.win32_1.16.0.201807130628/tools/compiler/bin/../lib/gcc/arm-none-eabi/7.2.1/../../../../arm-none-eabi/lib/thumb/v7-m\libc_nano.a(lib_a-mprec.o)
                0x0800b9a8                __multadd
 .text.__s2b    0x0800ba1e       0x7c c:/ac6/systemworkbench/plugins/fr.ac6.mcu.externaltools.arm-none.win32_1.16.0.201807130628/tools/compiler/bin/../lib/gcc/arm-none-eabi/7.2.1/../../../../arm-none-eabi/lib/thumb/v7-m\libc_nano.a(lib_a-mprec.o)
                0x0800ba1e                __s2b
 .text.__hi0bits
                0x0800ba9a       0x3e c:/ac6/systemworkbench/plugins/fr.ac6.mcu.externaltools.arm-none.win32_1.16.0.201807130628/tools/compiler/bin/../lib/gcc/arm-none-eabi/7.2.1/../../../../arm-none-eabi/lib/thumb/v7-m\libc_nano.a(lib_a-mprec.o)
                0x0800ba9a                __hi0bits
 .text.__lo0bits
                0x0800bad8       0x5e c:/ac6/systemworkbench/plugins/fr.ac6.mcu.externaltools.arm-none.win32_1.16.0.201807130628/tools/compiler/bin/../lib/gcc/arm-none-eabi/7.2.1/../../../../arm-none-eabi/lib/thumb/v7-m\libc_nano.a(lib_a-mprec.o)
                0x0800bad8                __lo0bits
 .text.__i2b    0x0800bb36       0x12 c:/ac6/systemworkbench/plugins/fr.ac6.mcu.externaltools.arm-none.win32_1.16.0.201807130628/tools/compiler/bin/../lib/gcc/arm-none-eabi/7.2.1/../../../../arm-none-eabi/lib/thumb/v7-m\libc_nano.a(lib_a-mprec.o)
                0x0800bb36                __i2b
 .text.__multiply
                0x0800bb48      0x12a c:/ac6/systemworkbench/plugins/fr.ac6.mcu.externaltools.arm-none.win32_1.16.0.201807130628/tools/compiler/bin/../lib/gcc/arm-none-eabi/7.2.1/../../../../arm-none-eabi/lib/thumb/v7-m\libc_nano.a(lib_a-mprec.o)
                0x0800bb48                __multiply
 *fill*         0x0800bc72        0x2 
 .text.__pow5mult
                0x0800bc74       0x9c c:/ac6/systemworkbench/plugins/fr.ac6.mcu.externaltools.arm-none.win32_1.16.0.201807130628/tools/compiler/bin/../lib/gcc/arm-none-eabi/7.2.1/../../../../arm-none-eabi/lib/thumb/v7-m\libc_nano.a(lib_a-mprec.o)
                0x0800bc74                __pow5mult
 .text.__lshift
                0x0800bd10       0xa8 c:/ac6/systemworkbench/plugins/fr.ac6.mcu.externaltools.arm-none.win32_1.16.0.201807130628/tools/compiler/bin/../lib/gcc/arm-none-eabi/7.2.1/../../../../arm-none-eabi/lib/thumb/v7-m\libc_nano.a(lib_a-mprec.o)
                0x0800bd10                __lshift
 .text.__mcmp   0x0800bdb8       0x34 c:/ac6/systemworkbench/plugins/fr.ac6.mcu.externaltools.arm-none.win32_1.16.0.201807130628/tools/compiler/bin/../lib/gcc/arm-none-eabi/7.2.1/../../../../arm-none-eabi/lib/thumb/v7-m\libc_nano.a(lib_a-mprec.o)
                0x0800bdb8                __mcmp
 .text.__mdiff  0x0800bdec       0xbc c:/ac6/systemworkbench/plugins/fr.ac6.mcu.externaltools.arm-none.win32_1.16.0.201807130628/tools/compiler/bin/../lib/gcc/arm-none-eabi/7.2.1/../../../../arm-none-eabi/lib/thumb/v7-m\libc_nano.a(lib_a-mprec.o)
                0x0800bdec                __mdiff
 .text.__ulp    0x0800bea8       0x48 c:/ac6/systemworkbench/plugins/fr.ac6.mcu.externaltools.arm-none.win32_1.16.0.201807130628/tools/compiler/bin/../lib/gcc/arm-none-eabi/7.2.1/../../../../arm-none-eabi/lib/thumb/v7-m\libc_nano.a(lib_a-mprec.o)
                0x0800bea8                __ulp
 .text.__b2d    0x0800bef0       0xa4 c:/ac6/systemworkbench/plugins/fr.ac6.mcu.externaltools.arm-none.win32_1.16.0.201807130628/tools/compiler/bin/../lib/gcc/arm-none-eabi/7.2.1/../../../../arm-none-eabi/lib/thumb/v7-m\libc_nano.a(lib_a-mprec.o)
                0x0800bef0                __b2d
 .text.__d2b    0x0800bf94       0x9e c:/ac6/systemworkbench/plugins/fr.ac6.mcu.externaltools.arm-none.win32_1.16.0.201807130628/tools/compiler/bin/../lib/gcc/arm-none-eabi/7.2.1/../../../../arm-none-eabi/lib/thumb/v7-m\libc_nano.a(lib_a-mprec.o)
                0x0800bf94                __d2b
 .text.__ratio  0x0800c032       0x5c c:/ac6/systemworkbench/plugins/fr.ac6.mcu.externaltools.arm-none.win32_1.16.0.201807130628/tools/compiler/bin/../lib/gcc/arm-none-eabi/7.2.1/../../../../arm-none-eabi/lib/thumb/v7-m\libc_nano.a(lib_a-mprec.o)
                0x0800c032                __ratio
 .text.__copybits
                0x0800c08e       0x34 c:/ac6/systemworkbench/plugins/fr.ac6.mcu.externaltools.arm-none.win32_1.16.0.201807130628/tools/compiler/bin/../lib/gcc/arm-none-eabi/7.2.1/../../../../arm-none-eabi/lib/thumb/v7-m\libc_nano.a(lib_a-mprec.o)
                0x0800c08e                __copybits
 .text.__any_on
                0x0800c0c2       0x42 c:/ac6/systemworkbench/plugins/fr.ac6.mcu.externaltools.arm-none.win32_1.16.0.201807130628/tools/compiler/bin/../lib/gcc/arm-none-eabi/7.2.1/../../../../arm-none-eabi/lib/thumb/v7-m\libc_nano.a(lib_a-mprec.o)
                0x0800c0c2                __any_on
 .text._calloc_r
                0x0800c104       0x1c c:/ac6/systemworkbench/plugins/fr.ac6.mcu.externaltools.arm-none.win32_1.16.0.201807130628/tools/compiler/bin/../lib/gcc/arm-none-eabi/7.2.1/../../../../arm-none-eabi/lib/thumb/v7-m\libc_nano.a(lib_a-nano-callocr.o)
                0x0800c104                _calloc_r
 .text._free_r  0x0800c120       0x98 c:/ac6/systemworkbench/plugins/fr.ac6.mcu.externaltools.arm-none.win32_1.16.0.201807130628/tools/compiler/bin/../lib/gcc/arm-none-eabi/7.2.1/../../../../arm-none-eabi/lib/thumb/v7-m\libc_nano.a(lib_a-nano-freer.o)
                0x0800c120                _free_r
 .text._malloc_r
                0x0800c1b8       0xb4 c:/ac6/systemworkbench/plugins/fr.ac6.mcu.externaltools.arm-none.win32_1.16.0.201807130628/tools/compiler/bin/../lib/gcc/arm-none-eabi/7.2.1/../../../../arm-none-eabi/lib/thumb/v7-m\libc_nano.a(lib_a-nano-mallocr.o)
                0x0800c1b8                _malloc_r
 .text.__sfputc_r
                0x0800c26c       0x2a c:/ac6/systemworkbench/plugins/fr.ac6.mcu.externaltools.arm-none.win32_1.16.0.201807130628/tools/compiler/bin/../lib/gcc/arm-none-eabi/7.2.1/../../../../arm-none-eabi/lib/thumb/v7-m\libc_nano.a(lib_a-nano-vfprintf.o)
 .text.__sfputs_r
                0x0800c296       0x24 c:/ac6/systemworkbench/plugins/fr.ac6.mcu.externaltools.arm-none.win32_1.16.0.201807130628/tools/compiler/bin/../lib/gcc/arm-none-eabi/7.2.1/../../../../arm-none-eabi/lib/thumb/v7-m\libc_nano.a(lib_a-nano-vfprintf.o)
                0x0800c296                __sfputs_r
 *fill*         0x0800c2ba        0x2 
 .text._vfprintf_r
                0x0800c2bc      0x228 c:/ac6/systemworkbench/plugins/fr.ac6.mcu.externaltools.arm-none.win32_1.16.0.201807130628/tools/compiler/bin/../lib/gcc/arm-none-eabi/7.2.1/../../../../arm-none-eabi/lib/thumb/v7-m\libc_nano.a(lib_a-nano-vfprintf.o)
                0x0800c2bc                _vfprintf_r
                0x0800c2bc                _vfiprintf_r
 .text._sbrk_r  0x0800c4e4       0x20 c:/ac6/systemworkbench/plugins/fr.ac6.mcu.externaltools.arm-none.win32_1.16.0.201807130628/tools/compiler/bin/../lib/gcc/arm-none-eabi/7.2.1/../../../../arm-none-eabi/lib/thumb/v7-m\libc_nano.a(lib_a-sbrkr.o)
                0x0800c4e4                _sbrk_r
 .text.__sread  0x0800c504       0x22 c:/ac6/systemworkbench/plugins/fr.ac6.mcu.externaltools.arm-none.win32_1.16.0.201807130628/tools/compiler/bin/../lib/gcc/arm-none-eabi/7.2.1/../../../../arm-none-eabi/lib/thumb/v7-m\libc_nano.a(lib_a-stdio.o)
                0x0800c504                __sread
 .text.__swrite
                0x0800c526       0x38 c:/ac6/systemworkbench/plugins/fr.ac6.mcu.externaltools.arm-none.win32_1.16.0.201807130628/tools/compiler/bin/../lib/gcc/arm-none-eabi/7.2.1/../../../../arm-none-eabi/lib/thumb/v7-m\libc_nano.a(lib_a-stdio.o)
                0x0800c526                __swrite
 .text.__sseek  0x0800c55e       0x24 c:/ac6/systemworkbench/plugins/fr.ac6.mcu.externaltools.arm-none.win32_1.16.0.201807130628/tools/compiler/bin/../lib/gcc/arm-none-eabi/7.2.1/../../../../arm-none-eabi/lib/thumb/v7-m\libc_nano.a(lib_a-stdio.o)
                0x0800c55e                __sseek
 .text.__sclose
                0x0800c582        0x8 c:/ac6/systemworkbench/plugins/fr.ac6.mcu.externaltools.arm-none.win32_1.16.0.201807130628/tools/compiler/bin/../lib/gcc/arm-none-eabi/7.2.1/../../../../arm-none-eabi/lib/thumb/v7-m\libc_nano.a(lib_a-stdio.o)
                0x0800c582                __sclose
 .text.strncmp  0x0800c58a       0x24 c:/ac6/systemworkbench/plugins/fr.ac6.mcu.externaltools.arm-none.win32_1.16.0.201807130628/tools/compiler/bin/../lib/gcc/arm-none-eabi/7.2.1/../../../../arm-none-eabi/lib/thumb/v7-m\libc_nano.a(lib_a-strncmp.o)
                0x0800c58a                strncmp
 .text.__ascii_wctomb
                0x0800c5ae       0x1a c:/ac6/systemworkbench/plugins/fr.ac6.mcu.externaltools.arm-none.win32_1.16.0.201807130628/tools/compiler/bin/../lib/gcc/arm-none-eabi/7.2.1/../../../../arm-none-eabi/lib/thumb/v7-m\libc_nano.a(lib_a-wctomb_r.o)
                0x0800c5ae                __ascii_wctomb
 .text._write_r
                0x0800c5c8       0x24 c:/ac6/systemworkbench/plugins/fr.ac6.mcu.externaltools.arm-none.win32_1.16.0.201807130628/tools/compiler/bin/../lib/gcc/arm-none-eabi/7.2.1/../../../../arm-none-eabi/lib/thumb/v7-m\libc_nano.a(lib_a-writer.o)
                0x0800c5c8                _write_r
 .text._close_r
                0x0800c5ec       0x20 c:/ac6/systemworkbench/plugins/fr.ac6.mcu.externaltools.arm-none.win32_1.16.0.201807130628/tools/compiler/bin/../lib/gcc/arm-none-eabi/7.2.1/../../../../arm-none-eabi/lib/thumb/v7-m\libc_nano.a(lib_a-closer.o)
                0x0800c5ec                _close_r
 .text._fstat_r
                0x0800c60c       0x24 c:/ac6/systemworkbench/plugins/fr.ac6.mcu.externaltools.arm-none.win32_1.16.0.201807130628/tools/compiler/bin/../lib/gcc/arm-none-eabi/7.2.1/../../../../arm-none-eabi/lib/thumb/v7-m\libc_nano.a(lib_a-fstatr.o)
                0x0800c60c                _fstat_r
 .text._isatty_r
                0x0800c630       0x20 c:/ac6/systemworkbench/plugins/fr.ac6.mcu.externaltools.arm-none.win32_1.16.0.201807130628/tools/compiler/bin/../lib/gcc/arm-none-eabi/7.2.1/../../../../arm-none-eabi/lib/thumb/v7-m\libc_nano.a(lib_a-isattyr.o)
                0x0800c630                _isatty_r
 .text._lseek_r
                0x0800c650       0x24 c:/ac6/systemworkbench/plugins/fr.ac6.mcu.externaltools.arm-none.win32_1.16.0.201807130628/tools/compiler/bin/../lib/gcc/arm-none-eabi/7.2.1/../../../../arm-none-eabi/lib/thumb/v7-m\libc_nano.a(lib_a-lseekr.o)
                0x0800c650                _lseek_r
 .text.__malloc_lock
                0x0800c674        0x2 c:/ac6/systemworkbench/plugins/fr.ac6.mcu.externaltools.arm-none.win32_1.16.0.201807130628/tools/compiler/bin/../lib/gcc/arm-none-eabi/7.2.1/../../../../arm-none-eabi/lib/thumb/v7-m\libc_nano.a(lib_a-mlock.o)
                0x0800c674                __malloc_lock
 .text.__malloc_unlock
                0x0800c676        0x2 c:/ac6/systemworkbench/plugins/fr.ac6.mcu.externaltools.arm-none.win32_1.16.0.201807130628/tools/compiler/bin/../lib/gcc/arm-none-eabi/7.2.1/../../../../arm-none-eabi/lib/thumb/v7-m\libc_nano.a(lib_a-mlock.o)
                0x0800c676                __malloc_unlock
 .text._read_r  0x0800c678       0x24 c:/ac6/systemworkbench/plugins/fr.ac6.mcu.externaltools.arm-none.win32_1.16.0.201807130628/tools/compiler/bin/../lib/gcc/arm-none-eabi/7.2.1/../../../../arm-none-eabi/lib/thumb/v7-m\libc_nano.a(lib_a-readr.o)
                0x0800c678                _read_r
 *(.glue_7)
 .glue_7        0x0800c69c        0x0 linker stubs
 *(.glue_7t)
 .glue_7t       0x0800c69c        0x0 linker stubs
 *(.eh_frame)
 .eh_frame      0x0800c69c        0x0 c:/ac6/systemworkbench/plugins/fr.ac6.mcu.externaltools.arm-none.win32_1.16.0.201807130628/tools/compiler/bin/../lib/gcc/arm-none-eabi/7.2.1/thumb/v7-m/crtbegin.o
 *(.init)
 .init          0x0800c69c        0x4 c:/ac6/systemworkbench/plugins/fr.ac6.mcu.externaltools.arm-none.win32_1.16.0.201807130628/tools/compiler/bin/../lib/gcc/arm-none-eabi/7.2.1/thumb/v7-m/crti.o
                0x0800c69c                _init
 .init          0x0800c6a0        0x8 c:/ac6/systemworkbench/plugins/fr.ac6.mcu.externaltools.arm-none.win32_1.16.0.201807130628/tools/compiler/bin/../lib/gcc/arm-none-eabi/7.2.1/thumb/v7-m/crtn.o
 *(.fini)
 .fini          0x0800c6a8        0x4 c:/ac6/systemworkbench/plugins/fr.ac6.mcu.externaltools.arm-none.win32_1.16.0.201807130628/tools/compiler/bin/../lib/gcc/arm-none-eabi/7.2.1/thumb/v7-m/crti.o
                0x0800c6a8                _fini
 .fini          0x0800c6ac        0x8 c:/ac6/systemworkbench/plugins/fr.ac6.mcu.externaltools.arm-none.win32_1.16.0.201807130628/tools/compiler/bin/../lib/gcc/arm-none-eabi/7.2.1/thumb/v7-m/crtn.o
                0x0800c6b4                . = ALIGN (0x4)
                0x0800c6b4                _etext = .

.vfp11_veneer   0x0800c6b4        0x0
 .vfp11_veneer  0x0800c6b4        0x0 linker stubs

.v4_bx          0x0800c6b4        0x0
 .v4_bx         0x0800c6b4        0x0 linker stubs

.iplt           0x0800c6b4        0x0
 .iplt          0x0800c6b4        0x0 c:/ac6/systemworkbench/plugins/fr.ac6.mcu.externaltools.arm-none.win32_1.16.0.201807130628/tools/compiler/bin/../lib/gcc/arm-none-eabi/7.2.1/thumb/v7-m/crtbegin.o

.rodata         0x0800c6b8     0x15d8
                0x0800c6b8                . = ALIGN (0x4)
 *(.rodata)
 .rodata        0x0800c6b8       0x12 Drivers/STM32F1xx_HAL_Driver/Src/stm32f1xx_hal_rcc.o
 *fill*         0x0800c6ca        0x2 
 .rodata        0x0800c6cc        0x2 Inc/BMP280/util/bmp280.o
 *fill*         0x0800c6ce        0x2 
 .rodata        0x0800c6d0       0x4b Inc/MPU9250_DMP/util/inv_mpu_dmp_motion_driver.o
 *(.rodata*)
 *fill*         0x0800c71b        0x1 
 .rodata.BMP280_Init.str1.4
                0x0800c71c       0xb0 Inc/BMP280/BMP280.o
 .rodata.i2c_read.str1.4
                0x0800c7cc       0x45 Inc/BMP280/BMP280.o
 *fill*         0x0800c811        0x3 
 .rodata.i2c_write.str1.4
                0x0800c814       0x42 Inc/BMP280/BMP280.o
 *fill*         0x0800c856        0x2 
 .rodata.gpsParseData.str1.4
                0x0800c858       0x14 Inc/GPS/gps.o
 .rodata.hw     0x0800c86c        0xe Inc/MPU9250_DMP/util/inv_mpu.o
                0x0800c86c                hw
 *fill*         0x0800c87a        0x2 
 .rodata.reg    0x0800c87c       0x2a Inc/MPU9250_DMP/util/inv_mpu.o
                0x0800c87c                reg
 *fill*         0x0800c8a6        0x2 
 .rodata.setup_compass.str1.4
                0x0800c8a8       0x23 Inc/MPU9250_DMP/util/inv_mpu.o
 *fill*         0x0800c8cb        0x1 
 .rodata.test   0x0800c8cc       0x30 Inc/MPU9250_DMP/util/inv_mpu.o
                0x0800c8cc                test
 .rodata.dmp_memory
                0x0800c8fc      0xbf6 Inc/MPU9250_DMP/util/inv_mpu_dmp_motion_driver.o
 *fill*         0x0800d4f2        0x2 
 .rodata.stm32_spi_read.str1.4
                0x0800d4f4       0x50 Inc/MPU9250_DMP/util/stm32_mpu9250_spi.o
 .rodata.stm32_spi_write.str1.4
                0x0800d544       0x51 Inc/MPU9250_DMP/util/stm32_mpu9250_spi.o
 *fill*         0x0800d595        0x3 
 .rodata._ZL10child_pipe
                0x0800d598        0x6 Inc/RF24/RF24.o
 *fill*         0x0800d59e        0x2 
 .rodata._ZL17child_pipe_enable
                0x0800d5a0        0x6 Inc/RF24/RF24.o
 *fill*         0x0800d5a6        0x2 
 .rodata._ZL18child_payload_size
                0x0800d5a8        0x6 Inc/RF24/RF24.o
 *fill*         0x0800d5ae        0x2 
 .rodata._ZN4RF2412read_payloadEPhh.str1.4
                0x0800d5b0       0x54 Inc/RF24/RF24.o
 .rodata._ZN4RF2413read_registerEh.str1.4
                0x0800d604       0x5e Inc/RF24/RF24.o
 *fill*         0x0800d662        0x2 
 .rodata._ZN4RF2414write_registerEhPhh.str1.4
                0x0800d664       0x56 Inc/RF24/RF24.o
 *fill*         0x0800d6ba        0x2 
 .rodata._ZN4RF2414write_registerEhh.str1.4
                0x0800d6bc       0x5f Inc/RF24/RF24.o
 *fill*         0x0800d71b        0x1 
 .rodata._ZN4RF248flush_rxEv.str1.4
                0x0800d71c       0x50 Inc/RF24/RF24.o
 .rodata._ZN4RF248flush_txEv.str1.4
                0x0800d76c       0x50 Inc/RF24/RF24.o
 .rodata.MX_CRC_Init.str1.4
                0x0800d7bc        0xd Src/crc.o
 *fill*         0x0800d7c9        0x3 
 .rodata.MX_I2C1_Init.str1.4
                0x0800d7cc        0xd Src/i2c.o
 *fill*         0x0800d7d9        0x3 
 .rodata.MX_IWDG_Init.str1.4
                0x0800d7dc        0xe Src/iwdg.o
 *fill*         0x0800d7ea        0x2 
 .rodata.SystemClock_Config.str1.4
                0x0800d7ec        0xe Src/main.o
 *fill*         0x0800d7fa        0x2 
 .rodata._Error_Handler.str1.4
                0x0800d7fc       0x24 Src/main.o
 .rodata.main.str1.4
                0x0800d820       0x31 Src/main.o
 *fill*         0x0800d851        0x3 
 .rodata.OutControl_SetValue.str1.4
                0x0800d854       0x15 Src/out_control.o
 *fill*         0x0800d869        0x3 
 .rodata.Radio_Init.str1.4
                0x0800d86c       0x36 Src/radio.o
 *fill*         0x0800d8a2        0x2 
 .rodata.Radio_Read.str1.4
                0x0800d8a4       0x2a Src/radio.o
 *fill*         0x0800d8ce        0x2 
 .rodata._Z8scan_i2cv.str1.4
                0x0800d8d0       0x5f Src/sensors.o
                                 0x63 (size before relaxing)
 *fill*         0x0800d92f        0x1 
 .rodata.MX_SPI1_Init.str1.4
                0x0800d930        0xd Src/spi.o
 *fill*         0x0800d93d        0x3 
 .rodata.AHBPrescTable
                0x0800d940       0x10 Src/system_stm32f1xx.o
                0x0800d940                AHBPrescTable
 .rodata.APBPrescTable
                0x0800d950        0x8 Src/system_stm32f1xx.o
                0x0800d950                APBPrescTable
 .rodata.MX_TIM4_Init.str1.4
                0x0800d958        0xd Src/tim.o
 *fill*         0x0800d965        0x3 
 .rodata.MX_USART1_UART_Init.str1.4
                0x0800d968       0x10 Src/usart.o
                                  0xf (size before relaxing)
 .rodata._global_impure_ptr
                0x0800d978        0x4 c:/ac6/systemworkbench/plugins/fr.ac6.mcu.externaltools.arm-none.win32_1.16.0.201807130628/tools/compiler/bin/../lib/gcc/arm-none-eabi/7.2.1/../../../../arm-none-eabi/lib/thumb/v7-m\libc_nano.a(lib_a-impure.o)
                0x0800d978                _global_impure_ptr
 .rodata._printf_float.str1.1
                0x0800d97c       0x12 c:/ac6/systemworkbench/plugins/fr.ac6.mcu.externaltools.arm-none.win32_1.16.0.201807130628/tools/compiler/bin/../lib/gcc/arm-none-eabi/7.2.1/../../../../arm-none-eabi/lib/thumb/v7-m\libc_nano.a(lib_a-nano-vfprintf_float.o)
 .rodata._printf_i.str1.1
                0x0800d98e       0x22 c:/ac6/systemworkbench/plugins/fr.ac6.mcu.externaltools.arm-none.win32_1.16.0.201807130628/tools/compiler/bin/../lib/gcc/arm-none-eabi/7.2.1/../../../../arm-none-eabi/lib/thumb/v7-m\libc_nano.a(lib_a-nano-vfprintf_i.o)
 .rodata._strtod_l.str1.1
                0x0800d9b0       0x22 c:/ac6/systemworkbench/plugins/fr.ac6.mcu.externaltools.arm-none.win32_1.16.0.201807130628/tools/compiler/bin/../lib/gcc/arm-none-eabi/7.2.1/../../../../arm-none-eabi/lib/thumb/v7-m\libc_nano.a(lib_a-strtod.o)
                                  0xc (size before relaxing)
 .rodata.fpi.6156
                0x0800d9b0       0x14 c:/ac6/systemworkbench/plugins/fr.ac6.mcu.externaltools.arm-none.win32_1.16.0.201807130628/tools/compiler/bin/../lib/gcc/arm-none-eabi/7.2.1/../../../../arm-none-eabi/lib/thumb/v7-m\libc_nano.a(lib_a-strtod.o)
 .rodata.fpinan.6192
                0x0800d9c4       0x14 c:/ac6/systemworkbench/plugins/fr.ac6.mcu.externaltools.arm-none.win32_1.16.0.201807130628/tools/compiler/bin/../lib/gcc/arm-none-eabi/7.2.1/../../../../arm-none-eabi/lib/thumb/v7-m\libc_nano.a(lib_a-strtod.o)